[INFO] Scanning for projects...
Downloading from central: https://repo.maven.apache.org/maven2/org/springframework/boot/spring-boot-starter-parent/3.2.5/spring-boot-starter-parent-3.2.5.pom
Progress (1): 1.1 kBProgress (1): 2.5 kBProgress (1): 6.6 kBProgress (1): 10 kB Progress (1): 13 kB                   Downloaded from central: https://repo.maven.apache.org/maven2/org/springframework/boot/spring-boot-starter-parent/3.2.5/spring-boot-starter-parent-3.2.5.pom (13 kB at 768 B/s)
Downloading from central: https://repo.maven.apache.org/maven2/org/springframework/boot/spring-boot-dependencies/3.2.5/spring-boot-dependencies-3.2.5.pom
Progress (1): 995 BProgress (1): 2.2 kBProgress (1): 4.4 kBProgress (1): 6.5 kBProgress (1): 8.2 kBProgress (1): 11 kB Progress (1): 16 kBProgress (1): 23 kBProgress (1): 31 kBProgress (1): 40 kBProgress (1): 45 kBProgress (1): 54 kBProgress (1): 64 kBProgress (1): 72 kBProgress (1): 84 kBProgress (1): 93 kBProgress (1): 97 kBProgress (1): 105 kBProgress (1): 111 kB                    Downloaded from central: https://repo.maven.apache.org/maven2/org/springframework/boot/spring-boot-dependencies/3.2.5/spring-boot-dependencies-3.2.5.pom (111 kB at 277 kB/s)
Downloading from central: https://repo.maven.apache.org/maven2/org/assertj/assertj-bom/3.24.2/assertj-bom-3.24.2.pom
Progress (1): 1.0 kBProgress (1): 3.0 kBProgress (1): 3.7 kB                    Downloaded from central: https://repo.maven.apache.org/maven2/org/assertj/assertj-bom/3.24.2/assertj-bom-3.24.2.pom (3.7 kB at 5.0 kB/s)
Downloading from central: https://repo.maven.apache.org/maven2/io/zipkin/brave/brave-bom/5.16.0/brave-bom-5.16.0.pom
Progress (1): 814 BProgress (1): 1.9 kBProgress (1): 5.9 kBProgress (1): 12 kB                    Downloaded from central: https://repo.maven.apache.org/maven2/io/zipkin/brave/brave-bom/5.16.0/brave-bom-5.16.0.pom (12 kB at 50 kB/s)
Downloading from central: https://repo.maven.apache.org/maven2/io/zipkin/reporter2/zipkin-reporter-bom/2.16.3/zipkin-reporter-bom-2.16.3.pom
Progress (1): 753 BProgress (1): 1.8 kBProgress (1): 5.6 kBProgress (1): 6.9 kB                    Downloaded from central: https://repo.maven.apache.org/maven2/io/zipkin/reporter2/zipkin-reporter-bom/2.16.3/zipkin-reporter-bom-2.16.3.pom (6.9 kB at 27 kB/s)
Downloading from central: https://repo.maven.apache.org/maven2/com/datastax/oss/java-driver-bom/4.17.0/java-driver-bom-4.17.0.pom
Progress (1): 844 BProgress (1): 1.8 kBProgress (1): 4.1 kB                    Downloaded from central: https://repo.maven.apache.org/maven2/com/datastax/oss/java-driver-bom/4.17.0/java-driver-bom-4.17.0.pom (4.1 kB at 29 kB/s)
Downloading from central: https://repo.maven.apache.org/maven2/io/dropwizard/metrics/metrics-bom/4.2.25/metrics-bom-4.2.25.pom
Progress (1): 6.3 kBProgress (1): 8.2 kB                    Downloaded from central: https://repo.maven.apache.org/maven2/io/dropwizard/metrics/metrics-bom/4.2.25/metrics-bom-4.2.25.pom (8.2 kB at 84 kB/s)
Downloading from central: https://repo.maven.apache.org/maven2/io/dropwizard/metrics/metrics-parent/4.2.25/metrics-parent-4.2.25.pom
Progress (1): 1.8 kBProgress (1): 3.2 kBProgress (1): 5.3 kBProgress (1): 8.5 kBProgress (1): 12 kB Progress (1): 16 kBProgress (1): 20 kBProgress (1): 21 kB                   Downloaded from central: https://repo.maven.apache.org/maven2/io/dropwizard/metrics/metrics-parent/4.2.25/metrics-parent-4.2.25.pom (21 kB at 207 kB/s)
Downloading from central: https://repo.maven.apache.org/maven2/org/glassfish/jaxb/jaxb-bom/4.0.5/jaxb-bom-4.0.5.pom
Progress (1): 849 BProgress (1): 3.3 kBProgress (1): 11 kB Progress (1): 12 kB                   Downloaded from central: https://repo.maven.apache.org/maven2/org/glassfish/jaxb/jaxb-bom/4.0.5/jaxb-bom-4.0.5.pom (12 kB at 118 kB/s)
Downloading from central: https://repo.maven.apache.org/maven2/org/eclipse/ee4j/project/1.0.9/project-1.0.9.pom
Progress (1): 876 BProgress (1): 1.8 kBProgress (1): 4.5 kBProgress (1): 6.9 kBProgress (1): 9.6 kBProgress (1): 14 kB Progress (1): 16 kB                   Downloaded from central: https://repo.maven.apache.org/maven2/org/eclipse/ee4j/project/1.0.9/project-1.0.9.pom (16 kB at 157 kB/s)
Downloading from central: https://repo.maven.apache.org/maven2/org/apache/groovy/groovy-bom/4.0.21/groovy-bom-4.0.21.pom
Progress (1): 863 BProgress (1): 2.3 kBProgress (1): 6.1 kBProgress (1): 10 kB Progress (1): 12 kBProgress (1): 16 kBProgress (1): 20 kBProgress (1): 22 kBProgress (1): 27 kB                   Downloaded from central: https://repo.maven.apache.org/maven2/org/apache/groovy/groovy-bom/4.0.21/groovy-bom-4.0.21.pom (27 kB at 36 kB/s)
Downloading from central: https://repo.maven.apache.org/maven2/org/infinispan/infinispan-bom/14.0.27.Final/infinispan-bom-14.0.27.Final.pom
Progress (1): 1.1 kBProgress (1): 8.3 kBProgress (1): 23 kB Progress (1): 25 kB                   Downloaded from central: https://repo.maven.apache.org/maven2/org/infinispan/infinispan-bom/14.0.27.Final/infinispan-bom-14.0.27.Final.pom (25 kB at 98 kB/s)
Downloading from central: https://repo.maven.apache.org/maven2/org/infinispan/infinispan-build-configuration-parent/14.0.27.Final/infinispan-build-configuration-parent-14.0.27.Final.pom
Progress (1): 1.0 kBProgress (1): 3.2 kBProgress (1): 5.5 kBProgress (1): 7.5 kBProgress (1): 9.8 kBProgress (1): 12 kB Progress (1): 14 kBProgress (1): 15 kBProgress (1): 19 kBProgress (1): 24 kB                   Downloaded from central: https://repo.maven.apache.org/maven2/org/infinispan/infinispan-build-configuration-parent/14.0.27.Final/infinispan-build-configuration-parent-14.0.27.Final.pom (24 kB at 99 kB/s)
Downloading from central: https://repo.maven.apache.org/maven2/org/jboss/jboss-parent/39/jboss-parent-39.pom
Progress (1): 701 BProgress (1): 2.1 kBProgress (1): 4.5 kBProgress (1): 6.8 kBProgress (1): 8.9 kBProgress (1): 13 kB Progress (1): 22 kBProgress (1): 22 kBProgress (1): 29 kBProgress (1): 33 kBProgress (1): 35 kBProgress (1): 38 kBProgress (1): 44 kBProgress (1): 62 kBProgress (1): 68 kB                   Downloaded from central: https://repo.maven.apache.org/maven2/org/jboss/jboss-parent/39/jboss-parent-39.pom (68 kB at 88 kB/s)
Downloading from central: https://repo.maven.apache.org/maven2/com/fasterxml/jackson/jackson-bom/2.15.4/jackson-bom-2.15.4.pom
Progress (1): 931 BProgress (1): 2.7 kBProgress (1): 8.1 kBProgress (1): 17 kB Progress (1): 18 kB                   Downloaded from central: https://repo.maven.apache.org/maven2/com/fasterxml/jackson/jackson-bom/2.15.4/jackson-bom-2.15.4.pom (18 kB at 81 kB/s)
Downloading from central: https://repo.maven.apache.org/maven2/com/fasterxml/jackson/jackson-parent/2.15/jackson-parent-2.15.pom
Progress (1): 1.1 kBProgress (1): 2.6 kBProgress (1): 4.1 kBProgress (1): 6.5 kB                    Downloaded from central: https://repo.maven.apache.org/maven2/com/fasterxml/jackson/jackson-parent/2.15/jackson-parent-2.15.pom (6.5 kB at 39 kB/s)
Downloading from central: https://repo.maven.apache.org/maven2/com/fasterxml/oss-parent/50/oss-parent-50.pom
Progress (1): 951 BProgress (1): 2.6 kBProgress (1): 4.0 kBProgress (1): 6.0 kBProgress (1): 9.7 kBProgress (1): 12 kB Progress (1): 15 kBProgress (1): 16 kBProgress (1): 19 kBProgress (1): 23 kBProgress (1): 24 kB                   Downloaded from central: https://repo.maven.apache.org/maven2/com/fasterxml/oss-parent/50/oss-parent-50.pom (24 kB at 221 kB/s)
Downloading from central: https://repo.maven.apache.org/maven2/org/glassfish/jersey/jersey-bom/3.1.6/jersey-bom-3.1.6.pom
Progress (1): 843 BProgress (1): 8.7 kBProgress (1): 20 kB Progress (1): 21 kB                   Downloaded from central: https://repo.maven.apache.org/maven2/org/glassfish/jersey/jersey-bom/3.1.6/jersey-bom-3.1.6.pom (21 kB at 209 kB/s)
Downloading from central: https://repo.maven.apache.org/maven2/org/eclipse/ee4j/project/1.0.8/project-1.0.8.pom
Progress (1): 873 BProgress (1): 2.5 kBProgress (1): 5.0 kBProgress (1): 8.2 kBProgress (1): 12 kB Progress (1): 15 kB                   Downloaded from central: https://repo.maven.apache.org/maven2/org/eclipse/ee4j/project/1.0.8/project-1.0.8.pom (15 kB at 144 kB/s)
Downloading from central: https://repo.maven.apache.org/maven2/org/eclipse/jetty/ee10/jetty-ee10-bom/12.0.8/jetty-ee10-bom-12.0.8.pom
Progress (1): 1.1 kBProgress (1): 4.5 kBProgress (1): 9.2 kB                    Downloaded from central: https://repo.maven.apache.org/maven2/org/eclipse/jetty/ee10/jetty-ee10-bom/12.0.8/jetty-ee10-bom-12.0.8.pom (9.2 kB at 89 kB/s)
Downloading from central: https://repo.maven.apache.org/maven2/org/eclipse/jetty/jetty-bom/12.0.8/jetty-bom-12.0.8.pom
Progress (1): 1.1 kBProgress (1): 4.5 kBProgress (1): 14 kB                    Downloaded from central: https://repo.maven.apache.org/maven2/org/eclipse/jetty/jetty-bom/12.0.8/jetty-bom-12.0.8.pom (14 kB at 143 kB/s)
Downloading from central: https://repo.maven.apache.org/maven2/org/junit/junit-bom/5.10.2/junit-bom-5.10.2.pom
Progress (1): 908 BProgress (1): 4.1 kBProgress (1): 5.6 kB                    Downloaded from central: https://repo.maven.apache.org/maven2/org/junit/junit-bom/5.10.2/junit-bom-5.10.2.pom (5.6 kB at 36 kB/s)
Downloading from central: https://repo.maven.apache.org/maven2/org/jetbrains/kotlin/kotlin-bom/1.9.23/kotlin-bom-1.9.23.pom
Progress (1): 908 BProgress (1): 5.3 kBProgress (1): 9.1 kB                    Downloaded from central: https://repo.maven.apache.org/maven2/org/jetbrains/kotlin/kotlin-bom/1.9.23/kotlin-bom-1.9.23.pom (9.1 kB at 89 kB/s)
Downloading from central: https://repo.maven.apache.org/maven2/org/jetbrains/kotlinx/kotlinx-coroutines-bom/1.7.3/kotlinx-coroutines-bom-1.7.3.pom
Progress (1): 1.2 kBProgress (1): 4.3 kB                    Downloaded from central: https://repo.maven.apache.org/maven2/org/jetbrains/kotlinx/kotlinx-coroutines-bom/1.7.3/kotlinx-coroutines-bom-1.7.3.pom (4.3 kB at 30 kB/s)
Downloading from central: https://repo.maven.apache.org/maven2/org/jetbrains/kotlinx/kotlinx-serialization-bom/1.6.3/kotlinx-serialization-bom-1.6.3.pom
Progress (1): 1.2 kBProgress (1): 3.7 kB                    Downloaded from central: https://repo.maven.apache.org/maven2/org/jetbrains/kotlinx/kotlinx-serialization-bom/1.6.3/kotlinx-serialization-bom-1.6.3.pom (3.7 kB at 39 kB/s)
Downloading from central: https://repo.maven.apache.org/maven2/org/apache/logging/log4j/log4j-bom/2.21.1/log4j-bom-2.21.1.pom
Progress (1): 793 BProgress (1): 2.2 kBProgress (1): 5.7 kBProgress (1): 12 kB                    Downloaded from central: https://repo.maven.apache.org/maven2/org/apache/logging/log4j/log4j-bom/2.21.1/log4j-bom-2.21.1.pom (12 kB at 81 kB/s)
Downloading from central: https://repo.maven.apache.org/maven2/org/apache/logging/logging-parent/10.1.1/logging-parent-10.1.1.pom
Progress (1): 738 BProgress (1): 2.2 kBProgress (1): 4.7 kBProgress (1): 7.1 kBProgress (1): 11 kB Progress (1): 14 kBProgress (1): 20 kBProgress (1): 21 kBProgress (1): 22 kBProgress (1): 25 kBProgress (1): 28 kBProgress (1): 30 kBProgress (1): 32 kBProgress (1): 36 kBProgress (1): 39 kB                   Downloaded from central: https://repo.maven.apache.org/maven2/org/apache/logging/logging-parent/10.1.1/logging-parent-10.1.1.pom (39 kB at 41 kB/s)
Downloading from central: https://repo.maven.apache.org/maven2/org/apache/apache/30/apache-30.pom
Progress (1): 743 BProgress (1): 2.1 kBProgress (1): 4.0 kBProgress (1): 6.3 kBProgress (1): 11 kB Progress (1): 16 kBProgress (1): 20 kBProgress (1): 21 kBProgress (1): 23 kBProgress (1): 23 kB                   Downloaded from central: https://repo.maven.apache.org/maven2/org/apache/apache/30/apache-30.pom (23 kB at 68 kB/s)
Downloading from central: https://repo.maven.apache.org/maven2/io/micrometer/micrometer-bom/1.12.5/micrometer-bom-1.12.5.pom
Progress (1): 1.0 kBProgress (1): 7.2 kBProgress (1): 7.9 kB                    Downloaded from central: https://repo.maven.apache.org/maven2/io/micrometer/micrometer-bom/1.12.5/micrometer-bom-1.12.5.pom (7.9 kB at 41 kB/s)
Downloading from central: https://repo.maven.apache.org/maven2/io/micrometer/micrometer-tracing-bom/1.2.5/micrometer-tracing-bom-1.2.5.pom
Progress (1): 1.0 kBProgress (1): 3.9 kBProgress (1): 4.5 kB                    Downloaded from central: https://repo.maven.apache.org/maven2/io/micrometer/micrometer-tracing-bom/1.2.5/micrometer-tracing-bom-1.2.5.pom (4.5 kB at 16 kB/s)
Downloading from central: https://repo.maven.apache.org/maven2/org/mockito/mockito-bom/5.7.0/mockito-bom-5.7.0.pom
Progress (1): 1.5 kBProgress (1): 3.0 kB                    Downloaded from central: https://repo.maven.apache.org/maven2/org/mockito/mockito-bom/5.7.0/mockito-bom-5.7.0.pom (3.0 kB at 30 kB/s)
Downloading from central: https://repo.maven.apache.org/maven2/io/netty/netty-bom/4.1.109.Final/netty-bom-4.1.109.Final.pom
Progress (1): 786 BProgress (1): 2.4 kBProgress (1): 12 kB Progress (1): 14 kB                   Downloaded from central: https://repo.maven.apache.org/maven2/io/netty/netty-bom/4.1.109.Final/netty-bom-4.1.109.Final.pom (14 kB at 38 kB/s)
Downloading from central: https://repo.maven.apache.org/maven2/org/sonatype/oss/oss-parent/7/oss-parent-7.pom
Progress (1): 848 BProgress (1): 2.5 kBProgress (1): 4.8 kB                    Downloaded from central: https://repo.maven.apache.org/maven2/org/sonatype/oss/oss-parent/7/oss-parent-7.pom (4.8 kB at 49 kB/s)
Downloading from central: https://repo.maven.apache.org/maven2/com/squareup/okhttp3/okhttp-bom/4.12.0/okhttp-bom-4.12.0.pom
Progress (1): 931 BProgress (1): 3.1 kB                    Downloaded from central: https://repo.maven.apache.org/maven2/com/squareup/okhttp3/okhttp-bom/4.12.0/okhttp-bom-4.12.0.pom (3.1 kB at 15 kB/s)
Downloading from central: https://repo.maven.apache.org/maven2/io/opentelemetry/opentelemetry-bom/1.31.0/opentelemetry-bom-1.31.0.pom
Progress (1): 956 BProgress (1): 7.0 kB                    Downloaded from central: https://repo.maven.apache.org/maven2/io/opentelemetry/opentelemetry-bom/1.31.0/opentelemetry-bom-1.31.0.pom (7.0 kB at 53 kB/s)
Downloading from central: https://repo.maven.apache.org/maven2/com/oracle/database/jdbc/ojdbc-bom/21.9.0.0/ojdbc-bom-21.9.0.0.pom
Progress (1): 902 BProgress (1): 3.8 kBProgress (1): 8.6 kBProgress (1): 13 kB                    Downloaded from central: https://repo.maven.apache.org/maven2/com/oracle/database/jdbc/ojdbc-bom/21.9.0.0/ojdbc-bom-21.9.0.0.pom (13 kB at 57 kB/s)
Downloading from central: https://repo.maven.apache.org/maven2/io/prometheus/simpleclient_bom/0.16.0/simpleclient_bom-0.16.0.pom
Progress (1): 1.9 kBProgress (1): 6.0 kB                    Downloaded from central: https://repo.maven.apache.org/maven2/io/prometheus/simpleclient_bom/0.16.0/simpleclient_bom-0.16.0.pom (6.0 kB at 60 kB/s)
Downloading from central: https://repo.maven.apache.org/maven2/io/prometheus/parent/0.16.0/parent-0.16.0.pom
Progress (1): 1.1 kBProgress (1): 3.4 kBProgress (1): 7.9 kBProgress (1): 13 kB                    Downloaded from central: https://repo.maven.apache.org/maven2/io/prometheus/parent/0.16.0/parent-0.16.0.pom (13 kB at 72 kB/s)
Downloading from central: https://repo.maven.apache.org/maven2/com/querydsl/querydsl-bom/5.0.0/querydsl-bom-5.0.0.pom
Progress (1): 1.2 kBProgress (1): 6.8 kBProgress (1): 7.2 kB                    Downloaded from central: https://repo.maven.apache.org/maven2/com/querydsl/querydsl-bom/5.0.0/querydsl-bom-5.0.0.pom (7.2 kB at 17 kB/s)
Downloading from central: https://repo.maven.apache.org/maven2/io/projectreactor/reactor-bom/2023.0.5/reactor-bom-2023.0.5.pom
Progress (1): 907 BProgress (1): 4.3 kBProgress (1): 4.8 kB                    Downloaded from central: https://repo.maven.apache.org/maven2/io/projectreactor/reactor-bom/2023.0.5/reactor-bom-2023.0.5.pom (4.8 kB at 43 kB/s)
Downloading from central: https://repo.maven.apache.org/maven2/io/rest-assured/rest-assured-bom/5.3.2/rest-assured-bom-5.3.2.pom
Progress (1): 1.2 kBProgress (1): 4.3 kB                    Downloaded from central: https://repo.maven.apache.org/maven2/io/rest-assured/rest-assured-bom/5.3.2/rest-assured-bom-5.3.2.pom (4.3 kB at 43 kB/s)
Downloading from central: https://repo.maven.apache.org/maven2/io/rsocket/rsocket-bom/1.1.3/rsocket-bom-1.1.3.pom
Progress (1): 1.2 kBProgress (1): 2.6 kB                    Downloaded from central: https://repo.maven.apache.org/maven2/io/rsocket/rsocket-bom/1.1.3/rsocket-bom-1.1.3.pom (2.6 kB at 27 kB/s)
Downloading from central: https://repo.maven.apache.org/maven2/org/seleniumhq/selenium/selenium-bom/4.14.1/selenium-bom-4.14.1.pom
Progress (1): 1.1 kBProgress (1): 6.0 kB                    Downloaded from central: https://repo.maven.apache.org/maven2/org/seleniumhq/selenium/selenium-bom/4.14.1/selenium-bom-4.14.1.pom (6.0 kB at 42 kB/s)
Downloading from central: https://repo.maven.apache.org/maven2/org/springframework/amqp/spring-amqp-bom/3.1.4/spring-amqp-bom-3.1.4.pom
Progress (1): 963 BProgress (1): 3.9 kB                    Downloaded from central: https://repo.maven.apache.org/maven2/org/springframework/amqp/spring-amqp-bom/3.1.4/spring-amqp-bom-3.1.4.pom (3.9 kB at 14 kB/s)
Downloading from central: https://repo.maven.apache.org/maven2/org/springframework/batch/spring-batch-bom/5.1.1/spring-batch-bom-5.1.1.pom
Progress (1): 1.2 kBProgress (1): 3.2 kB                    Downloaded from central: https://repo.maven.apache.org/maven2/org/springframework/batch/spring-batch-bom/5.1.1/spring-batch-bom-5.1.1.pom (3.2 kB at 5.1 kB/s)
Downloading from central: https://repo.maven.apache.org/maven2/org/springframework/data/spring-data-bom/2023.1.5/spring-data-bom-2023.1.5.pom
Progress (1): 961 BProgress (1): 2.5 kBProgress (1): 5.5 kB                    Downloaded from central: https://repo.maven.apache.org/maven2/org/springframework/data/spring-data-bom/2023.1.5/spring-data-bom-2023.1.5.pom (5.5 kB at 25 kB/s)
Downloading from central: https://repo.maven.apache.org/maven2/org/springframework/spring-framework-bom/6.1.6/spring-framework-bom-6.1.6.pom
Progress (1): 978 BProgress (1): 5.8 kB                    Downloaded from central: https://repo.maven.apache.org/maven2/org/springframework/spring-framework-bom/6.1.6/spring-framework-bom-6.1.6.pom (5.8 kB at 24 kB/s)
Downloading from central: https://repo.maven.apache.org/maven2/org/springframework/integration/spring-integration-bom/6.2.4/spring-integration-bom-6.2.4.pom
Progress (1): 962 BProgress (1): 6.9 kBProgress (1): 10 kB                    Downloaded from central: https://repo.maven.apache.org/maven2/org/springframework/integration/spring-integration-bom/6.2.4/spring-integration-bom-6.2.4.pom (10 kB at 15 kB/s)
Downloading from central: https://repo.maven.apache.org/maven2/org/springframework/pulsar/spring-pulsar-bom/1.0.5/spring-pulsar-bom-1.0.5.pom
Progress (1): 959 BProgress (1): 2.7 kB                    Downloaded from central: https://repo.maven.apache.org/maven2/org/springframework/pulsar/spring-pulsar-bom/1.0.5/spring-pulsar-bom-1.0.5.pom (2.7 kB at 29 kB/s)
Downloading from central: https://repo.maven.apache.org/maven2/org/springframework/restdocs/spring-restdocs-bom/3.0.1/spring-restdocs-bom-3.0.1.pom
Progress (1): 1.1 kBProgress (1): 2.6 kB                    Downloaded from central: https://repo.maven.apache.org/maven2/org/springframework/restdocs/spring-restdocs-bom/3.0.1/spring-restdocs-bom-3.0.1.pom (2.6 kB at 5.0 kB/s)
Downloading from central: https://repo.maven.apache.org/maven2/org/springframework/security/spring-security-bom/6.2.4/spring-security-bom-6.2.4.pom
Progress (1): 973 BProgress (1): 5.3 kB                    Downloaded from central: https://repo.maven.apache.org/maven2/org/springframework/security/spring-security-bom/6.2.4/spring-security-bom-6.2.4.pom (5.3 kB at 8.9 kB/s)
Downloading from central: https://repo.maven.apache.org/maven2/org/springframework/session/spring-session-bom/3.2.2/spring-session-bom-3.2.2.pom
Progress (1): 1.0 kBProgress (1): 2.9 kB                    Downloaded from central: https://repo.maven.apache.org/maven2/org/springframework/session/spring-session-bom/3.2.2/spring-session-bom-3.2.2.pom (2.9 kB at 5.9 kB/s)
Downloading from central: https://repo.maven.apache.org/maven2/org/springframework/ws/spring-ws-bom/4.0.10/spring-ws-bom-4.0.10.pom
Progress (1): 1.0 kBProgress (1): 2.7 kBProgress (1): 3.5 kB                    Downloaded from central: https://repo.maven.apache.org/maven2/org/springframework/ws/spring-ws-bom/4.0.10/spring-ws-bom-4.0.10.pom (3.5 kB at 4.3 kB/s)
Downloading from central: https://repo.maven.apache.org/maven2/org/testcontainers/testcontainers-bom/1.19.7/testcontainers-bom-1.19.7.pom
Progress (1): 1.2 kBProgress (1): 10 kB                    Downloaded from central: https://repo.maven.apache.org/maven2/org/testcontainers/testcontainers-bom/1.19.7/testcontainers-bom-1.19.7.pom (10 kB at 71 kB/s)
[INFO] ------------------------------------------------------------------------
[INFO] Reactor Build Order:
[INFO] 
[INFO] restaurant-inventory-system                                        [pom]
[INFO] domain                                                             [jar]
[INFO] application                                                        [jar]
[INFO] infrastructure                                                     [jar]
[INFO] api                                                                [jar]
[INFO] 
[INFO] -------------< com.restaurant:restaurant-inventory-system >-------------
[INFO] Building restaurant-inventory-system 1.0.0-SNAPSHOT                [1/5]
[INFO]   from pom.xml
[INFO] --------------------------------[ pom ]---------------------------------
Downloading from central: https://repo.maven.apache.org/maven2/org/apache/maven/plugins/maven-clean-plugin/3.3.2/maven-clean-plugin-3.3.2.pom
Progress (1): 798 BProgress (1): 2.3 kBProgress (1): 4.9 kBProgress (1): 5.3 kB                    Downloaded from central: https://repo.maven.apache.org/maven2/org/apache/maven/plugins/maven-clean-plugin/3.3.2/maven-clean-plugin-3.3.2.pom (5.3 kB at 48 kB/s)
Downloading from central: https://repo.maven.apache.org/maven2/org/apache/maven/plugins/maven-plugins/40/maven-plugins-40.pom
Progress (1): 773 BProgress (1): 2.4 kBProgress (1): 4.9 kBProgress (1): 7.5 kBProgress (1): 8.1 kB                    Downloaded from central: https://repo.maven.apache.org/maven2/org/apache/maven/plugins/maven-plugins/40/maven-plugins-40.pom (8.1 kB at 65 kB/s)
Downloading from central: https://repo.maven.apache.org/maven2/org/apache/maven/maven-parent/40/maven-parent-40.pom
Progress (1): 727 BProgress (1): 1.9 kBProgress (1): 5.5 kBProgress (1): 9.9 kBProgress (1): 14 kB Progress (1): 19 kBProgress (1): 23 kBProgress (1): 26 kBProgress (1): 28 kBProgress (1): 31 kBProgress (1): 35 kBProgress (1): 38 kBProgress (1): 40 kBProgress (1): 43 kBProgress (1): 48 kBProgress (1): 49 kBProgress (1): 49 kB                   Downloaded from central: https://repo.maven.apache.org/maven2/org/apache/maven/maven-parent/40/maven-parent-40.pom (49 kB at 453 kB/s)
Downloading from central: https://repo.maven.apache.org/maven2/org/apache/maven/plugins/maven-clean-plugin/3.3.2/maven-clean-plugin-3.3.2.jar
Progress (1): 3.1/36 kBProgress (1): 20/36 kB Progress (1): 36/36 kBProgress (1): 36 kB                      Downloaded from central: https://repo.maven.apache.org/maven2/org/apache/maven/plugins/maven-clean-plugin/3.3.2/maven-clean-plugin-3.3.2.jar (36 kB at 363 kB/s)
[INFO] 
[INFO] --- clean:3.3.2:clean (default-clean) @ restaurant-inventory-system ---
Downloading from central: https://repo.maven.apache.org/maven2/org/codehaus/plexus/plexus-utils/4.0.0/plexus-utils-4.0.0.pom
Progress (1): 724 BProgress (1): 2.3 kBProgress (1): 4.5 kBProgress (1): 8.7 kB                    Downloaded from central: https://repo.maven.apache.org/maven2/org/codehaus/plexus/plexus-utils/4.0.0/plexus-utils-4.0.0.pom (8.7 kB at 35 kB/s)
Downloading from central: https://repo.maven.apache.org/maven2/org/codehaus/plexus/plexus/13/plexus-13.pom
Progress (1): 693 BProgress (1): 2.5 kBProgress (1): 6.4 kBProgress (1): 8.9 kBProgress (1): 11 kB Progress (1): 14 kBProgress (1): 18 kBProgress (1): 21 kBProgress (1): 26 kBProgress (1): 27 kB                   Downloaded from central: https://repo.maven.apache.org/maven2/org/codehaus/plexus/plexus/13/plexus-13.pom (27 kB at 266 kB/s)
Downloading from central: https://repo.maven.apache.org/maven2/org/junit/junit-bom/5.9.3/junit-bom-5.9.3.pom
Progress (1): 907 BProgress (1): 4.1 kBProgress (1): 5.6 kB                    Downloaded from central: https://repo.maven.apache.org/maven2/org/junit/junit-bom/5.9.3/junit-bom-5.9.3.pom (5.6 kB at 48 kB/s)
Downloading from central: https://repo.maven.apache.org/maven2/org/codehaus/plexus/plexus-utils/4.0.0/plexus-utils-4.0.0.jar
Progress (1): 7.7/192 kBProgress (1): 11/192 kB Progress (1): 28/192 kBProgress (1): 44/192 kBProgress (1): 60/192 kBProgress (1): 77/192 kBProgress (1): 93/192 kBProgress (1): 110/192 kBProgress (1): 126/192 kBProgress (1): 131/192 kBProgress (1): 147/192 kBProgress (1): 164/192 kBProgress (1): 180/192 kBProgress (1): 192 kB                        Downloaded from central: https://repo.maven.apache.org/maven2/org/codehaus/plexus/plexus-utils/4.0.0/plexus-utils-4.0.0.jar (192 kB at 802 kB/s)
[INFO] 
[INFO] -----------------------< com.restaurant:domain >------------------------
[INFO] Building domain 1.0.0-SNAPSHOT                                     [2/5]
[INFO]   from domain/pom.xml
[INFO] --------------------------------[ jar ]---------------------------------
Downloading from central: https://repo.maven.apache.org/maven2/org/apache/maven/plugins/maven-resources-plugin/3.3.1/maven-resources-plugin-3.3.1.pom
Progress (1): 767 BProgress (1): 2.2 kBProgress (1): 4.9 kBProgress (1): 7.5 kBProgress (1): 8.2 kB                    Downloaded from central: https://repo.maven.apache.org/maven2/org/apache/maven/plugins/maven-resources-plugin/3.3.1/maven-resources-plugin-3.3.1.pom (8.2 kB at 55 kB/s)
Downloading from central: https://repo.maven.apache.org/maven2/org/apache/maven/plugins/maven-plugins/39/maven-plugins-39.pom
Progress (1): 773 BProgress (1): 2.3 kBProgress (1): 4.9 kBProgress (1): 7.4 kBProgress (1): 8.1 kB                    Downloaded from central: https://repo.maven.apache.org/maven2/org/apache/maven/plugins/maven-plugins/39/maven-plugins-39.pom (8.1 kB at 80 kB/s)
Downloading from central: https://repo.maven.apache.org/maven2/org/apache/maven/maven-parent/39/maven-parent-39.pom
Progress (1): 724 BProgress (1): 1.9 kBProgress (1): 5.5 kBProgress (1): 9.8 kBProgress (1): 14 kB Progress (1): 19 kBProgress (1): 23 kBProgress (1): 26 kBProgress (1): 28 kBProgress (1): 31 kBProgress (1): 34 kBProgress (1): 37 kBProgress (1): 40 kBProgress (1): 43 kBProgress (1): 48 kB                   Downloaded from central: https://repo.maven.apache.org/maven2/org/apache/maven/maven-parent/39/maven-parent-39.pom (48 kB at 432 kB/s)
Downloading from central: https://repo.maven.apache.org/maven2/org/apache/apache/29/apache-29.pom
Progress (1): 741 BProgress (1): 2.1 kBProgress (1): 3.9 kBProgress (1): 6.9 kBProgress (1): 12 kB Progress (1): 16 kBProgress (1): 19 kBProgress (1): 21 kB                   Downloaded from central: https://repo.maven.apache.org/maven2/org/apache/apache/29/apache-29.pom (21 kB at 197 kB/s)
Downloading from central: https://repo.maven.apache.org/maven2/org/apache/maven/plugins/maven-resources-plugin/3.3.1/maven-resources-plugin-3.3.1.jar
Progress (1): 7.7/31 kBProgress (1): 16/31 kB Progress (1): 31 kB                      Downloaded from central: https://repo.maven.apache.org/maven2/org/apache/maven/plugins/maven-resources-plugin/3.3.1/maven-resources-plugin-3.3.1.jar (31 kB at 316 kB/s)
Downloading from central: https://repo.maven.apache.org/maven2/org/apache/maven/plugins/maven-compiler-plugin/3.11.0/maven-compiler-plugin-3.11.0.pom
Progress (1): 763 BProgress (1): 2.2 kBProgress (1): 3.9 kBProgress (1): 7.6 kBProgress (1): 9.8 kB                    Downloaded from central: https://repo.maven.apache.org/maven2/org/apache/maven/plugins/maven-compiler-plugin/3.11.0/maven-compiler-plugin-3.11.0.pom (9.8 kB at 100 kB/s)
Downloading from central: https://repo.maven.apache.org/maven2/org/apache/maven/plugins/maven-compiler-plugin/3.11.0/maven-compiler-plugin-3.11.0.jar
Progress (1): 7.7/66 kBProgress (1): 16/66 kB Progress (1): 32/66 kBProgress (1): 49/66 kBProgress (1): 65/66 kBProgress (1): 66 kB                      Downloaded from central: https://repo.maven.apache.org/maven2/org/apache/maven/plugins/maven-compiler-plugin/3.11.0/maven-compiler-plugin-3.11.0.jar (66 kB at 608 kB/s)
Downloading from central: https://repo.maven.apache.org/maven2/org/projectlombok/lombok/1.18.32/lombok-1.18.32.pom
Progress (1): 1.1 kBProgress (1): 1.5 kB                    Downloaded from central: https://repo.maven.apache.org/maven2/org/projectlombok/lombok/1.18.32/lombok-1.18.32.pom (1.5 kB at 15 kB/s)
Downloading from central: https://repo.maven.apache.org/maven2/org/springframework/spring-context/6.1.6/spring-context-6.1.6.pom
Progress (1): 1.1 kBProgress (1): 2.8 kB                    Downloaded from central: https://repo.maven.apache.org/maven2/org/springframework/spring-context/6.1.6/spring-context-6.1.6.pom (2.8 kB at 29 kB/s)
Downloading from central: https://repo.maven.apache.org/maven2/org/springframework/spring-aop/6.1.6/spring-aop-6.1.6.pom
Progress (1): 1.1 kBProgress (1): 2.2 kB                    Downloaded from central: https://repo.maven.apache.org/maven2/org/springframework/spring-aop/6.1.6/spring-aop-6.1.6.pom (2.2 kB at 8.1 kB/s)
Downloading from central: https://repo.maven.apache.org/maven2/org/springframework/spring-beans/6.1.6/spring-beans-6.1.6.pom
Progress (1): 1.1 kBProgress (1): 2.0 kB                    Downloaded from central: https://repo.maven.apache.org/maven2/org/springframework/spring-beans/6.1.6/spring-beans-6.1.6.pom (2.0 kB at 12 kB/s)
Downloading from central: https://repo.maven.apache.org/maven2/org/springframework/spring-core/6.1.6/spring-core-6.1.6.pom
Progress (1): 1.1 kBProgress (1): 2.0 kB                    Downloaded from central: https://repo.maven.apache.org/maven2/org/springframework/spring-core/6.1.6/spring-core-6.1.6.pom (2.0 kB at 18 kB/s)
Downloading from central: https://repo.maven.apache.org/maven2/org/springframework/spring-jcl/6.1.6/spring-jcl-6.1.6.pom
Progress (1): 1.1 kBProgress (1): 1.8 kB                    Downloaded from central: https://repo.maven.apache.org/maven2/org/springframework/spring-jcl/6.1.6/spring-jcl-6.1.6.pom (1.8 kB at 20 kB/s)
Downloading from central: https://repo.maven.apache.org/maven2/org/springframework/spring-expression/6.1.6/spring-expression-6.1.6.pom
Progress (1): 1.1 kBProgress (1): 2.1 kB                    Downloaded from central: https://repo.maven.apache.org/maven2/org/springframework/spring-expression/6.1.6/spring-expression-6.1.6.pom (2.1 kB at 22 kB/s)
Downloading from central: https://repo.maven.apache.org/maven2/io/micrometer/micrometer-observation/1.12.5/micrometer-observation-1.12.5.pom
Progress (1): 1.1 kBProgress (1): 3.4 kBProgress (1): 3.8 kB                    Downloaded from central: https://repo.maven.apache.org/maven2/io/micrometer/micrometer-observation/1.12.5/micrometer-observation-1.12.5.pom (3.8 kB at 31 kB/s)
Downloading from central: https://repo.maven.apache.org/maven2/io/micrometer/micrometer-commons/1.12.5/micrometer-commons-1.12.5.pom
Progress (1): 1.1 kBProgress (1): 3.1 kBProgress (1): 3.4 kB                    Downloaded from central: https://repo.maven.apache.org/maven2/io/micrometer/micrometer-commons/1.12.5/micrometer-commons-1.12.5.pom (3.4 kB at 36 kB/s)
Downloading from central: https://repo.maven.apache.org/maven2/org/springframework/data/spring-data-commons/3.2.5/spring-data-commons-3.2.5.pom
Progress (1): 1.2 kBProgress (1): 5.3 kBProgress (1): 9.2 kBProgress (1): 9.9 kB                    Downloaded from central: https://repo.maven.apache.org/maven2/org/springframework/data/spring-data-commons/3.2.5/spring-data-commons-3.2.5.pom (9.9 kB at 16 kB/s)
Downloading from central: https://repo.maven.apache.org/maven2/org/springframework/data/build/spring-data-parent/3.2.5/spring-data-parent-3.2.5.pom
Progress (1): 731 BProgress (1): 2.3 kBProgress (1): 3.4 kBProgress (1): 4.7 kBProgress (1): 6.2 kBProgress (1): 8.4 kBProgress (1): 12 kB Progress (1): 15 kBProgress (1): 18 kBProgress (1): 21 kBProgress (1): 28 kBProgress (1): 32 kBProgress (1): 36 kBProgress (1): 40 kBProgress (1): 40 kB                   Downloaded from central: https://repo.maven.apache.org/maven2/org/springframework/data/build/spring-data-parent/3.2.5/spring-data-parent-3.2.5.pom (40 kB at 46 kB/s)
Downloading from central: https://repo.maven.apache.org/maven2/org/springframework/data/build/spring-data-build/3.2.5/spring-data-build-3.2.5.pom
Progress (1): 954 BProgress (1): 2.5 kBProgress (1): 4.6 kBProgress (1): 7.1 kBProgress (1): 7.2 kB                    Downloaded from central: https://repo.maven.apache.org/maven2/org/springframework/data/build/spring-data-build/3.2.5/spring-data-build-3.2.5.pom (7.2 kB at 5.1 kB/s)
Downloading from central: https://repo.maven.apache.org/maven2/org/slf4j/slf4j-api/2.0.13/slf4j-api-2.0.13.pom
Progress (1): 1.1 kBProgress (1): 2.8 kB                    Downloaded from central: https://repo.maven.apache.org/maven2/org/slf4j/slf4j-api/2.0.13/slf4j-api-2.0.13.pom (2.8 kB at 2.5 kB/s)
Downloading from central: https://repo.maven.apache.org/maven2/org/slf4j/slf4j-parent/2.0.13/slf4j-parent-2.0.13.pom
Progress (1): 953 BProgress (1): 3.2 kBProgress (1): 6.0 kBProgress (1): 8.2 kBProgress (1): 11 kB Progress (1): 13 kB                   Downloaded from central: https://repo.maven.apache.org/maven2/org/slf4j/slf4j-parent/2.0.13/slf4j-parent-2.0.13.pom (13 kB at 6.4 kB/s)
Downloading from central: https://repo.maven.apache.org/maven2/org/slf4j/slf4j-bom/2.0.13/slf4j-bom-2.0.13.pom
Progress (1): 1.0 kBProgress (1): 4.6 kBProgress (1): 7.3 kBProgress (1): 7.3 kB                    Downloaded from central: https://repo.maven.apache.org/maven2/org/slf4j/slf4j-bom/2.0.13/slf4j-bom-2.0.13.pom (7.3 kB at 3.9 kB/s)
Downloading from central: https://repo.maven.apache.org/maven2/org/springframework/data/spring-data-relational/3.2.5/spring-data-relational-3.2.5.pom
Progress (1): 1.6 kBProgress (1): 2.7 kB                    Downloaded from central: https://repo.maven.apache.org/maven2/org/springframework/data/spring-data-relational/3.2.5/spring-data-relational-3.2.5.pom (2.7 kB at 1.2 kB/s)
Downloading from central: https://repo.maven.apache.org/maven2/org/springframework/data/spring-data-relational-parent/3.2.5/spring-data-relational-parent-3.2.5.pom
Progress (1): 1.1 kBProgress (1): 2.5 kBProgress (1): 5.0 kBProgress (1): 8.5 kBProgress (1): 8.6 kB                    Downloaded from central: https://repo.maven.apache.org/maven2/org/springframework/data/spring-data-relational-parent/3.2.5/spring-data-relational-parent-3.2.5.pom (8.6 kB at 8.7 kB/s)
Downloading from central: https://repo.maven.apache.org/maven2/org/springframework/spring-tx/6.1.6/spring-tx-6.1.6.pom
Progress (1): 1.1 kBProgress (1): 2.2 kB                    Downloaded from central: https://repo.maven.apache.org/maven2/org/springframework/spring-tx/6.1.6/spring-tx-6.1.6.pom (2.2 kB at 861 B/s)
Downloading from central: https://repo.maven.apache.org/maven2/com/github/jsqlparser/jsqlparser/4.6/jsqlparser-4.6.pom
Progress (1): 1.1 kBProgress (1): 3.8 kBProgress (1): 6.0 kBProgress (1): 11 kB Progress (1): 16 kBProgress (1): 18 kBProgress (1): 22 kBProgress (1): 25 kBProgress (1): 26 kB                   Downloaded from central: https://repo.maven.apache.org/maven2/com/github/jsqlparser/jsqlparser/4.6/jsqlparser-4.6.pom (26 kB at 19 kB/s)
Downloading from central: https://repo.maven.apache.org/maven2/jakarta/persistence/jakarta.persistence-api/3.1.0/jakarta.persistence-api-3.1.0.pom
Progress (1): 862 BProgress (1): 3.0 kBProgress (1): 6.5 kBProgress (1): 10.0 kBProgress (1): 13 kB  Progress (1): 16 kB                   Downloaded from central: https://repo.maven.apache.org/maven2/jakarta/persistence/jakarta.persistence-api/3.1.0/jakarta.persistence-api-3.1.0.pom (16 kB at 12 kB/s)
Downloading from central: https://repo.maven.apache.org/maven2/org/eclipse/ee4j/project/1.0.7/project-1.0.7.pom
Progress (1): 837 BProgress (1): 2.5 kBProgress (1): 5.0 kBProgress (1): 8.0 kBProgress (1): 13 kB Progress (1): 14 kB                   Downloaded from central: https://repo.maven.apache.org/maven2/org/eclipse/ee4j/project/1.0.7/project-1.0.7.pom (14 kB at 7.0 kB/s)
Downloading from central: https://repo.maven.apache.org/maven2/org/junit/jupiter/junit-jupiter/5.10.2/junit-jupiter-5.10.2.pom
Progress (1): 944 BProgress (1): 3.2 kB                    Downloaded from central: https://repo.maven.apache.org/maven2/org/junit/jupiter/junit-jupiter/5.10.2/junit-jupiter-5.10.2.pom (3.2 kB at 20 kB/s)
Downloading from central: https://repo.maven.apache.org/maven2/org/junit/jupiter/junit-jupiter-api/5.10.2/junit-jupiter-api-5.10.2.pom
Progress (1): 954 BProgress (1): 3.2 kB                    Downloaded from central: https://repo.maven.apache.org/maven2/org/junit/jupiter/junit-jupiter-api/5.10.2/junit-jupiter-api-5.10.2.pom (3.2 kB at 24 kB/s)
Downloading from central: https://repo.maven.apache.org/maven2/org/opentest4j/opentest4j/1.3.0/opentest4j-1.3.0.pom
Progress (1): 996 BProgress (1): 2.0 kB                    Downloaded from central: https://repo.maven.apache.org/maven2/org/opentest4j/opentest4j/1.3.0/opentest4j-1.3.0.pom (2.0 kB at 10 kB/s)
Downloading from central: https://repo.maven.apache.org/maven2/org/junit/platform/junit-platform-commons/1.10.2/junit-platform-commons-1.10.2.pom
Progress (1): 966 BProgress (1): 2.8 kB                    Downloaded from central: https://repo.maven.apache.org/maven2/org/junit/platform/junit-platform-commons/1.10.2/junit-platform-commons-1.10.2.pom (2.8 kB at 14 kB/s)
Downloading from central: https://repo.maven.apache.org/maven2/org/apiguardian/apiguardian-api/1.1.2/apiguardian-api-1.1.2.pom
Progress (1): 1.0 kBProgress (1): 1.5 kB                    Downloaded from central: https://repo.maven.apache.org/maven2/org/apiguardian/apiguardian-api/1.1.2/apiguardian-api-1.1.2.pom (1.5 kB at 15 kB/s)
Downloading from central: https://repo.maven.apache.org/maven2/org/junit/jupiter/junit-jupiter-params/5.10.2/junit-jupiter-params-5.10.2.pom
Progress (1): 964 BProgress (1): 3.0 kB                    Downloaded from central: https://repo.maven.apache.org/maven2/org/junit/jupiter/junit-jupiter-params/5.10.2/junit-jupiter-params-5.10.2.pom (3.0 kB at 32 kB/s)
Downloading from central: https://repo.maven.apache.org/maven2/org/junit/jupiter/junit-jupiter-engine/5.10.2/junit-jupiter-engine-5.10.2.pom
Progress (1): 963 BProgress (1): 3.2 kB                    Downloaded from central: https://repo.maven.apache.org/maven2/org/junit/jupiter/junit-jupiter-engine/5.10.2/junit-jupiter-engine-5.10.2.pom (3.2 kB at 34 kB/s)
Downloading from central: https://repo.maven.apache.org/maven2/org/junit/platform/junit-platform-engine/1.10.2/junit-platform-engine-1.10.2.pom
Progress (1): 957 BProgress (1): 3.2 kB                    Downloaded from central: https://repo.maven.apache.org/maven2/org/junit/platform/junit-platform-engine/1.10.2/junit-platform-engine-1.10.2.pom (3.2 kB at 23 kB/s)
Downloading from central: https://repo.maven.apache.org/maven2/org/mockito/mockito-junit-jupiter/5.11.0/mockito-junit-jupiter-5.11.0.pom
Progress (1): 1.6 kBProgress (1): 2.3 kB                    Downloaded from central: https://repo.maven.apache.org/maven2/org/mockito/mockito-junit-jupiter/5.11.0/mockito-junit-jupiter-5.11.0.pom (2.3 kB at 24 kB/s)
Downloading from central: https://repo.maven.apache.org/maven2/org/mockito/mockito-core/5.7.0/mockito-core-5.7.0.pom
Progress (1): 1.6 kBProgress (1): 2.5 kB                    Downloaded from central: https://repo.maven.apache.org/maven2/org/mockito/mockito-core/5.7.0/mockito-core-5.7.0.pom (2.5 kB at 26 kB/s)
Downloading from central: https://repo.maven.apache.org/maven2/net/bytebuddy/byte-buddy/1.14.13/byte-buddy-1.14.13.pom
Progress (1): 959 BProgress (1): 3.7 kBProgress (1): 7.0 kBProgress (1): 14 kB Progress (1): 16 kB                   Downloaded from central: https://repo.maven.apache.org/maven2/net/bytebuddy/byte-buddy/1.14.13/byte-buddy-1.14.13.pom (16 kB at 161 kB/s)
Downloading from central: https://repo.maven.apache.org/maven2/net/bytebuddy/byte-buddy-parent/1.14.13/byte-buddy-parent-1.14.13.pom
Progress (1): 905 BProgress (1): 2.2 kBProgress (1): 4.0 kBProgress (1): 6.6 kBProgress (1): 8.2 kBProgress (1): 10 kB Progress (1): 13 kBProgress (1): 17 kBProgress (1): 22 kBProgress (1): 25 kBProgress (1): 36 kBProgress (1): 47 kBProgress (1): 52 kBProgress (1): 57 kBProgress (1): 63 kB                   Downloaded from central: https://repo.maven.apache.org/maven2/net/bytebuddy/byte-buddy-parent/1.14.13/byte-buddy-parent-1.14.13.pom (63 kB at 609 kB/s)
Downloading from central: https://repo.maven.apache.org/maven2/net/bytebuddy/byte-buddy-agent/1.14.13/byte-buddy-agent-1.14.13.pom
Progress (1): 1.2 kBProgress (1): 3.6 kBProgress (1): 6.2 kBProgress (1): 10 kB                    Downloaded from central: https://repo.maven.apache.org/maven2/net/bytebuddy/byte-buddy-agent/1.14.13/byte-buddy-agent-1.14.13.pom (10 kB at 67 kB/s)
Downloading from central: https://repo.maven.apache.org/maven2/org/objenesis/objenesis/3.3/objenesis-3.3.pom
Progress (1): 795 BProgress (1): 2.5 kBProgress (1): 3.0 kB                    Downloaded from central: https://repo.maven.apache.org/maven2/org/objenesis/objenesis/3.3/objenesis-3.3.pom (3.0 kB at 29 kB/s)
Downloading from central: https://repo.maven.apache.org/maven2/org/objenesis/objenesis-parent/3.3/objenesis-parent-3.3.pom
Progress (1): 741 BProgress (1): 2.3 kBProgress (1): 4.5 kBProgress (1): 6.6 kBProgress (1): 10 kB Progress (1): 13 kBProgress (1): 18 kBProgress (1): 19 kB                   Downloaded from central: https://repo.maven.apache.org/maven2/org/objenesis/objenesis-parent/3.3/objenesis-parent-3.3.pom (19 kB at 171 kB/s)
Downloading from central: https://repo.maven.apache.org/maven2/org/assertj/assertj-core/3.25.3/assertj-core-3.25.3.pom
Progress (1): 1.1 kBProgress (1): 3.8 kB                    Downloaded from central: https://repo.maven.apache.org/maven2/org/assertj/assertj-core/3.25.3/assertj-core-3.25.3.pom (3.8 kB at 39 kB/s)
Downloading from central: https://repo.maven.apache.org/maven2/org/projectlombok/lombok/1.18.32/lombok-1.18.32.jar
Progress (1): 0/2.0 MBProgress (1): 0/2.0 MBProgress (1): 0/2.0 MBProgress (1): 0/2.0 MBProgress (1): 0.1/2.0 MBProgress (1): 0.1/2.0 MBProgress (1): 0.1/2.0 MBProgress (1): 0.1/2.0 MBProgress (1): 0.1/2.0 MBProgress (1): 0.1/2.0 MBProgress (1): 0.2/2.0 MBProgress (1): 0.2/2.0 MBProgress (1): 0.2/2.0 MBProgress (1): 0.2/2.0 MBProgress (1): 0.2/2.0 MBProgress (1): 0.2/2.0 MBProgress (1): 0.2/2.0 MBProgress (1): 0.2/2.0 MBProgress (1): 0.3/2.0 MBProgress (1): 0.3/2.0 MBProgress (1): 0.3/2.0 MBProgress (1): 0.3/2.0 MBProgress (1): 0.3/2.0 MBProgress (1): 0.3/2.0 MBProgress (1): 0.4/2.0 MBProgress (1): 0.4/2.0 MBProgress (1): 0.4/2.0 MBProgress (1): 0.4/2.0 MBProgress (1): 0.4/2.0 MBProgress (1): 0.4/2.0 MBProgress (1): 0.5/2.0 MBProgress (1): 0.5/2.0 MBProgress (1): 0.5/2.0 MBProgress (1): 0.5/2.0 MBProgress (1): 0.5/2.0 MBProgress (1): 0.5/2.0 MBProgress (1): 0.5/2.0 MBProgress (1): 0.6/2.0 MBProgress (1): 0.6/2.0 MBProgress (1): 0.6/2.0 MBProgress (1): 0.6/2.0 MBProgress (1): 0.6/2.0 MBProgress (1): 0.6/2.0 MBProgress (1): 0.7/2.0 MBProgress (1): 0.7/2.0 MBProgress (1): 0.7/2.0 MBProgress (1): 0.7/2.0 MBProgress (1): 0.7/2.0 MBProgress (1): 0.7/2.0 MBProgress (1): 0.8/2.0 MBProgress (1): 0.8/2.0 MBProgress (1): 0.8/2.0 MBProgress (1): 0.8/2.0 MBProgress (1): 0.8/2.0 MBProgress (1): 0.8/2.0 MBProgress (1): 0.9/2.0 MBProgress (1): 0.9/2.0 MBProgress (1): 0.9/2.0 MBProgress (1): 0.9/2.0 MBProgress (1): 0.9/2.0 MBProgress (1): 0.9/2.0 MBProgress (1): 1.0/2.0 MBProgress (1): 1.0/2.0 MBProgress (1): 1.0/2.0 MBProgress (1): 1.0/2.0 MBProgress (1): 1.0/2.0 MBProgress (1): 1.0/2.0 MBProgress (1): 1.1/2.0 MBProgress (1): 1.1/2.0 MBProgress (1): 1.1/2.0 MBProgress (1): 1.1/2.0 MBProgress (1): 1.1/2.0 MBProgress (1): 1.1/2.0 MBProgress (1): 1.2/2.0 MBProgress (1): 1.2/2.0 MBProgress (1): 1.2/2.0 MBProgress (1): 1.2/2.0 MBProgress (1): 1.2/2.0 MBProgress (1): 1.2/2.0 MBProgress (1): 1.3/2.0 MBProgress (1): 1.3/2.0 MBProgress (1): 1.3/2.0 MBProgress (1): 1.3/2.0 MBProgress (1): 1.3/2.0 MBProgress (1): 1.3/2.0 MBProgress (1): 1.4/2.0 MBProgress (1): 1.4/2.0 MBProgress (1): 1.4/2.0 MBProgress (1): 1.4/2.0 MBProgress (1): 1.4/2.0 MBProgress (1): 1.4/2.0 MBProgress (1): 1.4/2.0 MBProgress (1): 1.5/2.0 MBProgress (1): 1.5/2.0 MBProgress (1): 1.5/2.0 MBProgress (1): 1.5/2.0 MBProgress (1): 1.5/2.0 MBProgress (1): 1.5/2.0 MBProgress (1): 1.6/2.0 MBProgress (1): 1.6/2.0 MBProgress (1): 1.6/2.0 MBProgress (1): 1.6/2.0 MBProgress (1): 1.6/2.0 MBProgress (1): 1.6/2.0 MBProgress (1): 1.7/2.0 MBProgress (1): 1.7/2.0 MBProgress (1): 1.7/2.0 MBProgress (1): 1.7/2.0 MBProgress (1): 1.7/2.0 MBProgress (1): 1.7/2.0 MBProgress (1): 1.8/2.0 MBProgress (1): 1.8/2.0 MBProgress (1): 1.8/2.0 MBProgress (1): 1.8/2.0 MBProgress (1): 1.8/2.0 MBProgress (1): 1.8/2.0 MBProgress (1): 1.9/2.0 MBProgress (1): 1.9/2.0 MBProgress (1): 1.9/2.0 MBProgress (1): 1.9/2.0 MBProgress (1): 1.9/2.0 MBProgress (1): 1.9/2.0 MBProgress (1): 2.0/2.0 MBProgress (1): 2.0/2.0 MBProgress (1): 2.0/2.0 MBProgress (1): 2.0/2.0 MBProgress (1): 2.0/2.0 MBProgress (1): 2.0/2.0 MBProgress (1): 2.0 MB                        Downloaded from central: https://repo.maven.apache.org/maven2/org/projectlombok/lombok/1.18.32/lombok-1.18.32.jar (2.0 MB at 4.8 MB/s)
Downloading from central: https://repo.maven.apache.org/maven2/org/springframework/spring-context/6.1.6/spring-context-6.1.6.jar
Downloading from central: https://repo.maven.apache.org/maven2/org/springframework/spring-aop/6.1.6/spring-aop-6.1.6.jar
Downloading from central: https://repo.maven.apache.org/maven2/org/springframework/spring-beans/6.1.6/spring-beans-6.1.6.jar
Downloading from central: https://repo.maven.apache.org/maven2/org/springframework/spring-core/6.1.6/spring-core-6.1.6.jar
Downloading from central: https://repo.maven.apache.org/maven2/org/springframework/spring-jcl/6.1.6/spring-jcl-6.1.6.jar
Progress (1): 0/1.3 MBProgress (1): 0/1.3 MBProgress (2): 0/1.3 MB | 0/1.9 MBProgress (2): 0/1.3 MB | 0/1.9 MBProgress (3): 0/1.3 MB | 0/1.9 MB | 0.9/416 kBProgress (3): 0/1.3 MB | 0/1.9 MB | 0.9/416 kBProgress (4): 0/1.3 MB | 0/1.9 MB | 0.9/416 kB | 0.9/25 kBProgress (4): 0/1.3 MB | 0/1.9 MB | 2.3/416 kB | 0.9/25 kBProgress (4): 0/1.3 MB | 0/1.9 MB | 2.3/416 kB | 0.9/25 kBProgress (4): 0/1.3 MB | 0/1.9 MB | 3.6/416 kB | 0.9/25 kBProgress (4): 0/1.3 MB | 0/1.9 MB | 3.6/416 kB | 2.3/25 kBProgress (4): 0/1.3 MB | 0/1.9 MB | 3.6/416 kB | 2.3/25 kBProgress (4): 0/1.3 MB | 0/1.9 MB | 3.6/416 kB | 3.6/25 kBProgress (4): 0/1.3 MB | 0/1.9 MB | 5.0/416 kB | 3.6/25 kBProgress (4): 0/1.3 MB | 0/1.9 MB | 5.0/416 kB | 3.6/25 kBProgress (4): 0/1.3 MB | 0/1.9 MB | 6.4/416 kB | 3.6/25 kBProgress (4): 0/1.3 MB | 0/1.9 MB | 6.4/416 kB | 4.1/25 kBProgress (4): 0.1/1.3 MB | 0/1.9 MB | 6.4/416 kB | 4.1/25 kBProgress (4): 0.1/1.3 MB | 0/1.9 MB | 7.7/416 kB | 4.1/25 kBProgress (4): 0.1/1.3 MB | 0/1.9 MB | 7.7/416 kB | 4.1/25 kBProgress (4): 0.1/1.3 MB | 0/1.9 MB | 7.7/416 kB | 4.1/25 kBProgress (4): 0.1/1.3 MB | 0/1.9 MB | 7.7/416 kB | 4.1/25 kBProgress (4): 0.1/1.3 MB | 0/1.9 MB | 9.1/416 kB | 4.1/25 kBProgress (4): 0.1/1.3 MB | 0/1.9 MB | 9.1/416 kB | 4.1/25 kBProgress (4): 0.1/1.3 MB | 0/1.9 MB | 9.1/416 kB | 4.1/25 kBProgress (4): 0.1/1.3 MB | 0/1.9 MB | 10/416 kB | 4.1/25 kB Progress (4): 0.1/1.3 MB | 0/1.9 MB | 11/416 kB | 4.1/25 kBProgress (4): 0.1/1.3 MB | 0/1.9 MB | 13/416 kB | 4.1/25 kBProgress (4): 0.1/1.3 MB | 0/1.9 MB | 13/416 kB | 4.1/25 kBProgress (4): 0.1/1.3 MB | 0/1.9 MB | 14/416 kB | 4.1/25 kBProgress (4): 0.1/1.3 MB | 0/1.9 MB | 14/416 kB | 4.1/25 kBProgress (4): 0.1/1.3 MB | 0/1.9 MB | 14/416 kB | 5.5/25 kBProgress (5): 0.1/1.3 MB | 0/1.9 MB | 14/416 kB | 5.5/25 kB | 0.9/858 kBProgress (5): 0.1/1.3 MB | 0/1.9 MB | 14/416 kB | 5.5/25 kB | 0.9/858 kBProgress (5): 0.1/1.3 MB | 0/1.9 MB | 14/416 kB | 6.8/25 kB | 0.9/858 kBProgress (5): 0.1/1.3 MB | 0/1.9 MB | 14/416 kB | 6.8/25 kB | 0.9/858 kBProgress (5): 0.1/1.3 MB | 0/1.9 MB | 15/416 kB | 6.8/25 kB | 0.9/858 kBProgress (5): 0.1/1.3 MB | 0/1.9 MB | 15/416 kB | 6.8/25 kB | 0.9/858 kBProgress (5): 0.1/1.3 MB | 0/1.9 MB | 17/416 kB | 6.8/25 kB | 0.9/858 kBProgress (5): 0.1/1.3 MB | 0/1.9 MB | 17/416 kB | 6.8/25 kB | 0.9/858 kBProgress (5): 0.2/1.3 MB | 0/1.9 MB | 17/416 kB | 6.8/25 kB | 0.9/858 kBProgress (5): 0.2/1.3 MB | 0/1.9 MB | 17/416 kB | 6.8/25 kB | 0.9/858 kBProgress (5): 0.2/1.3 MB | 0/1.9 MB | 17/416 kB | 6.8/25 kB | 0.9/858 kBProgress (5): 0.2/1.3 MB | 0/1.9 MB | 17/416 kB | 8.2/25 kB | 0.9/858 kBProgress (5): 0.2/1.3 MB | 0/1.9 MB | 17/416 kB | 9.6/25 kB | 0.9/858 kBProgress (5): 0.2/1.3 MB | 0/1.9 MB | 17/416 kB | 11/25 kB | 0.9/858 kB Progress (5): 0.2/1.3 MB | 0/1.9 MB | 17/416 kB | 11/25 kB | 2.3/858 kBProgress (5): 0.2/1.3 MB | 0/1.9 MB | 17/416 kB | 12/25 kB | 2.3/858 kBProgress (5): 0.2/1.3 MB | 0/1.9 MB | 17/416 kB | 12/25 kB | 2.3/858 kBProgress (5): 0.2/1.3 MB | 0/1.9 MB | 17/416 kB | 12/25 kB | 2.3/858 kBProgress (5): 0.2/1.3 MB | 0/1.9 MB | 17/416 kB | 12/25 kB | 2.3/858 kBProgress (5): 0.3/1.3 MB | 0/1.9 MB | 17/416 kB | 12/25 kB | 2.3/858 kBProgress (5): 0.3/1.3 MB | 0/1.9 MB | 17/416 kB | 12/25 kB | 2.3/858 kBProgress (5): 0.3/1.3 MB | 0/1.9 MB | 17/416 kB | 12/25 kB | 2.3/858 kBProgress (5): 0.3/1.3 MB | 0/1.9 MB | 17/416 kB | 12/25 kB | 2.3/858 kBProgress (5): 0.3/1.3 MB | 0/1.9 MB | 17/416 kB | 12/25 kB | 2.3/858 kBProgress (5): 0.3/1.3 MB | 0/1.9 MB | 18/416 kB | 12/25 kB | 2.3/858 kBProgress (5): 0.3/1.3 MB | 0/1.9 MB | 18/416 kB | 12/25 kB | 2.3/858 kBProgress (5): 0.3/1.3 MB | 0/1.9 MB | 20/416 kB | 12/25 kB | 2.3/858 kBProgress (5): 0.3/1.3 MB | 0/1.9 MB | 20/416 kB | 12/25 kB | 2.3/858 kBProgress (5): 0.3/1.3 MB | 0/1.9 MB | 20/416 kB | 14/25 kB | 2.3/858 kBProgress (5): 0.3/1.3 MB | 0/1.9 MB | 20/416 kB | 14/25 kB | 3.6/858 kBProgress (5): 0.3/1.3 MB | 0/1.9 MB | 20/416 kB | 15/25 kB | 3.6/858 kBProgress (5): 0.3/1.3 MB | 0/1.9 MB | 20/416 kB | 15/25 kB | 3.6/858 kBProgress (5): 0.3/1.3 MB | 0/1.9 MB | 21/416 kB | 15/25 kB | 3.6/858 kBProgress (5): 0.3/1.3 MB | 0/1.9 MB | 21/416 kB | 15/25 kB | 3.6/858 kBProgress (5): 0.3/1.3 MB | 0/1.9 MB | 22/416 kB | 15/25 kB | 3.6/858 kBProgress (5): 0.3/1.3 MB | 0/1.9 MB | 24/416 kB | 15/25 kB | 3.6/858 kBProgress (5): 0.4/1.3 MB | 0/1.9 MB | 24/416 kB | 15/25 kB | 3.6/858 kBProgress (5): 0.4/1.3 MB | 0/1.9 MB | 24/416 kB | 16/25 kB | 3.6/858 kBProgress (5): 0.4/1.3 MB | 0/1.9 MB | 24/416 kB | 16/25 kB | 5.0/858 kBProgress (5): 0.4/1.3 MB | 0/1.9 MB | 24/416 kB | 18/25 kB | 5.0/858 kBProgress (5): 0.4/1.3 MB | 0/1.9 MB | 24/416 kB | 18/25 kB | 5.0/858 kBProgress (5): 0.4/1.3 MB | 0/1.9 MB | 25/416 kB | 18/25 kB | 5.0/858 kBProgress (5): 0.4/1.3 MB | 0/1.9 MB | 25/416 kB | 18/25 kB | 5.0/858 kBProgress (5): 0.4/1.3 MB | 0/1.9 MB | 25/416 kB | 18/25 kB | 5.0/858 kBProgress (5): 0.4/1.3 MB | 0/1.9 MB | 26/416 kB | 18/25 kB | 5.0/858 kBProgress (5): 0.4/1.3 MB | 0/1.9 MB | 26/416 kB | 19/25 kB | 5.0/858 kBProgress (5): 0.4/1.3 MB | 0/1.9 MB | 26/416 kB | 19/25 kB | 6.4/858 kBProgress (5): 0.4/1.3 MB | 0/1.9 MB | 26/416 kB | 21/25 kB | 6.4/858 kBProgress (5): 0.4/1.3 MB | 0/1.9 MB | 28/416 kB | 21/25 kB | 6.4/858 kBProgress (5): 0.4/1.3 MB | 0/1.9 MB | 28/416 kB | 21/25 kB | 6.4/858 kBProgress (5): 0.4/1.3 MB | 0/1.9 MB | 28/416 kB | 21/25 kB | 6.4/858 kBProgress (5): 0.4/1.3 MB | 0/1.9 MB | 29/416 kB | 21/25 kB | 6.4/858 kBProgress (5): 0.4/1.3 MB | 0/1.9 MB | 29/416 kB | 22/25 kB | 6.4/858 kBProgress (5): 0.4/1.3 MB | 0/1.9 MB | 29/416 kB | 22/25 kB | 7.7/858 kBProgress (5): 0.4/1.3 MB | 0/1.9 MB | 29/416 kB | 23/25 kB | 7.7/858 kBProgress (5): 0.4/1.3 MB | 0/1.9 MB | 31/416 kB | 23/25 kB | 7.7/858 kBProgress (5): 0.4/1.3 MB | 0/1.9 MB | 31/416 kB | 25 kB | 7.7/858 kB   Progress (5): 0.4/1.3 MB | 0/1.9 MB | 31/416 kB | 25 kB | 7.7/858 kBProgress (5): 0.4/1.3 MB | 0/1.9 MB | 31/416 kB | 25 kB | 7.7/858 kB                                                                    Downloaded from central: https://repo.maven.apache.org/maven2/org/springframework/spring-jcl/6.1.6/spring-jcl-6.1.6.jar (25 kB at 25 kB/s)
Progress (4): 0.4/1.3 MB | 0/1.9 MB | 32/416 kB | 7.7/858 kBProgress (4): 0.4/1.3 MB | 0/1.9 MB | 32/416 kB | 9.1/858 kBProgress (4): 0.4/1.3 MB | 0/1.9 MB | 33/416 kB | 9.1/858 kBProgress (4): 0.4/1.3 MB | 0/1.9 MB | 33/416 kB | 10/858 kB                                                            Downloading from central: https://repo.maven.apache.org/maven2/org/springframework/spring-expression/6.1.6/spring-expression-6.1.6.jar
Progress (4): 0.4/1.3 MB | 0/1.9 MB | 33/416 kB | 12/858 kBProgress (4): 0.4/1.3 MB | 0/1.9 MB | 35/416 kB | 12/858 kBProgress (4): 0.4/1.3 MB | 0/1.9 MB | 35/416 kB | 13/858 kBProgress (4): 0.4/1.3 MB | 0/1.9 MB | 36/416 kB | 13/858 kBProgress (4): 0.4/1.3 MB | 0/1.9 MB | 37/416 kB | 13/858 kBProgress (4): 0.4/1.3 MB | 0/1.9 MB | 39/416 kB | 13/858 kBProgress (4): 0.4/1.3 MB | 0/1.9 MB | 40/416 kB | 13/858 kBProgress (4): 0.4/1.3 MB | 0/1.9 MB | 41/416 kB | 13/858 kBProgress (4): 0.4/1.3 MB | 0/1.9 MB | 43/416 kB | 13/858 kBProgress (4): 0.4/1.3 MB | 0/1.9 MB | 44/416 kB | 13/858 kBProgress (4): 0.4/1.3 MB | 0/1.9 MB | 46/416 kB | 13/858 kBProgress (4): 0.4/1.3 MB | 0/1.9 MB | 47/416 kB | 13/858 kBProgress (4): 0.4/1.3 MB | 0/1.9 MB | 48/416 kB | 13/858 kBProgress (4): 0.4/1.3 MB | 0/1.9 MB | 48/416 kB | 13/858 kBProgress (4): 0.4/1.3 MB | 0/1.9 MB | 50/416 kB | 13/858 kBProgress (4): 0.4/1.3 MB | 0/1.9 MB | 50/416 kB | 15/858 kBProgress (4): 0.4/1.3 MB | 0/1.9 MB | 50/416 kB | 16/858 kBProgress (4): 0.4/1.3 MB | 0/1.9 MB | 51/416 kB | 16/858 kBProgress (4): 0.4/1.3 MB | 0/1.9 MB | 51/416 kB | 16/858 kBProgress (4): 0.4/1.3 MB | 0/1.9 MB | 51/416 kB | 16/858 kBProgress (4): 0.5/1.3 MB | 0/1.9 MB | 51/416 kB | 16/858 kBProgress (4): 0.5/1.3 MB | 0/1.9 MB | 52/416 kB | 16/858 kBProgress (4): 0.5/1.3 MB | 0/1.9 MB | 52/416 kB | 17/858 kBProgress (4): 0.5/1.3 MB | 0/1.9 MB | 52/416 kB | 17/858 kBProgress (4): 0.5/1.3 MB | 0/1.9 MB | 54/416 kB | 17/858 kBProgress (4): 0.5/1.3 MB | 0/1.9 MB | 54/416 kB | 17/858 kBProgress (4): 0.5/1.3 MB | 0/1.9 MB | 54/416 kB | 17/858 kBProgress (4): 0.5/1.3 MB | 0/1.9 MB | 55/416 kB | 17/858 kBProgress (4): 0.5/1.3 MB | 0/1.9 MB | 55/416 kB | 19/858 kBProgress (4): 0.5/1.3 MB | 0/1.9 MB | 59/416 kB | 19/858 kBProgress (4): 0.5/1.3 MB | 0/1.9 MB | 59/416 kB | 19/858 kBProgress (4): 0.5/1.3 MB | 0/1.9 MB | 59/416 kB | 19/858 kBProgress (4): 0.5/1.3 MB | 0/1.9 MB | 64/416 kB | 19/858 kBProgress (4): 0.5/1.3 MB | 0/1.9 MB | 64/416 kB | 20/858 kBProgress (4): 0.5/1.3 MB | 0/1.9 MB | 68/416 kB | 20/858 kBProgress (4): 0.5/1.3 MB | 0/1.9 MB | 72/416 kB | 20/858 kBProgress (4): 0.5/1.3 MB | 0/1.9 MB | 72/416 kB | 20/858 kBProgress (4): 0.5/1.3 MB | 0/1.9 MB | 72/416 kB | 20/858 kBProgress (4): 0.5/1.3 MB | 0/1.9 MB | 76/416 kB | 20/858 kBProgress (4): 0.5/1.3 MB | 0/1.9 MB | 76/416 kB | 21/858 kBProgress (4): 0.5/1.3 MB | 0/1.9 MB | 76/416 kB | 23/858 kBProgress (4): 0.5/1.3 MB | 0/1.9 MB | 76/416 kB | 23/858 kBProgress (4): 0.5/1.3 MB | 0/1.9 MB | 76/416 kB | 23/858 kBProgress (4): 0.5/1.3 MB | 0/1.9 MB | 76/416 kB | 24/858 kBProgress (4): 0.5/1.3 MB | 0/1.9 MB | 76/416 kB | 25/858 kBProgress (4): 0.5/1.3 MB | 0/1.9 MB | 76/416 kB | 26/858 kBProgress (4): 0.5/1.3 MB | 0/1.9 MB | 76/416 kB | 26/858 kBProgress (4): 0.5/1.3 MB | 0/1.9 MB | 76/416 kB | 27/858 kBProgress (4): 0.6/1.3 MB | 0/1.9 MB | 76/416 kB | 27/858 kBProgress (4): 0.6/1.3 MB | 0/1.9 MB | 76/416 kB | 29/858 kBProgress (4): 0.6/1.3 MB | 0/1.9 MB | 76/416 kB | 30/858 kBProgress (4): 0.6/1.3 MB | 0/1.9 MB | 76/416 kB | 30/858 kBProgress (4): 0.6/1.3 MB | 0/1.9 MB | 76/416 kB | 31/858 kBProgress (4): 0.6/1.3 MB | 0/1.9 MB | 76/416 kB | 31/858 kBProgress (4): 0.6/1.3 MB | 0/1.9 MB | 76/416 kB | 33/858 kBProgress (4): 0.6/1.3 MB | 0/1.9 MB | 76/416 kB | 33/858 kBProgress (4): 0.6/1.3 MB | 0/1.9 MB | 76/416 kB | 34/858 kBProgress (4): 0.6/1.3 MB | 0/1.9 MB | 76/416 kB | 34/858 kBProgress (4): 0.6/1.3 MB | 0/1.9 MB | 76/416 kB | 36/858 kBProgress (4): 0.6/1.3 MB | 0/1.9 MB | 76/416 kB | 36/858 kBProgress (4): 0.6/1.3 MB | 0/1.9 MB | 76/416 kB | 36/858 kBProgress (4): 0.6/1.3 MB | 0/1.9 MB | 76/416 kB | 37/858 kBProgress (4): 0.6/1.3 MB | 0/1.9 MB | 76/416 kB | 37/858 kBProgress (4): 0.6/1.3 MB | 0/1.9 MB | 76/416 kB | 37/858 kBProgress (4): 0.6/1.3 MB | 0/1.9 MB | 76/416 kB | 38/858 kBProgress (4): 0.6/1.3 MB | 0/1.9 MB | 76/416 kB | 38/858 kBProgress (4): 0.6/1.3 MB | 0/1.9 MB | 76/416 kB | 38/858 kBProgress (4): 0.6/1.3 MB | 0/1.9 MB | 76/416 kB | 38/858 kBProgress (4): 0.6/1.3 MB | 0/1.9 MB | 76/416 kB | 40/858 kBProgress (4): 0.7/1.3 MB | 0/1.9 MB | 76/416 kB | 40/858 kBProgress (4): 0.7/1.3 MB | 0/1.9 MB | 76/416 kB | 40/858 kBProgress (4): 0.7/1.3 MB | 0/1.9 MB | 76/416 kB | 40/858 kBProgress (4): 0.7/1.3 MB | 0/1.9 MB | 76/416 kB | 41/858 kBProgress (4): 0.7/1.3 MB | 0/1.9 MB | 76/416 kB | 41/858 kBProgress (4): 0.7/1.3 MB | 0/1.9 MB | 76/416 kB | 41/858 kBProgress (4): 0.7/1.3 MB | 0/1.9 MB | 76/416 kB | 41/858 kBProgress (4): 0.7/1.3 MB | 0/1.9 MB | 76/416 kB | 42/858 kBProgress (4): 0.7/1.3 MB | 0/1.9 MB | 76/416 kB | 42/858 kBProgress (4): 0.7/1.3 MB | 0/1.9 MB | 81/416 kB | 42/858 kBProgress (4): 0.7/1.3 MB | 0/1.9 MB | 85/416 kB | 42/858 kBProgress (5): 0.7/1.3 MB | 0/1.9 MB | 85/416 kB | 42/858 kB | 0.9/303 kBProgress (5): 0.7/1.3 MB | 0/1.9 MB | 85/416 kB | 42/858 kB | 0.9/303 kBProgress (5): 0.7/1.3 MB | 0/1.9 MB | 85/416 kB | 42/858 kB | 0.9/303 kBProgress (5): 0.7/1.3 MB | 0/1.9 MB | 85/416 kB | 42/858 kB | 0.9/303 kBProgress (5): 0.7/1.3 MB | 0/1.9 MB | 85/416 kB | 42/858 kB | 0.9/303 kBProgress (5): 0.7/1.3 MB | 0/1.9 MB | 85/416 kB | 42/858 kB | 0.9/303 kBProgress (5): 0.7/1.3 MB | 0/1.9 MB | 85/416 kB | 42/858 kB | 0.9/303 kBProgress (5): 0.7/1.3 MB | 0/1.9 MB | 85/416 kB | 42/858 kB | 0.9/303 kBProgress (5): 0.7/1.3 MB | 0/1.9 MB | 85/416 kB | 42/858 kB | 2.3/303 kBProgress (5): 0.7/1.3 MB | 0/1.9 MB | 89/416 kB | 42/858 kB | 2.3/303 kBProgress (5): 0.7/1.3 MB | 0/1.9 MB | 93/416 kB | 42/858 kB | 2.3/303 kBProgress (5): 0.7/1.3 MB | 0/1.9 MB | 97/416 kB | 42/858 kB | 2.3/303 kBProgress (5): 0.7/1.3 MB | 0/1.9 MB | 97/416 kB | 42/858 kB | 2.3/303 kBProgress (5): 0.7/1.3 MB | 0/1.9 MB | 97/416 kB | 44/858 kB | 2.3/303 kBProgress (5): 0.7/1.3 MB | 0/1.9 MB | 97/416 kB | 44/858 kB | 2.3/303 kBProgress (5): 0.7/1.3 MB | 0/1.9 MB | 97/416 kB | 45/858 kB | 2.3/303 kBProgress (5): 0.7/1.3 MB | 0/1.9 MB | 102/416 kB | 45/858 kB | 2.3/303 kBProgress (5): 0.7/1.3 MB | 0/1.9 MB | 102/416 kB | 45/858 kB | 3.6/303 kBProgress (5): 0.7/1.3 MB | 0/1.9 MB | 102/416 kB | 45/858 kB | 3.6/303 kBProgress (5): 0.7/1.3 MB | 0/1.9 MB | 102/416 kB | 45/858 kB | 5.0/303 kBProgress (5): 0.7/1.3 MB | 0/1.9 MB | 102/416 kB | 45/858 kB | 5.0/303 kBProgress (5): 0.7/1.3 MB | 0/1.9 MB | 106/416 kB | 45/858 kB | 5.0/303 kBProgress (5): 0.8/1.3 MB | 0/1.9 MB | 106/416 kB | 45/858 kB | 5.0/303 kBProgress (5): 0.8/1.3 MB | 0/1.9 MB | 106/416 kB | 46/858 kB | 5.0/303 kBProgress (5): 0.8/1.3 MB | 0/1.9 MB | 110/416 kB | 46/858 kB | 5.0/303 kBProgress (5): 0.8/1.3 MB | 0.1/1.9 MB | 110/416 kB | 46/858 kB | 5.0/303 kBProgress (5): 0.8/1.3 MB | 0.1/1.9 MB | 110/416 kB | 46/858 kB | 6.4/303 kBProgress (5): 0.8/1.3 MB | 0.1/1.9 MB | 110/416 kB | 46/858 kB | 6.4/303 kBProgress (5): 0.8/1.3 MB | 0.1/1.9 MB | 114/416 kB | 46/858 kB | 6.4/303 kBProgress (5): 0.8/1.3 MB | 0.1/1.9 MB | 114/416 kB | 46/858 kB | 6.4/303 kBProgress (5): 0.8/1.3 MB | 0.1/1.9 MB | 114/416 kB | 48/858 kB | 6.4/303 kBProgress (5): 0.8/1.3 MB | 0.1/1.9 MB | 114/416 kB | 48/858 kB | 6.4/303 kBProgress (5): 0.8/1.3 MB | 0.1/1.9 MB | 119/416 kB | 48/858 kB | 6.4/303 kBProgress (5): 0.8/1.3 MB | 0.1/1.9 MB | 119/416 kB | 48/858 kB | 6.4/303 kBProgress (5): 0.8/1.3 MB | 0.1/1.9 MB | 119/416 kB | 48/858 kB | 7.7/303 kBProgress (5): 0.8/1.3 MB | 0.1/1.9 MB | 123/416 kB | 48/858 kB | 7.7/303 kBProgress (5): 0.8/1.3 MB | 0.1/1.9 MB | 123/416 kB | 48/858 kB | 7.7/303 kBProgress (5): 0.8/1.3 MB | 0.1/1.9 MB | 123/416 kB | 48/858 kB | 7.7/303 kBProgress (5): 0.8/1.3 MB | 0.1/1.9 MB | 123/416 kB | 49/858 kB | 7.7/303 kBProgress (5): 0.8/1.3 MB | 0.1/1.9 MB | 123/416 kB | 49/858 kB | 7.7/303 kBProgress (5): 0.8/1.3 MB | 0.1/1.9 MB | 123/416 kB | 49/858 kB | 7.7/303 kBProgress (5): 0.8/1.3 MB | 0.1/1.9 MB | 127/416 kB | 49/858 kB | 7.7/303 kBProgress (5): 0.8/1.3 MB | 0.1/1.9 MB | 127/416 kB | 49/858 kB | 7.7/303 kBProgress (5): 0.8/1.3 MB | 0.1/1.9 MB | 127/416 kB | 49/858 kB | 9.1/303 kBProgress (5): 0.8/1.3 MB | 0.1/1.9 MB | 127/416 kB | 49/858 kB | 9.1/303 kBProgress (5): 0.8/1.3 MB | 0.1/1.9 MB | 131/416 kB | 49/858 kB | 9.1/303 kBProgress (5): 0.8/1.3 MB | 0.1/1.9 MB | 136/416 kB | 49/858 kB | 9.1/303 kBProgress (5): 0.8/1.3 MB | 0.1/1.9 MB | 136/416 kB | 49/858 kB | 9.1/303 kBProgress (5): 0.8/1.3 MB | 0.1/1.9 MB | 136/416 kB | 51/858 kB | 9.1/303 kBProgress (5): 0.8/1.3 MB | 0.1/1.9 MB | 136/416 kB | 51/858 kB | 9.1/303 kBProgress (5): 0.8/1.3 MB | 0.1/1.9 MB | 136/416 kB | 51/858 kB | 9.1/303 kBProgress (5): 0.8/1.3 MB | 0.1/1.9 MB | 140/416 kB | 51/858 kB | 9.1/303 kBProgress (5): 0.8/1.3 MB | 0.1/1.9 MB | 140/416 kB | 51/858 kB | 9.1/303 kBProgress (5): 0.9/1.3 MB | 0.1/1.9 MB | 140/416 kB | 51/858 kB | 9.1/303 kBProgress (5): 0.9/1.3 MB | 0.1/1.9 MB | 140/416 kB | 51/858 kB | 10/303 kB Progress (5): 0.9/1.3 MB | 0.1/1.9 MB | 140/416 kB | 51/858 kB | 10/303 kBProgress (5): 0.9/1.3 MB | 0.1/1.9 MB | 142/416 kB | 51/858 kB | 10/303 kBProgress (5): 0.9/1.3 MB | 0.1/1.9 MB | 142/416 kB | 52/858 kB | 10/303 kBProgress (5): 0.9/1.3 MB | 0.1/1.9 MB | 147/416 kB | 52/858 kB | 10/303 kBProgress (5): 0.9/1.3 MB | 0.1/1.9 MB | 151/416 kB | 52/858 kB | 10/303 kBProgress (5): 0.9/1.3 MB | 0.1/1.9 MB | 151/416 kB | 52/858 kB | 10/303 kBProgress (5): 0.9/1.3 MB | 0.1/1.9 MB | 151/416 kB | 52/858 kB | 10/303 kBProgress (5): 0.9/1.3 MB | 0.1/1.9 MB | 151/416 kB | 52/858 kB | 10/303 kBProgress (5): 0.9/1.3 MB | 0.1/1.9 MB | 151/416 kB | 52/858 kB | 12/303 kBProgress (5): 0.9/1.3 MB | 0.1/1.9 MB | 151/416 kB | 52/858 kB | 12/303 kBProgress (5): 0.9/1.3 MB | 0.1/1.9 MB | 151/416 kB | 52/858 kB | 12/303 kBProgress (5): 0.9/1.3 MB | 0.1/1.9 MB | 151/416 kB | 52/858 kB | 12/303 kBProgress (5): 0.9/1.3 MB | 0.1/1.9 MB | 151/416 kB | 52/858 kB | 12/303 kBProgress (5): 0.9/1.3 MB | 0.1/1.9 MB | 155/416 kB | 52/858 kB | 12/303 kBProgress (5): 0.9/1.3 MB | 0.1/1.9 MB | 155/416 kB | 53/858 kB | 12/303 kBProgress (5): 0.9/1.3 MB | 0.1/1.9 MB | 159/416 kB | 53/858 kB | 12/303 kBProgress (5): 0.9/1.3 MB | 0.1/1.9 MB | 159/416 kB | 53/858 kB | 12/303 kBProgress (5): 0.9/1.3 MB | 0.1/1.9 MB | 159/416 kB | 53/858 kB | 12/303 kBProgress (5): 0.9/1.3 MB | 0.1/1.9 MB | 159/416 kB | 53/858 kB | 13/303 kBProgress (5): 0.9/1.3 MB | 0.1/1.9 MB | 159/416 kB | 53/858 kB | 15/303 kBProgress (5): 1.0/1.3 MB | 0.1/1.9 MB | 159/416 kB | 53/858 kB | 15/303 kBProgress (5): 1.0/1.3 MB | 0.1/1.9 MB | 159/416 kB | 53/858 kB | 15/303 kBProgress (5): 1.0/1.3 MB | 0.1/1.9 MB | 164/416 kB | 53/858 kB | 15/303 kBProgress (5): 1.0/1.3 MB | 0.1/1.9 MB | 168/416 kB | 53/858 kB | 15/303 kBProgress (5): 1.0/1.3 MB | 0.1/1.9 MB | 168/416 kB | 55/858 kB | 15/303 kBProgress (5): 1.0/1.3 MB | 0.1/1.9 MB | 168/416 kB | 59/858 kB | 15/303 kBProgress (5): 1.0/1.3 MB | 0.1/1.9 MB | 168/416 kB | 63/858 kB | 15/303 kBProgress (5): 1.0/1.3 MB | 0.1/1.9 MB | 172/416 kB | 63/858 kB | 15/303 kBProgress (5): 1.0/1.3 MB | 0.1/1.9 MB | 172/416 kB | 63/858 kB | 15/303 kBProgress (5): 1.0/1.3 MB | 0.1/1.9 MB | 172/416 kB | 63/858 kB | 15/303 kBProgress (5): 1.0/1.3 MB | 0.1/1.9 MB | 172/416 kB | 63/858 kB | 16/303 kBProgress (5): 1.0/1.3 MB | 0.1/1.9 MB | 172/416 kB | 63/858 kB | 17/303 kBProgress (5): 1.0/1.3 MB | 0.1/1.9 MB | 176/416 kB | 63/858 kB | 17/303 kBProgress (5): 1.0/1.3 MB | 0.1/1.9 MB | 176/416 kB | 67/858 kB | 17/303 kBProgress (5): 1.0/1.3 MB | 0.1/1.9 MB | 181/416 kB | 67/858 kB | 17/303 kBProgress (5): 1.0/1.3 MB | 0.1/1.9 MB | 181/416 kB | 67/858 kB | 19/303 kBProgress (5): 1.0/1.3 MB | 0.1/1.9 MB | 181/416 kB | 67/858 kB | 19/303 kBProgress (5): 1.0/1.3 MB | 0.1/1.9 MB | 181/416 kB | 67/858 kB | 20/303 kBProgress (5): 1.0/1.3 MB | 0.1/1.9 MB | 185/416 kB | 67/858 kB | 20/303 kBProgress (5): 1.0/1.3 MB | 0.1/1.9 MB | 185/416 kB | 72/858 kB | 20/303 kBProgress (5): 1.0/1.3 MB | 0.1/1.9 MB | 189/416 kB | 72/858 kB | 20/303 kBProgress (5): 1.0/1.3 MB | 0.1/1.9 MB | 189/416 kB | 72/858 kB | 21/303 kBProgress (5): 1.0/1.3 MB | 0.1/1.9 MB | 189/416 kB | 72/858 kB | 21/303 kBProgress (5): 1.0/1.3 MB | 0.1/1.9 MB | 189/416 kB | 72/858 kB | 23/303 kBProgress (5): 1.0/1.3 MB | 0.1/1.9 MB | 193/416 kB | 72/858 kB | 23/303 kBProgress (5): 1.0/1.3 MB | 0.1/1.9 MB | 193/416 kB | 76/858 kB | 23/303 kBProgress (5): 1.0/1.3 MB | 0.1/1.9 MB | 197/416 kB | 76/858 kB | 23/303 kBProgress (5): 1.0/1.3 MB | 0.1/1.9 MB | 197/416 kB | 76/858 kB | 24/303 kBProgress (5): 1.0/1.3 MB | 0.1/1.9 MB | 197/416 kB | 76/858 kB | 24/303 kBProgress (5): 1.0/1.3 MB | 0.1/1.9 MB | 197/416 kB | 76/858 kB | 24/303 kBProgress (5): 1.0/1.3 MB | 0.1/1.9 MB | 197/416 kB | 76/858 kB | 26/303 kBProgress (5): 1.0/1.3 MB | 0.1/1.9 MB | 202/416 kB | 76/858 kB | 26/303 kBProgress (5): 1.0/1.3 MB | 0.1/1.9 MB | 202/416 kB | 80/858 kB | 26/303 kBProgress (5): 1.1/1.3 MB | 0.1/1.9 MB | 202/416 kB | 80/858 kB | 26/303 kBProgress (5): 1.1/1.3 MB | 0.1/1.9 MB | 202/416 kB | 80/858 kB | 27/303 kBProgress (5): 1.1/1.3 MB | 0.1/1.9 MB | 206/416 kB | 80/858 kB | 27/303 kBProgress (5): 1.1/1.3 MB | 0.1/1.9 MB | 206/416 kB | 84/858 kB | 27/303 kBProgress (5): 1.1/1.3 MB | 0.1/1.9 MB | 210/416 kB | 84/858 kB | 27/303 kBProgress (5): 1.1/1.3 MB | 0.1/1.9 MB | 214/416 kB | 84/858 kB | 27/303 kBProgress (5): 1.1/1.3 MB | 0.1/1.9 MB | 214/416 kB | 84/858 kB | 28/303 kBProgress (5): 1.1/1.3 MB | 0.1/1.9 MB | 214/416 kB | 84/858 kB | 28/303 kBProgress (5): 1.1/1.3 MB | 0.1/1.9 MB | 214/416 kB | 84/858 kB | 30/303 kBProgress (5): 1.1/1.3 MB | 0.1/1.9 MB | 214/416 kB | 84/858 kB | 30/303 kBProgress (5): 1.1/1.3 MB | 0.1/1.9 MB | 219/416 kB | 84/858 kB | 30/303 kBProgress (5): 1.1/1.3 MB | 0.1/1.9 MB | 219/416 kB | 89/858 kB | 30/303 kBProgress (5): 1.1/1.3 MB | 0.1/1.9 MB | 223/416 kB | 89/858 kB | 30/303 kBProgress (5): 1.1/1.3 MB | 0.1/1.9 MB | 223/416 kB | 89/858 kB | 30/303 kBProgress (5): 1.1/1.3 MB | 0.1/1.9 MB | 239/416 kB | 89/858 kB | 30/303 kBProgress (5): 1.1/1.3 MB | 0.1/1.9 MB | 239/416 kB | 89/858 kB | 34/303 kBProgress (5): 1.1/1.3 MB | 0.1/1.9 MB | 256/416 kB | 89/858 kB | 34/303 kBProgress (5): 1.1/1.3 MB | 0.1/1.9 MB | 256/416 kB | 89/858 kB | 34/303 kBProgress (5): 1.1/1.3 MB | 0.1/1.9 MB | 256/416 kB | 89/858 kB | 34/303 kBProgress (5): 1.1/1.3 MB | 0.1/1.9 MB | 256/416 kB | 93/858 kB | 34/303 kBProgress (5): 1.1/1.3 MB | 0.1/1.9 MB | 272/416 kB | 93/858 kB | 34/303 kBProgress (5): 1.1/1.3 MB | 0.1/1.9 MB | 272/416 kB | 93/858 kB | 38/303 kBProgress (5): 1.1/1.3 MB | 0.1/1.9 MB | 274/416 kB | 93/858 kB | 38/303 kBProgress (5): 1.2/1.3 MB | 0.1/1.9 MB | 274/416 kB | 93/858 kB | 38/303 kBProgress (5): 1.2/1.3 MB | 0.1/1.9 MB | 274/416 kB | 93/858 kB | 38/303 kBProgress (5): 1.2/1.3 MB | 0.1/1.9 MB | 274/416 kB | 97/858 kB | 38/303 kBProgress (5): 1.2/1.3 MB | 0.1/1.9 MB | 290/416 kB | 97/858 kB | 38/303 kBProgress (5): 1.2/1.3 MB | 0.1/1.9 MB | 290/416 kB | 97/858 kB | 42/303 kBProgress (5): 1.2/1.3 MB | 0.1/1.9 MB | 306/416 kB | 97/858 kB | 42/303 kBProgress (5): 1.2/1.3 MB | 0.1/1.9 MB | 306/416 kB | 97/858 kB | 42/303 kBProgress (5): 1.2/1.3 MB | 0.1/1.9 MB | 323/416 kB | 97/858 kB | 42/303 kBProgress (5): 1.2/1.3 MB | 0.1/1.9 MB | 323/416 kB | 97/858 kB | 42/303 kBProgress (5): 1.2/1.3 MB | 0.1/1.9 MB | 339/416 kB | 97/858 kB | 42/303 kBProgress (5): 1.2/1.3 MB | 0.1/1.9 MB | 355/416 kB | 97/858 kB | 42/303 kBProgress (5): 1.2/1.3 MB | 0.1/1.9 MB | 372/416 kB | 97/858 kB | 42/303 kBProgress (5): 1.2/1.3 MB | 0.1/1.9 MB | 372/416 kB | 101/858 kB | 42/303 kBProgress (5): 1.2/1.3 MB | 0.1/1.9 MB | 388/416 kB | 101/858 kB | 42/303 kBProgress (5): 1.2/1.3 MB | 0.1/1.9 MB | 388/416 kB | 105/858 kB | 42/303 kBProgress (5): 1.2/1.3 MB | 0.1/1.9 MB | 388/416 kB | 105/858 kB | 42/303 kBProgress (5): 1.2/1.3 MB | 0.1/1.9 MB | 388/416 kB | 105/858 kB | 42/303 kBProgress (5): 1.2/1.3 MB | 0.1/1.9 MB | 388/416 kB | 105/858 kB | 47/303 kBProgress (5): 1.2/1.3 MB | 0.1/1.9 MB | 388/416 kB | 110/858 kB | 47/303 kBProgress (5): 1.2/1.3 MB | 0.1/1.9 MB | 405/416 kB | 110/858 kB | 47/303 kBProgress (5): 1.2/1.3 MB | 0.1/1.9 MB | 405/416 kB | 114/858 kB | 47/303 kBProgress (5): 1.2/1.3 MB | 0.1/1.9 MB | 405/416 kB | 118/858 kB | 47/303 kBProgress (5): 1.2/1.3 MB | 0.1/1.9 MB | 405/416 kB | 118/858 kB | 51/303 kBProgress (5): 1.2/1.3 MB | 0.1/1.9 MB | 405/416 kB | 118/858 kB | 51/303 kBProgress (5): 1.2/1.3 MB | 0.1/1.9 MB | 405/416 kB | 122/858 kB | 51/303 kBProgress (5): 1.2/1.3 MB | 0.1/1.9 MB | 405/416 kB | 122/858 kB | 55/303 kBProgress (5): 1.2/1.3 MB | 0.1/1.9 MB | 416 kB | 122/858 kB | 55/303 kB    Progress (5): 1.2/1.3 MB | 0.1/1.9 MB | 416 kB | 122/858 kB | 59/303 kBProgress (5): 1.2/1.3 MB | 0.1/1.9 MB | 416 kB | 127/858 kB | 59/303 kB                                                                       Downloaded from central: https://repo.maven.apache.org/maven2/org/springframework/spring-aop/6.1.6/spring-aop-6.1.6.jar (416 kB at 329 kB/s)
Progress (4): 1.3/1.3 MB | 0.1/1.9 MB | 127/858 kB | 59/303 kBProgress (4): 1.3/1.3 MB | 0.1/1.9 MB | 127/858 kB | 59/303 kB                                                              Downloading from central: https://repo.maven.apache.org/maven2/io/micrometer/micrometer-observation/1.12.5/micrometer-observation-1.12.5.jar
Progress (4): 1.3/1.3 MB | 0.1/1.9 MB | 131/858 kB | 59/303 kBProgress (4): 1.3/1.3 MB | 0.1/1.9 MB | 135/858 kB | 59/303 kBProgress (4): 1.3/1.3 MB | 0.1/1.9 MB | 139/858 kB | 59/303 kBProgress (4): 1.3/1.3 MB | 0.1/1.9 MB | 144/858 kB | 59/303 kBProgress (4): 1.3/1.3 MB | 0.1/1.9 MB | 148/858 kB | 59/303 kBProgress (4): 1.3/1.3 MB | 0.1/1.9 MB | 148/858 kB | 63/303 kBProgress (4): 1.3/1.3 MB | 0.1/1.9 MB | 148/858 kB | 63/303 kBProgress (4): 1.3/1.3 MB | 0.1/1.9 MB | 152/858 kB | 63/303 kBProgress (4): 1.3/1.3 MB | 0.1/1.9 MB | 152/858 kB | 63/303 kBProgress (4): 1.3/1.3 MB | 0.1/1.9 MB | 156/858 kB | 63/303 kBProgress (4): 1.3 MB | 0.1/1.9 MB | 156/858 kB | 63/303 kB    Progress (4): 1.3 MB | 0.1/1.9 MB | 156/858 kB | 63/303 kBProgress (4): 1.3 MB | 0.1/1.9 MB | 156/858 kB | 68/303 kBProgress (4): 1.3 MB | 0.1/1.9 MB | 156/858 kB | 68/303 kBProgress (4): 1.3 MB | 0.1/1.9 MB | 156/858 kB | 72/303 kBProgress (4): 1.3 MB | 0.1/1.9 MB | 160/858 kB | 72/303 kBProgress (4): 1.3 MB | 0.1/1.9 MB | 164/858 kB | 72/303 kBProgress (4): 1.3 MB | 0.1/1.9 MB | 164/858 kB | 76/303 kBProgress (4): 1.3 MB | 0.1/1.9 MB | 164/858 kB | 76/303 kBProgress (4): 1.3 MB | 0.1/1.9 MB | 164/858 kB | 76/303 kB                                                          Downloaded from central: https://repo.maven.apache.org/maven2/org/springframework/spring-context/6.1.6/spring-context-6.1.6.jar (1.3 MB at 1.0 MB/s)
Downloading from central: https://repo.maven.apache.org/maven2/io/micrometer/micrometer-commons/1.12.5/micrometer-commons-1.12.5.jar
Progress (3): 0.1/1.9 MB | 164/858 kB | 76/303 kBProgress (3): 0.1/1.9 MB | 164/858 kB | 80/303 kBProgress (3): 0.1/1.9 MB | 168/858 kB | 80/303 kBProgress (3): 0.1/1.9 MB | 168/858 kB | 80/303 kBProgress (3): 0.1/1.9 MB | 173/858 kB | 80/303 kBProgress (3): 0.1/1.9 MB | 173/858 kB | 80/303 kBProgress (3): 0.1/1.9 MB | 173/858 kB | 85/303 kBProgress (3): 0.1/1.9 MB | 173/858 kB | 85/303 kBProgress (3): 0.1/1.9 MB | 177/858 kB | 85/303 kBProgress (3): 0.1/1.9 MB | 177/858 kB | 85/303 kBProgress (3): 0.1/1.9 MB | 177/858 kB | 89/303 kBProgress (3): 0.1/1.9 MB | 177/858 kB | 89/303 kBProgress (3): 0.1/1.9 MB | 181/858 kB | 89/303 kBProgress (3): 0.2/1.9 MB | 181/858 kB | 89/303 kBProgress (3): 0.2/1.9 MB | 185/858 kB | 89/303 kBProgress (3): 0.2/1.9 MB | 185/858 kB | 93/303 kBProgress (3): 0.2/1.9 MB | 189/858 kB | 93/303 kBProgress (3): 0.2/1.9 MB | 189/858 kB | 93/303 kBProgress (3): 0.2/1.9 MB | 189/858 kB | 97/303 kBProgress (3): 0.2/1.9 MB | 189/858 kB | 97/303 kBProgress (3): 0.2/1.9 MB | 194/858 kB | 97/303 kBProgress (3): 0.2/1.9 MB | 194/858 kB | 97/303 kBProgress (3): 0.2/1.9 MB | 194/858 kB | 97/303 kBProgress (3): 0.2/1.9 MB | 194/858 kB | 102/303 kBProgress (3): 0.2/1.9 MB | 194/858 kB | 102/303 kBProgress (3): 0.2/1.9 MB | 198/858 kB | 102/303 kBProgress (3): 0.2/1.9 MB | 198/858 kB | 102/303 kBProgress (3): 0.2/1.9 MB | 198/858 kB | 106/303 kBProgress (3): 0.2/1.9 MB | 198/858 kB | 106/303 kBProgress (3): 0.2/1.9 MB | 198/858 kB | 106/303 kBProgress (3): 0.2/1.9 MB | 198/858 kB | 106/303 kBProgress (3): 0.2/1.9 MB | 198/858 kB | 106/303 kBProgress (3): 0.2/1.9 MB | 202/858 kB | 106/303 kBProgress (3): 0.2/1.9 MB | 206/858 kB | 106/303 kBProgress (3): 0.2/1.9 MB | 206/858 kB | 106/303 kBProgress (3): 0.2/1.9 MB | 206/858 kB | 106/303 kBProgress (3): 0.2/1.9 MB | 206/858 kB | 106/303 kBProgress (3): 0.2/1.9 MB | 206/858 kB | 106/303 kBProgress (3): 0.2/1.9 MB | 206/858 kB | 110/303 kBProgress (3): 0.2/1.9 MB | 206/858 kB | 110/303 kBProgress (3): 0.2/1.9 MB | 211/858 kB | 110/303 kBProgress (3): 0.2/1.9 MB | 211/858 kB | 110/303 kBProgress (3): 0.2/1.9 MB | 211/858 kB | 114/303 kBProgress (3): 0.2/1.9 MB | 211/858 kB | 114/303 kBProgress (3): 0.2/1.9 MB | 215/858 kB | 114/303 kBProgress (3): 0.2/1.9 MB | 215/858 kB | 118/303 kBProgress (3): 0.2/1.9 MB | 219/858 kB | 118/303 kBProgress (3): 0.3/1.9 MB | 219/858 kB | 118/303 kBProgress (3): 0.3/1.9 MB | 223/858 kB | 118/303 kBProgress (3): 0.3/1.9 MB | 223/858 kB | 123/303 kBProgress (3): 0.3/1.9 MB | 240/858 kB | 123/303 kBProgress (3): 0.3/1.9 MB | 240/858 kB | 123/303 kBProgress (3): 0.3/1.9 MB | 240/858 kB | 127/303 kBProgress (3): 0.3/1.9 MB | 240/858 kB | 131/303 kBProgress (3): 0.3/1.9 MB | 256/858 kB | 131/303 kBProgress (3): 0.3/1.9 MB | 256/858 kB | 131/303 kBProgress (3): 0.3/1.9 MB | 256/858 kB | 135/303 kBProgress (3): 0.3/1.9 MB | 256/858 kB | 139/303 kBProgress (3): 0.3/1.9 MB | 256/858 kB | 139/303 kBProgress (3): 0.3/1.9 MB | 256/858 kB | 143/303 kBProgress (3): 0.3/1.9 MB | 256/858 kB | 143/303 kBProgress (3): 0.3/1.9 MB | 272/858 kB | 143/303 kBProgress (3): 0.3/1.9 MB | 287/858 kB | 143/303 kBProgress (3): 0.3/1.9 MB | 289/858 kB | 143/303 kBProgress (3): 0.3/1.9 MB | 289/858 kB | 143/303 kBProgress (3): 0.3/1.9 MB | 289/858 kB | 147/303 kBProgress (3): 0.3/1.9 MB | 289/858 kB | 147/303 kBProgress (3): 0.3/1.9 MB | 305/858 kB | 147/303 kBProgress (3): 0.3/1.9 MB | 305/858 kB | 152/303 kBProgress (3): 0.3/1.9 MB | 322/858 kB | 152/303 kBProgress (3): 0.4/1.9 MB | 322/858 kB | 152/303 kBProgress (3): 0.4/1.9 MB | 322/858 kB | 156/303 kBProgress (3): 0.4/1.9 MB | 338/858 kB | 156/303 kBProgress (3): 0.4/1.9 MB | 338/858 kB | 156/303 kBProgress (3): 0.4/1.9 MB | 354/858 kB | 156/303 kBProgress (3): 0.4/1.9 MB | 354/858 kB | 160/303 kBProgress (3): 0.4/1.9 MB | 354/858 kB | 164/303 kBProgress (4): 0.4/1.9 MB | 354/858 kB | 164/303 kB | 7.7/72 kBProgress (4): 0.4/1.9 MB | 354/858 kB | 164/303 kB | 16/72 kB Progress (4): 0.4/1.9 MB | 354/858 kB | 164/303 kB | 32/72 kBProgress (4): 0.4/1.9 MB | 354/858 kB | 169/303 kB | 32/72 kBProgress (4): 0.4/1.9 MB | 354/858 kB | 173/303 kB | 32/72 kBProgress (4): 0.4/1.9 MB | 354/858 kB | 177/303 kB | 32/72 kBProgress (4): 0.4/1.9 MB | 354/858 kB | 181/303 kB | 32/72 kBProgress (4): 0.4/1.9 MB | 354/858 kB | 186/303 kB | 32/72 kBProgress (4): 0.4/1.9 MB | 354/858 kB | 190/303 kB | 32/72 kBProgress (4): 0.4/1.9 MB | 354/858 kB | 194/303 kB | 32/72 kBProgress (4): 0.4/1.9 MB | 354/858 kB | 198/303 kB | 32/72 kBProgress (4): 0.4/1.9 MB | 354/858 kB | 215/303 kB | 32/72 kBProgress (4): 0.4/1.9 MB | 354/858 kB | 231/303 kB | 32/72 kBProgress (4): 0.4/1.9 MB | 354/858 kB | 247/303 kB | 32/72 kBProgress (4): 0.4/1.9 MB | 354/858 kB | 262/303 kB | 32/72 kBProgress (4): 0.4/1.9 MB | 354/858 kB | 278/303 kB | 32/72 kBProgress (4): 0.4/1.9 MB | 354/858 kB | 294/303 kB | 32/72 kBProgress (4): 0.4/1.9 MB | 354/858 kB | 303 kB | 32/72 kB    Progress (4): 0.4/1.9 MB | 354/858 kB | 303 kB | 32/72 kBProgress (4): 0.4/1.9 MB | 354/858 kB | 303 kB | 32/72 kBProgress (4): 0.4/1.9 MB | 354/858 kB | 303 kB | 32/72 kBProgress (4): 0.4/1.9 MB | 354/858 kB | 303 kB | 32/72 kBProgress (4): 0.5/1.9 MB | 354/858 kB | 303 kB | 32/72 kBProgress (4): 0.5/1.9 MB | 371/858 kB | 303 kB | 32/72 kBProgress (5): 0.5/1.9 MB | 371/858 kB | 303 kB | 32/72 kB | 7.7/47 kB                                                                     Downloaded from central: https://repo.maven.apache.org/maven2/org/springframework/spring-expression/6.1.6/spring-expression-6.1.6.jar (303 kB at 199 kB/s)
Downloading from central: https://repo.maven.apache.org/maven2/org/springframework/data/spring-data-commons/3.2.5/spring-data-commons-3.2.5.jar
Progress (4): 0.5/1.9 MB | 371/858 kB | 49/72 kB | 7.7/47 kBProgress (4): 0.5/1.9 MB | 371/858 kB | 49/72 kB | 8.2/47 kBProgress (4): 0.5/1.9 MB | 387/858 kB | 49/72 kB | 8.2/47 kBProgress (4): 0.5/1.9 MB | 387/858 kB | 49/72 kB | 25/47 kB Progress (4): 0.5/1.9 MB | 387/858 kB | 49/72 kB | 41/47 kBProgress (4): 0.5/1.9 MB | 387/858 kB | 49/72 kB | 47 kB   Progress (4): 0.5/1.9 MB | 387/858 kB | 65/72 kB | 47 kBProgress (4): 0.5/1.9 MB | 387/858 kB | 65/72 kB | 47 kBProgress (4): 0.5/1.9 MB | 387/858 kB | 72 kB | 47 kB   Progress (4): 0.5/1.9 MB | 404/858 kB | 72 kB | 47 kBProgress (4): 0.5/1.9 MB | 418/858 kB | 72 kB | 47 kBProgress (4): 0.5/1.9 MB | 418/858 kB | 72 kB | 47 kBProgress (4): 0.5/1.9 MB | 418/858 kB | 72 kB | 47 kBProgress (4): 0.5/1.9 MB | 434/858 kB | 72 kB | 47 kBProgress (4): 0.5/1.9 MB | 451/858 kB | 72 kB | 47 kB                                                     Downloaded from central: https://repo.maven.apache.org/maven2/io/micrometer/micrometer-commons/1.12.5/micrometer-commons-1.12.5.jar (47 kB at 31 kB/s)
Downloading from central: https://repo.maven.apache.org/maven2/org/slf4j/slf4j-api/2.0.13/slf4j-api-2.0.13.jar
Downloaded from central: https://repo.maven.apache.org/maven2/io/micrometer/micrometer-observation/1.12.5/micrometer-observation-1.12.5.jar (72 kB at 46 kB/s)
Downloading from central: https://repo.maven.apache.org/maven2/org/springframework/data/spring-data-relational/3.2.5/spring-data-relational-3.2.5.jar
Progress (2): 0.5/1.9 MB | 467/858 kBProgress (2): 0.5/1.9 MB | 483/858 kBProgress (2): 0.5/1.9 MB | 483/858 kBProgress (2): 0.5/1.9 MB | 500/858 kBProgress (2): 0.5/1.9 MB | 516/858 kBProgress (2): 0.5/1.9 MB | 516/858 kBProgress (2): 0.5/1.9 MB | 532/858 kBProgress (2): 0.6/1.9 MB | 532/858 kBProgress (2): 0.6/1.9 MB | 532/858 kBProgress (2): 0.6/1.9 MB | 549/858 kBProgress (2): 0.6/1.9 MB | 549/858 kBProgress (2): 0.6/1.9 MB | 549/858 kBProgress (2): 0.6/1.9 MB | 565/858 kBProgress (2): 0.6/1.9 MB | 565/858 kBProgress (2): 0.6/1.9 MB | 582/858 kBProgress (2): 0.6/1.9 MB | 582/858 kBProgress (2): 0.7/1.9 MB | 582/858 kBProgress (2): 0.7/1.9 MB | 582/858 kBProgress (2): 0.7/1.9 MB | 598/858 kBProgress (2): 0.7/1.9 MB | 598/858 kBProgress (2): 0.7/1.9 MB | 614/858 kBProgress (2): 0.7/1.9 MB | 614/858 kBProgress (2): 0.7/1.9 MB | 631/858 kBProgress (2): 0.7/1.9 MB | 631/858 kBProgress (2): 0.7/1.9 MB | 631/858 kBProgress (2): 0.8/1.9 MB | 631/858 kBProgress (2): 0.8/1.9 MB | 647/858 kBProgress (2): 0.8/1.9 MB | 647/858 kBProgress (2): 0.8/1.9 MB | 664/858 kBProgress (2): 0.8/1.9 MB | 680/858 kBProgress (2): 0.8/1.9 MB | 680/858 kBProgress (2): 0.8/1.9 MB | 696/858 kBProgress (2): 0.8/1.9 MB | 696/858 kBProgress (2): 0.8/1.9 MB | 713/858 kBProgress (2): 0.8/1.9 MB | 713/858 kBProgress (2): 0.8/1.9 MB | 729/858 kBProgress (2): 0.8/1.9 MB | 745/858 kBProgress (2): 0.8/1.9 MB | 745/858 kBProgress (2): 0.8/1.9 MB | 762/858 kBProgress (2): 0.9/1.9 MB | 762/858 kBProgress (2): 0.9/1.9 MB | 778/858 kBProgress (2): 0.9/1.9 MB | 778/858 kBProgress (2): 0.9/1.9 MB | 795/858 kBProgress (2): 0.9/1.9 MB | 795/858 kBProgress (2): 0.9/1.9 MB | 811/858 kBProgress (2): 0.9/1.9 MB | 811/858 kBProgress (3): 0.9/1.9 MB | 811/858 kB | 0/1.4 MBProgress (3): 0.9/1.9 MB | 827/858 kB | 0/1.4 MBProgress (3): 0.9/1.9 MB | 827/858 kB | 0/1.4 MBProgress (3): 0.9/1.9 MB | 844/858 kB | 0/1.4 MBProgress (3): 0.9/1.9 MB | 844/858 kB | 0/1.4 MBProgress (3): 0.9/1.9 MB | 858 kB | 0/1.4 MB    Progress (3): 0.9/1.9 MB | 858 kB | 0/1.4 MBProgress (3): 0.9/1.9 MB | 858 kB | 0/1.4 MB                                            Downloaded from central: https://repo.maven.apache.org/maven2/org/springframework/spring-beans/6.1.6/spring-beans-6.1.6.jar (858 kB at 528 kB/s)
Downloading from central: https://repo.maven.apache.org/maven2/org/springframework/spring-tx/6.1.6/spring-tx-6.1.6.jar
Progress (2): 0.9/1.9 MB | 0/1.4 MBProgress (2): 1.0/1.9 MB | 0/1.4 MBProgress (2): 1.0/1.9 MB | 0.1/1.4 MBProgress (2): 1.0/1.9 MB | 0.1/1.4 MBProgress (2): 1.0/1.9 MB | 0.1/1.4 MBProgress (2): 1.0/1.9 MB | 0.1/1.4 MBProgress (2): 1.0/1.9 MB | 0.1/1.4 MBProgress (2): 1.0/1.9 MB | 0.1/1.4 MBProgress (2): 1.0/1.9 MB | 0.1/1.4 MBProgress (2): 1.0/1.9 MB | 0.1/1.4 MBProgress (3): 1.0/1.9 MB | 0.1/1.4 MB | 7.7/69 kBProgress (3): 1.0/1.9 MB | 0.1/1.4 MB | 7.7/69 kBProgress (3): 1.0/1.9 MB | 0.1/1.4 MB | 11/69 kB Progress (3): 1.0/1.9 MB | 0.1/1.4 MB | 11/69 kBProgress (3): 1.0/1.9 MB | 0.1/1.4 MB | 11/69 kBProgress (3): 1.0/1.9 MB | 0.1/1.4 MB | 11/69 kBProgress (3): 1.0/1.9 MB | 0.1/1.4 MB | 11/69 kBProgress (3): 1.0/1.9 MB | 0.2/1.4 MB | 11/69 kBProgress (4): 1.0/1.9 MB | 0.2/1.4 MB | 11/69 kB | 7.7/505 kBProgress (4): 1.1/1.9 MB | 0.2/1.4 MB | 11/69 kB | 7.7/505 kBProgress (4): 1.1/1.9 MB | 0.2/1.4 MB | 11/69 kB | 16/505 kB Progress (4): 1.1/1.9 MB | 0.2/1.4 MB | 11/69 kB | 16/505 kBProgress (4): 1.1/1.9 MB | 0.2/1.4 MB | 11/69 kB | 24/505 kBProgress (4): 1.1/1.9 MB | 0.2/1.4 MB | 11/69 kB | 24/505 kBProgress (4): 1.1/1.9 MB | 0.2/1.4 MB | 28/69 kB | 24/505 kBProgress (4): 1.1/1.9 MB | 0.2/1.4 MB | 28/69 kB | 24/505 kBProgress (4): 1.1/1.9 MB | 0.2/1.4 MB | 28/69 kB | 24/505 kBProgress (4): 1.1/1.9 MB | 0.2/1.4 MB | 28/69 kB | 24/505 kBProgress (4): 1.1/1.9 MB | 0.2/1.4 MB | 28/69 kB | 40/505 kBProgress (4): 1.1/1.9 MB | 0.2/1.4 MB | 28/69 kB | 40/505 kBProgress (4): 1.1/1.9 MB | 0.2/1.4 MB | 28/69 kB | 40/505 kBProgress (4): 1.1/1.9 MB | 0.2/1.4 MB | 28/69 kB | 40/505 kBProgress (4): 1.1/1.9 MB | 0.2/1.4 MB | 28/69 kB | 57/505 kBProgress (4): 1.1/1.9 MB | 0.2/1.4 MB | 28/69 kB | 57/505 kBProgress (4): 1.2/1.9 MB | 0.2/1.4 MB | 28/69 kB | 57/505 kBProgress (4): 1.2/1.9 MB | 0.2/1.4 MB | 44/69 kB | 57/505 kBProgress (4): 1.2/1.9 MB | 0.2/1.4 MB | 44/69 kB | 57/505 kBProgress (4): 1.2/1.9 MB | 0.2/1.4 MB | 44/69 kB | 57/505 kBProgress (4): 1.2/1.9 MB | 0.2/1.4 MB | 44/69 kB | 73/505 kBProgress (4): 1.2/1.9 MB | 0.2/1.4 MB | 44/69 kB | 73/505 kBProgress (4): 1.2/1.9 MB | 0.2/1.4 MB | 61/69 kB | 73/505 kBProgress (4): 1.2/1.9 MB | 0.2/1.4 MB | 61/69 kB | 73/505 kBProgress (4): 1.2/1.9 MB | 0.2/1.4 MB | 61/69 kB | 73/505 kBProgress (4): 1.2/1.9 MB | 0.2/1.4 MB | 61/69 kB | 73/505 kBProgress (4): 1.2/1.9 MB | 0.2/1.4 MB | 69 kB | 73/505 kB   Progress (4): 1.2/1.9 MB | 0.3/1.4 MB | 69 kB | 73/505 kBProgress (4): 1.3/1.9 MB | 0.3/1.4 MB | 69 kB | 73/505 kB                                                         Downloaded from central: https://repo.maven.apache.org/maven2/org/slf4j/slf4j-api/2.0.13/slf4j-api-2.0.13.jar (69 kB at 41 kB/s)
Progress (3): 1.3/1.9 MB | 0.3/1.4 MB | 90/505 kB                                                 Downloading from central: https://repo.maven.apache.org/maven2/com/github/jsqlparser/jsqlparser/4.6/jsqlparser-4.6.jar
Progress (3): 1.3/1.9 MB | 0.3/1.4 MB | 90/505 kBProgress (3): 1.3/1.9 MB | 0.3/1.4 MB | 90/505 kBProgress (3): 1.3/1.9 MB | 0.3/1.4 MB | 106/505 kBProgress (3): 1.3/1.9 MB | 0.3/1.4 MB | 106/505 kBProgress (3): 1.3/1.9 MB | 0.3/1.4 MB | 122/505 kBProgress (3): 1.3/1.9 MB | 0.3/1.4 MB | 122/505 kBProgress (3): 1.3/1.9 MB | 0.3/1.4 MB | 122/505 kBProgress (3): 1.3/1.9 MB | 0.3/1.4 MB | 122/505 kBProgress (3): 1.3/1.9 MB | 0.3/1.4 MB | 139/505 kBProgress (3): 1.3/1.9 MB | 0.3/1.4 MB | 139/505 kBProgress (3): 1.3/1.9 MB | 0.3/1.4 MB | 139/505 kBProgress (3): 1.3/1.9 MB | 0.3/1.4 MB | 155/505 kBProgress (3): 1.3/1.9 MB | 0.3/1.4 MB | 155/505 kBProgress (3): 1.3/1.9 MB | 0.3/1.4 MB | 155/505 kBProgress (3): 1.3/1.9 MB | 0.3/1.4 MB | 156/505 kBProgress (3): 1.4/1.9 MB | 0.3/1.4 MB | 156/505 kBProgress (3): 1.4/1.9 MB | 0.3/1.4 MB | 164/505 kBProgress (3): 1.4/1.9 MB | 0.3/1.4 MB | 164/505 kBProgress (3): 1.4/1.9 MB | 0.3/1.4 MB | 180/505 kBProgress (3): 1.4/1.9 MB | 0.3/1.4 MB | 180/505 kBProgress (3): 1.4/1.9 MB | 0.3/1.4 MB | 197/505 kBProgress (3): 1.4/1.9 MB | 0.3/1.4 MB | 197/505 kBProgress (4): 1.4/1.9 MB | 0.3/1.4 MB | 197/505 kB | 7.7/285 kBProgress (4): 1.4/1.9 MB | 0.3/1.4 MB | 205/505 kB | 7.7/285 kBProgress (4): 1.4/1.9 MB | 0.3/1.4 MB | 205/505 kB | 7.7/285 kBProgress (4): 1.4/1.9 MB | 0.3/1.4 MB | 205/505 kB | 12/285 kB Progress (4): 1.4/1.9 MB | 0.3/1.4 MB | 221/505 kB | 12/285 kBProgress (4): 1.4/1.9 MB | 0.4/1.4 MB | 221/505 kB | 12/285 kBProgress (4): 1.4/1.9 MB | 0.4/1.4 MB | 221/505 kB | 12/285 kBProgress (4): 1.4/1.9 MB | 0.4/1.4 MB | 229/505 kB | 12/285 kBProgress (4): 1.4/1.9 MB | 0.4/1.4 MB | 229/505 kB | 12/285 kBProgress (4): 1.4/1.9 MB | 0.4/1.4 MB | 246/505 kB | 12/285 kBProgress (4): 1.5/1.9 MB | 0.4/1.4 MB | 246/505 kB | 12/285 kBProgress (4): 1.5/1.9 MB | 0.4/1.4 MB | 246/505 kB | 29/285 kBProgress (4): 1.5/1.9 MB | 0.4/1.4 MB | 246/505 kB | 29/285 kBProgress (4): 1.5/1.9 MB | 0.4/1.4 MB | 254/505 kB | 29/285 kBProgress (4): 1.5/1.9 MB | 0.4/1.4 MB | 254/505 kB | 29/285 kBProgress (4): 1.5/1.9 MB | 0.4/1.4 MB | 254/505 kB | 45/285 kBProgress (4): 1.5/1.9 MB | 0.4/1.4 MB | 270/505 kB | 45/285 kBProgress (4): 1.5/1.9 MB | 0.4/1.4 MB | 270/505 kB | 45/285 kBProgress (4): 1.5/1.9 MB | 0.4/1.4 MB | 270/505 kB | 45/285 kBProgress (4): 1.5/1.9 MB | 0.4/1.4 MB | 270/505 kB | 61/285 kBProgress (4): 1.5/1.9 MB | 0.4/1.4 MB | 270/505 kB | 61/285 kBProgress (4): 1.5/1.9 MB | 0.4/1.4 MB | 270/505 kB | 61/285 kBProgress (4): 1.5/1.9 MB | 0.4/1.4 MB | 287/505 kB | 61/285 kBProgress (4): 1.5/1.9 MB | 0.4/1.4 MB | 287/505 kB | 61/285 kBProgress (4): 1.5/1.9 MB | 0.4/1.4 MB | 287/505 kB | 61/285 kBProgress (4): 1.6/1.9 MB | 0.4/1.4 MB | 287/505 kB | 61/285 kBProgress (4): 1.6/1.9 MB | 0.4/1.4 MB | 287/505 kB | 78/285 kBProgress (4): 1.6/1.9 MB | 0.4/1.4 MB | 287/505 kB | 78/285 kBProgress (4): 1.6/1.9 MB | 0.4/1.4 MB | 287/505 kB | 78/285 kBProgress (4): 1.6/1.9 MB | 0.4/1.4 MB | 287/505 kB | 78/285 kBProgress (4): 1.6/1.9 MB | 0.4/1.4 MB | 303/505 kB | 78/285 kBProgress (4): 1.6/1.9 MB | 0.4/1.4 MB | 303/505 kB | 78/285 kBProgress (4): 1.6/1.9 MB | 0.5/1.4 MB | 303/505 kB | 78/285 kBProgress (4): 1.6/1.9 MB | 0.5/1.4 MB | 303/505 kB | 78/285 kBProgress (4): 1.6/1.9 MB | 0.5/1.4 MB | 303/505 kB | 78/285 kBProgress (4): 1.6/1.9 MB | 0.5/1.4 MB | 303/505 kB | 78/285 kBProgress (4): 1.6/1.9 MB | 0.5/1.4 MB | 303/505 kB | 78/285 kBProgress (4): 1.6/1.9 MB | 0.5/1.4 MB | 303/505 kB | 94/285 kBProgress (4): 1.6/1.9 MB | 0.5/1.4 MB | 303/505 kB | 94/285 kBProgress (4): 1.6/1.9 MB | 0.5/1.4 MB | 319/505 kB | 94/285 kBProgress (4): 1.6/1.9 MB | 0.5/1.4 MB | 319/505 kB | 94/285 kBProgress (4): 1.6/1.9 MB | 0.5/1.4 MB | 319/505 kB | 94/285 kBProgress (4): 1.6/1.9 MB | 0.5/1.4 MB | 336/505 kB | 94/285 kBProgress (4): 1.6/1.9 MB | 0.5/1.4 MB | 336/505 kB | 111/285 kBProgress (4): 1.6/1.9 MB | 0.5/1.4 MB | 352/505 kB | 111/285 kBProgress (4): 1.6/1.9 MB | 0.5/1.4 MB | 352/505 kB | 127/285 kBProgress (4): 1.6/1.9 MB | 0.5/1.4 MB | 352/505 kB | 143/285 kBProgress (4): 1.6/1.9 MB | 0.5/1.4 MB | 352/505 kB | 143/285 kBProgress (4): 1.6/1.9 MB | 0.5/1.4 MB | 352/505 kB | 160/285 kBProgress (4): 1.6/1.9 MB | 0.5/1.4 MB | 352/505 kB | 160/285 kBProgress (4): 1.6/1.9 MB | 0.5/1.4 MB | 352/505 kB | 164/285 kBProgress (4): 1.7/1.9 MB | 0.5/1.4 MB | 352/505 kB | 164/285 kBProgress (4): 1.7/1.9 MB | 0.5/1.4 MB | 352/505 kB | 180/285 kBProgress (4): 1.7/1.9 MB | 0.5/1.4 MB | 352/505 kB | 180/285 kBProgress (4): 1.7/1.9 MB | 0.5/1.4 MB | 352/505 kB | 180/285 kBProgress (4): 1.7/1.9 MB | 0.5/1.4 MB | 352/505 kB | 180/285 kBProgress (4): 1.7/1.9 MB | 0.5/1.4 MB | 369/505 kB | 180/285 kBProgress (4): 1.7/1.9 MB | 0.5/1.4 MB | 369/505 kB | 180/285 kBProgress (4): 1.7/1.9 MB | 0.5/1.4 MB | 385/505 kB | 180/285 kBProgress (4): 1.7/1.9 MB | 0.5/1.4 MB | 401/505 kB | 180/285 kBProgress (4): 1.7/1.9 MB | 0.5/1.4 MB | 418/505 kB | 180/285 kBProgress (4): 1.7/1.9 MB | 0.5/1.4 MB | 418/505 kB | 196/285 kBProgress (4): 1.7/1.9 MB | 0.6/1.4 MB | 418/505 kB | 196/285 kBProgress (4): 1.7/1.9 MB | 0.6/1.4 MB | 418/505 kB | 213/285 kBProgress (4): 1.7/1.9 MB | 0.6/1.4 MB | 434/505 kB | 213/285 kBProgress (4): 1.7/1.9 MB | 0.6/1.4 MB | 434/505 kB | 229/285 kBProgress (4): 1.7/1.9 MB | 0.6/1.4 MB | 434/505 kB | 229/285 kBProgress (5): 1.7/1.9 MB | 0.6/1.4 MB | 434/505 kB | 229/285 kB | 7.7/945 kBProgress (5): 1.7/1.9 MB | 0.6/1.4 MB | 434/505 kB | 245/285 kB | 7.7/945 kBProgress (5): 1.7/1.9 MB | 0.6/1.4 MB | 434/505 kB | 245/285 kB | 7.7/945 kBProgress (5): 1.7/1.9 MB | 0.6/1.4 MB | 451/505 kB | 245/285 kB | 7.7/945 kBProgress (5): 1.7/1.9 MB | 0.6/1.4 MB | 451/505 kB | 245/285 kB | 7.7/945 kBProgress (5): 1.7/1.9 MB | 0.6/1.4 MB | 451/505 kB | 262/285 kB | 7.7/945 kBProgress (5): 1.7/1.9 MB | 0.6/1.4 MB | 451/505 kB | 262/285 kB | 7.7/945 kBProgress (5): 1.7/1.9 MB | 0.6/1.4 MB | 451/505 kB | 262/285 kB | 7.7/945 kBProgress (5): 1.7/1.9 MB | 0.6/1.4 MB | 451/505 kB | 262/285 kB | 16/945 kB Progress (5): 1.8/1.9 MB | 0.6/1.4 MB | 451/505 kB | 262/285 kB | 16/945 kBProgress (5): 1.8/1.9 MB | 0.6/1.4 MB | 451/505 kB | 262/285 kB | 16/945 kBProgress (5): 1.8/1.9 MB | 0.6/1.4 MB | 451/505 kB | 262/285 kB | 16/945 kBProgress (5): 1.8/1.9 MB | 0.6/1.4 MB | 451/505 kB | 278/285 kB | 16/945 kBProgress (5): 1.8/1.9 MB | 0.6/1.4 MB | 467/505 kB | 278/285 kB | 16/945 kBProgress (5): 1.8/1.9 MB | 0.6/1.4 MB | 467/505 kB | 285 kB | 16/945 kB    Progress (5): 1.8/1.9 MB | 0.6/1.4 MB | 467/505 kB | 285 kB | 16/945 kBProgress (5): 1.8/1.9 MB | 0.6/1.4 MB | 467/505 kB | 285 kB | 16/945 kBProgress (5): 1.8/1.9 MB | 0.6/1.4 MB | 467/505 kB | 285 kB | 29/945 kBProgress (5): 1.8/1.9 MB | 0.6/1.4 MB | 467/505 kB | 285 kB | 29/945 kBProgress (5): 1.8/1.9 MB | 0.7/1.4 MB | 467/505 kB | 285 kB | 29/945 kBProgress (5): 1.8/1.9 MB | 0.7/1.4 MB | 467/505 kB | 285 kB | 29/945 kBProgress (5): 1.8/1.9 MB | 0.7/1.4 MB | 483/505 kB | 285 kB | 29/945 kBProgress (5): 1.8/1.9 MB | 0.7/1.4 MB | 483/505 kB | 285 kB | 29/945 kBProgress (5): 1.8/1.9 MB | 0.7/1.4 MB | 500/505 kB | 285 kB | 29/945 kBProgress (5): 1.8/1.9 MB | 0.7/1.4 MB | 505 kB | 285 kB | 29/945 kB    Progress (5): 1.8/1.9 MB | 0.7/1.4 MB | 505 kB | 285 kB | 29/945 kBProgress (5): 1.8/1.9 MB | 0.7/1.4 MB | 505 kB | 285 kB | 45/945 kB                                                                   Downloaded from central: https://repo.maven.apache.org/maven2/org/springframework/spring-tx/6.1.6/spring-tx-6.1.6.jar (285 kB at 155 kB/s)
Downloading from central: https://repo.maven.apache.org/maven2/jakarta/persistence/jakarta.persistence-api/3.1.0/jakarta.persistence-api-3.1.0.jar
Progress (4): 1.8/1.9 MB | 0.7/1.4 MB | 505 kB | 61/945 kB                                                          Downloaded from central: https://repo.maven.apache.org/maven2/org/springframework/data/spring-data-relational/3.2.5/spring-data-relational-3.2.5.jar (505 kB at 275 kB/s)
Progress (3): 1.9/1.9 MB | 0.7/1.4 MB | 61/945 kBProgress (3): 1.9/1.9 MB | 0.7/1.4 MB | 61/945 kBProgress (3): 1.9/1.9 MB | 0.7/1.4 MB | 61/945 kBProgress (3): 1.9/1.9 MB | 0.7/1.4 MB | 61/945 kBProgress (3): 1.9/1.9 MB | 0.7/1.4 MB | 78/945 kBProgress (3): 1.9 MB | 0.7/1.4 MB | 78/945 kB    Progress (3): 1.9 MB | 0.7/1.4 MB | 94/945 kBProgress (3): 1.9 MB | 0.7/1.4 MB | 94/945 kB                                             Downloaded from central: https://repo.maven.apache.org/maven2/org/springframework/spring-core/6.1.6/spring-core-6.1.6.jar (1.9 MB at 1.0 MB/s)
Progress (2): 0.7/1.4 MB | 94/945 kBProgress (2): 0.7/1.4 MB | 111/945 kBProgress (2): 0.8/1.4 MB | 111/945 kBProgress (2): 0.8/1.4 MB | 127/945 kBProgress (2): 0.8/1.4 MB | 127/945 kBProgress (2): 0.8/1.4 MB | 127/945 kBProgress (2): 0.8/1.4 MB | 131/945 kBProgress (2): 0.8/1.4 MB | 131/945 kBProgress (2): 0.8/1.4 MB | 147/945 kBProgress (2): 0.8/1.4 MB | 147/945 kBProgress (2): 0.8/1.4 MB | 164/945 kBProgress (2): 0.8/1.4 MB | 164/945 kBProgress (2): 0.8/1.4 MB | 180/945 kBProgress (2): 0.9/1.4 MB | 180/945 kBProgress (2): 0.9/1.4 MB | 197/945 kBProgress (2): 0.9/1.4 MB | 197/945 kBProgress (2): 0.9/1.4 MB | 213/945 kBProgress (2): 0.9/1.4 MB | 213/945 kBProgress (2): 0.9/1.4 MB | 213/945 kBProgress (2): 0.9/1.4 MB | 229/945 kBProgress (2): 0.9/1.4 MB | 229/945 kBProgress (2): 0.9/1.4 MB | 229/945 kBProgress (2): 0.9/1.4 MB | 246/945 kBProgress (2): 1.0/1.4 MB | 246/945 kBProgress (2): 1.0/1.4 MB | 262/945 kBProgress (2): 1.0/1.4 MB | 262/945 kBProgress (2): 1.0/1.4 MB | 279/945 kBProgress (2): 1.0/1.4 MB | 279/945 kBProgress (2): 1.0/1.4 MB | 295/945 kBProgress (2): 1.0/1.4 MB | 295/945 kBProgress (2): 1.0/1.4 MB | 311/945 kBProgress (2): 1.0/1.4 MB | 328/945 kBProgress (2): 1.0/1.4 MB | 344/945 kBProgress (2): 1.0/1.4 MB | 344/945 kBProgress (2): 1.0/1.4 MB | 360/945 kBProgress (2): 1.0/1.4 MB | 360/945 kBProgress (2): 1.0/1.4 MB | 377/945 kBProgress (2): 1.1/1.4 MB | 377/945 kBProgress (2): 1.1/1.4 MB | 393/945 kBProgress (2): 1.1/1.4 MB | 393/945 kBProgress (2): 1.1/1.4 MB | 410/945 kBProgress (2): 1.1/1.4 MB | 410/945 kBProgress (2): 1.1/1.4 MB | 426/945 kBProgress (2): 1.1/1.4 MB | 442/945 kBProgress (2): 1.1/1.4 MB | 442/945 kBProgress (2): 1.1/1.4 MB | 459/945 kBProgress (2): 1.1/1.4 MB | 475/945 kBProgress (2): 1.1/1.4 MB | 475/945 kBProgress (2): 1.1/1.4 MB | 475/945 kBProgress (2): 1.1/1.4 MB | 492/945 kBProgress (2): 1.2/1.4 MB | 492/945 kBProgress (2): 1.2/1.4 MB | 508/945 kBProgress (2): 1.2/1.4 MB | 508/945 kBProgress (2): 1.2/1.4 MB | 508/945 kBProgress (2): 1.2/1.4 MB | 524/945 kBProgress (2): 1.2/1.4 MB | 524/945 kBProgress (2): 1.2/1.4 MB | 541/945 kBProgress (2): 1.2/1.4 MB | 541/945 kBProgress (2): 1.2/1.4 MB | 557/945 kBProgress (3): 1.2/1.4 MB | 557/945 kB | 7.7/165 kBProgress (3): 1.2/1.4 MB | 557/945 kB | 7.7/165 kBProgress (3): 1.2/1.4 MB | 573/945 kB | 7.7/165 kBProgress (3): 1.2/1.4 MB | 573/945 kB | 8.2/165 kBProgress (3): 1.2/1.4 MB | 583/945 kB | 8.2/165 kBProgress (3): 1.2/1.4 MB | 583/945 kB | 8.2/165 kBProgress (3): 1.2/1.4 MB | 583/945 kB | 25/165 kB Progress (3): 1.3/1.4 MB | 583/945 kB | 25/165 kBProgress (3): 1.3/1.4 MB | 600/945 kB | 25/165 kBProgress (3): 1.3/1.4 MB | 600/945 kB | 41/165 kBProgress (3): 1.3/1.4 MB | 600/945 kB | 57/165 kBProgress (3): 1.3/1.4 MB | 600/945 kB | 57/165 kBProgress (3): 1.3/1.4 MB | 616/945 kB | 57/165 kBProgress (3): 1.3/1.4 MB | 616/945 kB | 74/165 kBProgress (3): 1.3/1.4 MB | 633/945 kB | 74/165 kBProgress (3): 1.3/1.4 MB | 633/945 kB | 90/165 kBProgress (3): 1.3/1.4 MB | 633/945 kB | 90/165 kBProgress (3): 1.3/1.4 MB | 649/945 kB | 90/165 kBProgress (3): 1.3/1.4 MB | 649/945 kB | 106/165 kBProgress (3): 1.3/1.4 MB | 665/945 kB | 106/165 kBProgress (3): 1.3/1.4 MB | 665/945 kB | 123/165 kBProgress (3): 1.3/1.4 MB | 665/945 kB | 123/165 kBProgress (3): 1.3/1.4 MB | 682/945 kB | 123/165 kBProgress (3): 1.3/1.4 MB | 698/945 kB | 123/165 kBProgress (3): 1.3/1.4 MB | 698/945 kB | 123/165 kBProgress (3): 1.3/1.4 MB | 698/945 kB | 139/165 kBProgress (3): 1.3/1.4 MB | 698/945 kB | 139/165 kBProgress (3): 1.3/1.4 MB | 715/945 kB | 139/165 kBProgress (3): 1.3/1.4 MB | 715/945 kB | 156/165 kBProgress (3): 1.4/1.4 MB | 715/945 kB | 156/165 kBProgress (3): 1.4/1.4 MB | 731/945 kB | 156/165 kBProgress (3): 1.4/1.4 MB | 731/945 kB | 165 kB    Progress (3): 1.4/1.4 MB | 747/945 kB | 165 kBProgress (3): 1.4/1.4 MB | 764/945 kB | 165 kBProgress (3): 1.4/1.4 MB | 764/945 kB | 165 kB                                              Downloaded from central: https://repo.maven.apache.org/maven2/jakarta/persistence/jakarta.persistence-api/3.1.0/jakarta.persistence-api-3.1.0.jar (165 kB at 85 kB/s)
Progress (2): 1.4/1.4 MB | 764/945 kBProgress (2): 1.4/1.4 MB | 780/945 kBProgress (2): 1.4/1.4 MB | 780/945 kBProgress (2): 1.4/1.4 MB | 796/945 kBProgress (2): 1.4/1.4 MB | 796/945 kBProgress (2): 1.4/1.4 MB | 813/945 kBProgress (2): 1.4/1.4 MB | 813/945 kBProgress (2): 1.4/1.4 MB | 829/945 kBProgress (2): 1.4/1.4 MB | 846/945 kBProgress (2): 1.4 MB | 846/945 kB    Progress (2): 1.4 MB | 862/945 kB                                 Downloaded from central: https://repo.maven.apache.org/maven2/org/springframework/data/spring-data-commons/3.2.5/spring-data-commons-3.2.5.jar (1.4 MB at 730 kB/s)
Progress (1): 878/945 kBProgress (1): 895/945 kBProgress (1): 911/945 kBProgress (1): 928/945 kBProgress (1): 944/945 kBProgress (1): 945 kB                        Downloaded from central: https://repo.maven.apache.org/maven2/com/github/jsqlparser/jsqlparser/4.6/jsqlparser-4.6.jar (945 kB at 478 kB/s)
[INFO] 
[INFO] --- clean:3.3.2:clean (default-clean) @ domain ---
[INFO] Deleting /app/domain/target
[INFO] 
[INFO] --- resources:3.3.1:resources (default-resources) @ domain ---
Downloading from central: https://repo.maven.apache.org/maven2/org/codehaus/plexus/plexus-interpolation/1.26/plexus-interpolation-1.26.pom
Progress (1): 1.4 kBProgress (1): 2.7 kB                    Downloaded from central: https://repo.maven.apache.org/maven2/org/codehaus/plexus/plexus-interpolation/1.26/plexus-interpolation-1.26.pom (2.7 kB at 29 kB/s)
Downloading from central: https://repo.maven.apache.org/maven2/org/codehaus/plexus/plexus/5.1/plexus-5.1.pom
Progress (1): 700 BProgress (1): 2.7 kBProgress (1): 6.5 kBProgress (1): 9.1 kBProgress (1): 12 kB Progress (1): 16 kBProgress (1): 21 kBProgress (1): 23 kB                   Downloaded from central: https://repo.maven.apache.org/maven2/org/codehaus/plexus/plexus/5.1/plexus-5.1.pom (23 kB at 227 kB/s)
Downloading from central: https://repo.maven.apache.org/maven2/org/codehaus/plexus/plexus-utils/3.5.1/plexus-utils-3.5.1.pom
Progress (1): 726 BProgress (1): 2.4 kBProgress (1): 4.4 kBProgress (1): 8.6 kBProgress (1): 8.8 kB                    Downloaded from central: https://repo.maven.apache.org/maven2/org/codehaus/plexus/plexus-utils/3.5.1/plexus-utils-3.5.1.pom (8.8 kB at 63 kB/s)
Downloading from central: https://repo.maven.apache.org/maven2/org/codehaus/plexus/plexus/10/plexus-10.pom
Progress (1): 696 BProgress (1): 2.7 kBProgress (1): 6.4 kBProgress (1): 9.2 kBProgress (1): 11 kB Progress (1): 16 kBProgress (1): 20 kBProgress (1): 24 kBProgress (1): 25 kB                   Downloaded from central: https://repo.maven.apache.org/maven2/org/codehaus/plexus/plexus/10/plexus-10.pom (25 kB at 200 kB/s)
Downloading from central: https://repo.maven.apache.org/maven2/org/apache/maven/shared/maven-filtering/3.3.1/maven-filtering-3.3.1.pom
Progress (1): 793 BProgress (1): 2.3 kBProgress (1): 5.6 kBProgress (1): 6.0 kB                    Downloaded from central: https://repo.maven.apache.org/maven2/org/apache/maven/shared/maven-filtering/3.3.1/maven-filtering-3.3.1.pom (6.0 kB at 63 kB/s)
Downloading from central: https://repo.maven.apache.org/maven2/org/apache/maven/shared/maven-shared-components/39/maven-shared-components-39.pom
Progress (1): 812 BProgress (1): 2.2 kBProgress (1): 3.2 kB                    Downloaded from central: https://repo.maven.apache.org/maven2/org/apache/maven/shared/maven-shared-components/39/maven-shared-components-39.pom (3.2 kB at 27 kB/s)
Downloading from central: https://repo.maven.apache.org/maven2/javax/inject/javax.inject/1/javax.inject-1.pom
Progress (1): 612 B                   Downloaded from central: https://repo.maven.apache.org/maven2/javax/inject/javax.inject/1/javax.inject-1.pom (612 B at 3.5 kB/s)
Downloading from central: https://repo.maven.apache.org/maven2/org/slf4j/slf4j-api/1.7.36/slf4j-api-1.7.36.pom
Progress (1): 1.0 kBProgress (1): 2.7 kB                    Downloaded from central: https://repo.maven.apache.org/maven2/org/slf4j/slf4j-api/1.7.36/slf4j-api-1.7.36.pom (2.7 kB at 21 kB/s)
Downloading from central: https://repo.maven.apache.org/maven2/org/slf4j/slf4j-parent/1.7.36/slf4j-parent-1.7.36.pom
Progress (1): 1.0 kBProgress (1): 3.0 kBProgress (1): 5.9 kBProgress (1): 8.7 kBProgress (1): 12 kB Progress (1): 14 kB                   Downloaded from central: https://repo.maven.apache.org/maven2/org/slf4j/slf4j-parent/1.7.36/slf4j-parent-1.7.36.pom (14 kB at 152 kB/s)
Downloading from central: https://repo.maven.apache.org/maven2/org/sonatype/plexus/plexus-build-api/0.0.7/plexus-build-api-0.0.7.pom
Progress (1): 910 BProgress (1): 3.2 kB                    Downloaded from central: https://repo.maven.apache.org/maven2/org/sonatype/plexus/plexus-build-api/0.0.7/plexus-build-api-0.0.7.pom (3.2 kB at 34 kB/s)
Downloading from central: https://repo.maven.apache.org/maven2/org/sonatype/spice/spice-parent/15/spice-parent-15.pom
Progress (1): 1.2 kBProgress (1): 3.7 kBProgress (1): 7.3 kBProgress (1): 8.4 kB                    Downloaded from central: https://repo.maven.apache.org/maven2/org/sonatype/spice/spice-parent/15/spice-parent-15.pom (8.4 kB at 57 kB/s)
Downloading from central: https://repo.maven.apache.org/maven2/org/sonatype/forge/forge-parent/5/forge-parent-5.pom
Progress (1): 1.3 kBProgress (1): 5.5 kBProgress (1): 8.4 kB                    Downloaded from central: https://repo.maven.apache.org/maven2/org/sonatype/forge/forge-parent/5/forge-parent-5.pom (8.4 kB at 79 kB/s)
Downloading from central: https://repo.maven.apache.org/maven2/org/codehaus/plexus/plexus-utils/3.5.0/plexus-utils-3.5.0.pom
Progress (1): 725 BProgress (1): 2.4 kBProgress (1): 4.5 kBProgress (1): 8.0 kB                    Downloaded from central: https://repo.maven.apache.org/maven2/org/codehaus/plexus/plexus-utils/3.5.0/plexus-utils-3.5.0.pom (8.0 kB at 57 kB/s)
Downloading from central: https://repo.maven.apache.org/maven2/commons-io/commons-io/2.11.0/commons-io-2.11.0.pom
Progress (1): 764 BProgress (1): 2.1 kBProgress (1): 5.2 kBProgress (1): 7.8 kBProgress (1): 10 kB Progress (1): 12 kBProgress (1): 15 kBProgress (1): 18 kBProgress (1): 20 kB                   Downloaded from central: https://repo.maven.apache.org/maven2/commons-io/commons-io/2.11.0/commons-io-2.11.0.pom (20 kB at 201 kB/s)
Downloading from central: https://repo.maven.apache.org/maven2/org/apache/commons/commons-parent/52/commons-parent-52.pom
Progress (1): 703 BProgress (1): 1.8 kBProgress (1): 3.1 kBProgress (1): 4.6 kBProgress (1): 6.7 kBProgress (1): 8.1 kBProgress (1): 10 kB Progress (1): 12 kBProgress (1): 15 kBProgress (1): 17 kBProgress (1): 20 kBProgress (1): 22 kBProgress (1): 25 kBProgress (1): 29 kBProgress (1): 32 kBProgress (1): 32 kBProgress (1): 36 kBProgress (1): 39 kBProgress (1): 42 kBProgress (1): 44 kBProgress (1): 47 kBProgress (1): 51 kBProgress (1): 54 kBProgress (1): 56 kBProgress (1): 61 kBProgress (1): 65 kBProgress (1): 73 kBProgress (1): 76 kBProgress (1): 79 kB                   Downloaded from central: https://repo.maven.apache.org/maven2/org/apache/commons/commons-parent/52/commons-parent-52.pom (79 kB at 727 kB/s)
Downloading from central: https://repo.maven.apache.org/maven2/org/apache/apache/23/apache-23.pom
Progress (1): 749 BProgress (1): 2.1 kBProgress (1): 3.9 kBProgress (1): 7.9 kBProgress (1): 13 kB Progress (1): 16 kBProgress (1): 18 kB                   Downloaded from central: https://repo.maven.apache.org/maven2/org/apache/apache/23/apache-23.pom (18 kB at 196 kB/s)
Downloading from central: https://repo.maven.apache.org/maven2/org/junit/junit-bom/5.7.2/junit-bom-5.7.2.pom
Progress (1): 912 BProgress (1): 4.1 kBProgress (1): 5.1 kB                    Downloaded from central: https://repo.maven.apache.org/maven2/org/junit/junit-bom/5.7.2/junit-bom-5.7.2.pom (5.1 kB at 56 kB/s)
Downloading from central: https://repo.maven.apache.org/maven2/org/apache/commons/commons-lang3/3.12.0/commons-lang3-3.12.0.pom
Progress (1): 740 BProgress (1): 2.1 kBProgress (1): 5.4 kBProgress (1): 8.8 kBProgress (1): 12 kB Progress (1): 15 kBProgress (1): 17 kBProgress (1): 19 kBProgress (1): 21 kBProgress (1): 24 kBProgress (1): 28 kBProgress (1): 30 kBProgress (1): 31 kB                   Downloaded from central: https://repo.maven.apache.org/maven2/org/apache/commons/commons-lang3/3.12.0/commons-lang3-3.12.0.pom (31 kB at 304 kB/s)
Downloading from central: https://repo.maven.apache.org/maven2/org/junit/junit-bom/5.7.1/junit-bom-5.7.1.pom
Progress (1): 912 BProgress (1): 4.1 kBProgress (1): 5.1 kB                    Downloaded from central: https://repo.maven.apache.org/maven2/org/junit/junit-bom/5.7.1/junit-bom-5.7.1.pom (5.1 kB at 59 kB/s)
Downloading from central: https://repo.maven.apache.org/maven2/org/codehaus/plexus/plexus-interpolation/1.26/plexus-interpolation-1.26.jar
Progress (1): 7.7/85 kBProgress (1): 7.7/85 kBProgress (1): 24/85 kB Progress (1): 40/85 kBProgress (1): 57/85 kBProgress (1): 73/85 kBProgress (1): 85 kB                      Downloaded from central: https://repo.maven.apache.org/maven2/org/codehaus/plexus/plexus-interpolation/1.26/plexus-interpolation-1.26.jar (85 kB at 123 kB/s)
Downloading from central: https://repo.maven.apache.org/maven2/org/apache/maven/shared/maven-filtering/3.3.1/maven-filtering-3.3.1.jar
Downloading from central: https://repo.maven.apache.org/maven2/org/codehaus/plexus/plexus-utils/3.5.1/plexus-utils-3.5.1.jar
Downloading from central: https://repo.maven.apache.org/maven2/org/sonatype/plexus/plexus-build-api/0.0.7/plexus-build-api-0.0.7.jar
Downloading from central: https://repo.maven.apache.org/maven2/javax/inject/javax.inject/1/javax.inject-1.jar
Progress (1): 7.7/55 kBProgress (1): 7.7/55 kBProgress (1): 24/55 kB Progress (1): 40/55 kBProgress (1): 55 kB                      Downloaded from central: https://repo.maven.apache.org/maven2/org/apache/maven/shared/maven-filtering/3.3.1/maven-filtering-3.3.1.jar (55 kB at 396 kB/s)
Downloading from central: https://repo.maven.apache.org/maven2/commons-io/commons-io/2.11.0/commons-io-2.11.0.jar
Progress (1): 7.7/269 kBProgress (1): 11/269 kB Progress (1): 28/269 kBProgress (1): 44/269 kBProgress (1): 60/269 kBProgress (1): 77/269 kBProgress (1): 93/269 kBProgress (2): 93/269 kB | 2.5 kBProgress (3): 93/269 kB | 2.5 kB | 3.2/8.5 kB                                             Downloading from central: https://repo.maven.apache.org/maven2/org/slf4j/slf4j-api/1.7.36/slf4j-api-1.7.36.jar
Downloaded from central: https://repo.maven.apache.org/maven2/javax/inject/javax.inject/1/javax.inject-1.jar (2.5 kB at 10 kB/s)
Progress (2): 93/269 kB | 8.5 kBProgress (3): 93/269 kB | 8.5 kB | 7.7/327 kBProgress (3): 93/269 kB | 8.5 kB | 12/327 kB Progress (3): 110/269 kB | 8.5 kB | 12/327 kBProgress (3): 110/269 kB | 8.5 kB | 29/327 kB                                             Downloaded from central: https://repo.maven.apache.org/maven2/org/sonatype/plexus/plexus-build-api/0.0.7/plexus-build-api-0.0.7.jar (8.5 kB at 35 kB/s)
Downloading from central: https://repo.maven.apache.org/maven2/org/apache/commons/commons-lang3/3.12.0/commons-lang3-3.12.0.jar
Progress (2): 110/269 kB | 45/327 kBProgress (2): 126/269 kB | 45/327 kBProgress (2): 126/269 kB | 61/327 kBProgress (2): 142/269 kB | 61/327 kBProgress (2): 159/269 kB | 61/327 kBProgress (2): 175/269 kB | 61/327 kBProgress (2): 175/269 kB | 78/327 kBProgress (2): 192/269 kB | 78/327 kBProgress (2): 192/269 kB | 94/327 kBProgress (2): 208/269 kB | 94/327 kBProgress (2): 208/269 kB | 111/327 kBProgress (2): 224/269 kB | 111/327 kBProgress (2): 224/269 kB | 127/327 kBProgress (2): 241/269 kB | 127/327 kBProgress (2): 241/269 kB | 143/327 kBProgress (2): 257/269 kB | 143/327 kBProgress (2): 257/269 kB | 160/327 kBProgress (2): 269 kB | 160/327 kB    Progress (2): 269 kB | 176/327 kBProgress (2): 269 kB | 193/327 kBProgress (2): 269 kB | 209/327 kB                                 Downloaded from central: https://repo.maven.apache.org/maven2/org/codehaus/plexus/plexus-utils/3.5.1/plexus-utils-3.5.1.jar (269 kB at 929 kB/s)
Progress (1): 225/327 kBProgress (1): 242/327 kBProgress (1): 258/327 kBProgress (1): 274/327 kBProgress (1): 291/327 kBProgress (1): 307/327 kBProgress (1): 324/327 kBProgress (1): 327 kB                        Downloaded from central: https://repo.maven.apache.org/maven2/commons-io/commons-io/2.11.0/commons-io-2.11.0.jar (327 kB at 1.1 MB/s)
Progress (1): 7.7/41 kBProgress (1): 16/41 kB Progress (1): 32/41 kBProgress (1): 41 kB                      Downloaded from central: https://repo.maven.apache.org/maven2/org/slf4j/slf4j-api/1.7.36/slf4j-api-1.7.36.jar (41 kB at 121 kB/s)
Progress (1): 7.7/587 kBProgress (1): 11/587 kB Progress (1): 28/587 kBProgress (1): 44/587 kBProgress (1): 61/587 kBProgress (1): 77/587 kBProgress (1): 93/587 kBProgress (1): 110/587 kBProgress (1): 126/587 kBProgress (1): 134/587 kBProgress (1): 151/587 kBProgress (1): 167/587 kBProgress (1): 183/587 kBProgress (1): 200/587 kBProgress (1): 208/587 kBProgress (1): 224/587 kBProgress (1): 241/587 kBProgress (1): 257/587 kBProgress (1): 265/587 kBProgress (1): 282/587 kBProgress (1): 298/587 kBProgress (1): 314/587 kBProgress (1): 323/587 kBProgress (1): 331/587 kBProgress (1): 339/587 kBProgress (1): 352/587 kBProgress (1): 355/587 kBProgress (1): 372/587 kBProgress (1): 388/587 kBProgress (1): 405/587 kBProgress (1): 421/587 kBProgress (1): 437/587 kBProgress (1): 454/587 kBProgress (1): 470/587 kBProgress (1): 483/587 kBProgress (1): 500/587 kBProgress (1): 516/587 kBProgress (1): 532/587 kBProgress (1): 549/587 kBProgress (1): 565/587 kBProgress (1): 582/587 kBProgress (1): 587 kB                        Downloaded from central: https://repo.maven.apache.org/maven2/org/apache/commons/commons-lang3/3.12.0/commons-lang3-3.12.0.jar (587 kB at 1.4 MB/s)
[INFO] skip non existing resourceDirectory /app/domain/src/main/resources
[INFO] skip non existing resourceDirectory /app/domain/src/main/resources
[INFO] 
[INFO] --- compiler:3.11.0:compile (default-compile) @ domain ---
Downloading from central: https://repo.maven.apache.org/maven2/org/apache/maven/shared/maven-shared-utils/3.3.4/maven-shared-utils-3.3.4.pom
Progress (1): 819 BProgress (1): 2.3 kBProgress (1): 4.0 kBProgress (1): 5.8 kB                    Downloaded from central: https://repo.maven.apache.org/maven2/org/apache/maven/shared/maven-shared-utils/3.3.4/maven-shared-utils-3.3.4.pom (5.8 kB at 60 kB/s)
Downloading from central: https://repo.maven.apache.org/maven2/org/apache/maven/shared/maven-shared-components/34/maven-shared-components-34.pom
Progress (1): 781 BProgress (1): 2.3 kBProgress (1): 4.6 kBProgress (1): 5.1 kB                    Downloaded from central: https://repo.maven.apache.org/maven2/org/apache/maven/shared/maven-shared-components/34/maven-shared-components-34.pom (5.1 kB at 53 kB/s)
Downloading from central: https://repo.maven.apache.org/maven2/org/apache/maven/maven-parent/34/maven-parent-34.pom
Progress (1): 727 BProgress (1): 1.9 kBProgress (1): 5.4 kBProgress (1): 9.8 kBProgress (1): 14 kB Progress (1): 19 kBProgress (1): 23 kBProgress (1): 26 kBProgress (1): 27 kBProgress (1): 30 kBProgress (1): 34 kBProgress (1): 37 kBProgress (1): 41 kBProgress (1): 43 kB                   Downloaded from central: https://repo.maven.apache.org/maven2/org/apache/maven/maven-parent/34/maven-parent-34.pom (43 kB at 397 kB/s)
Downloading from central: https://repo.maven.apache.org/maven2/commons-io/commons-io/2.6/commons-io-2.6.pom
Progress (1): 782 BProgress (1): 2.1 kBProgress (1): 5.3 kBProgress (1): 7.5 kBProgress (1): 9.5 kBProgress (1): 12 kB Progress (1): 14 kB                   Downloaded from central: https://repo.maven.apache.org/maven2/commons-io/commons-io/2.6/commons-io-2.6.pom (14 kB at 145 kB/s)
Downloading from central: https://repo.maven.apache.org/maven2/org/apache/commons/commons-parent/42/commons-parent-42.pom
Progress (1): 707 BProgress (1): 1.9 kBProgress (1): 3.1 kBProgress (1): 4.5 kBProgress (1): 5.9 kBProgress (1): 7.5 kBProgress (1): 11 kB Progress (1): 14 kBProgress (1): 17 kBProgress (1): 21 kBProgress (1): 24 kBProgress (1): 26 kBProgress (1): 29 kBProgress (1): 31 kBProgress (1): 34 kBProgress (1): 34 kBProgress (1): 37 kBProgress (1): 40 kBProgress (1): 44 kBProgress (1): 49 kBProgress (1): 53 kBProgress (1): 55 kBProgress (1): 59 kBProgress (1): 60 kBProgress (1): 62 kBProgress (1): 65 kBProgress (1): 66 kBProgress (1): 68 kB                   Downloaded from central: https://repo.maven.apache.org/maven2/org/apache/commons/commons-parent/42/commons-parent-42.pom (68 kB at 581 kB/s)
Downloading from central: https://repo.maven.apache.org/maven2/org/apache/apache/18/apache-18.pom
Progress (1): 748 BProgress (1): 2.1 kBProgress (1): 3.9 kBProgress (1): 8.0 kBProgress (1): 12 kB Progress (1): 15 kBProgress (1): 16 kB                   Downloaded from central: https://repo.maven.apache.org/maven2/org/apache/apache/18/apache-18.pom (16 kB at 162 kB/s)
Downloading from central: https://repo.maven.apache.org/maven2/org/apache/maven/shared/maven-shared-incremental/1.1/maven-shared-incremental-1.1.pom
Progress (1): 806 BProgress (1): 2.3 kBProgress (1): 4.7 kB                    Downloaded from central: https://repo.maven.apache.org/maven2/org/apache/maven/shared/maven-shared-incremental/1.1/maven-shared-incremental-1.1.pom (4.7 kB at 45 kB/s)
Downloading from central: https://repo.maven.apache.org/maven2/org/apache/maven/shared/maven-shared-components/19/maven-shared-components-19.pom
Progress (1): 773 BProgress (1): 2.4 kBProgress (1): 4.2 kBProgress (1): 6.4 kB                    Downloaded from central: https://repo.maven.apache.org/maven2/org/apache/maven/shared/maven-shared-components/19/maven-shared-components-19.pom (6.4 kB at 58 kB/s)
Downloading from central: https://repo.maven.apache.org/maven2/org/apache/maven/maven-parent/23/maven-parent-23.pom
Progress (1): 726 BProgress (1): 2.0 kBProgress (1): 5.9 kBProgress (1): 10 kB Progress (1): 15 kBProgress (1): 19 kBProgress (1): 22 kBProgress (1): 25 kBProgress (1): 27 kBProgress (1): 31 kBProgress (1): 33 kB                   Downloaded from central: https://repo.maven.apache.org/maven2/org/apache/maven/maven-parent/23/maven-parent-23.pom (33 kB at 343 kB/s)
Downloading from central: https://repo.maven.apache.org/maven2/org/apache/apache/13/apache-13.pom
Progress (1): 814 BProgress (1): 2.3 kBProgress (1): 4.0 kBProgress (1): 8.7 kBProgress (1): 11 kB Progress (1): 14 kB                   Downloaded from central: https://repo.maven.apache.org/maven2/org/apache/apache/13/apache-13.pom (14 kB at 141 kB/s)
Downloading from central: https://repo.maven.apache.org/maven2/org/codehaus/plexus/plexus-component-annotations/1.5.5/plexus-component-annotations-1.5.5.pom
Progress (1): 815 B                   Downloaded from central: https://repo.maven.apache.org/maven2/org/codehaus/plexus/plexus-component-annotations/1.5.5/plexus-component-annotations-1.5.5.pom (815 B at 8.7 kB/s)
Downloading from central: https://repo.maven.apache.org/maven2/org/codehaus/plexus/plexus-containers/1.5.5/plexus-containers-1.5.5.pom
Progress (1): 1.3 kBProgress (1): 4.2 kB                    Downloaded from central: https://repo.maven.apache.org/maven2/org/codehaus/plexus/plexus-containers/1.5.5/plexus-containers-1.5.5.pom (4.2 kB at 47 kB/s)
Downloading from central: https://repo.maven.apache.org/maven2/org/codehaus/plexus/plexus/2.0.7/plexus-2.0.7.pom
Progress (1): 711 BProgress (1): 2.8 kBProgress (1): 6.4 kBProgress (1): 9.1 kBProgress (1): 13 kB Progress (1): 17 kB                   Downloaded from central: https://repo.maven.apache.org/maven2/org/codehaus/plexus/plexus/2.0.7/plexus-2.0.7.pom (17 kB at 118 kB/s)
Downloading from central: https://repo.maven.apache.org/maven2/org/codehaus/plexus/plexus-java/1.1.2/plexus-java-1.1.2.pom
Progress (1): 1.3 kBProgress (1): 4.0 kBProgress (1): 5.0 kB                    Downloaded from central: https://repo.maven.apache.org/maven2/org/codehaus/plexus/plexus-java/1.1.2/plexus-java-1.1.2.pom (5.0 kB at 51 kB/s)
Downloading from central: https://repo.maven.apache.org/maven2/org/codehaus/plexus/plexus-languages/1.1.2/plexus-languages-1.1.2.pom
Progress (1): 1.3 kBProgress (1): 4.1 kB                    Downloaded from central: https://repo.maven.apache.org/maven2/org/codehaus/plexus/plexus-languages/1.1.2/plexus-languages-1.1.2.pom (4.1 kB at 44 kB/s)
Downloading from central: https://repo.maven.apache.org/maven2/org/ow2/asm/asm/9.4/asm-9.4.pom
Progress (1): 1.3 kBProgress (1): 2.4 kB                    Downloaded from central: https://repo.maven.apache.org/maven2/org/ow2/asm/asm/9.4/asm-9.4.pom (2.4 kB at 23 kB/s)
Downloading from central: https://repo.maven.apache.org/maven2/org/ow2/ow2/1.5.1/ow2-1.5.1.pom
Progress (1): 709 BProgress (1): 2.1 kBProgress (1): 3.6 kBProgress (1): 5.7 kBProgress (1): 8.1 kBProgress (1): 11 kB                    Downloaded from central: https://repo.maven.apache.org/maven2/org/ow2/ow2/1.5.1/ow2-1.5.1.pom (11 kB at 110 kB/s)
Downloading from central: https://repo.maven.apache.org/maven2/com/thoughtworks/qdox/qdox/2.0.3/qdox-2.0.3.pom
Progress (1): 872 BProgress (1): 3.4 kBProgress (1): 6.6 kBProgress (1): 11 kB Progress (1): 13 kBProgress (1): 17 kB                   Downloaded from central: https://repo.maven.apache.org/maven2/com/thoughtworks/qdox/qdox/2.0.3/qdox-2.0.3.pom (17 kB at 166 kB/s)
Downloading from central: https://repo.maven.apache.org/maven2/org/sonatype/oss/oss-parent/9/oss-parent-9.pom
Progress (1): 838 BProgress (1): 2.7 kBProgress (1): 6.5 kBProgress (1): 6.6 kB                    Downloaded from central: https://repo.maven.apache.org/maven2/org/sonatype/oss/oss-parent/9/oss-parent-9.pom (6.6 kB at 71 kB/s)
Downloading from central: https://repo.maven.apache.org/maven2/org/codehaus/plexus/plexus-compiler-api/2.13.0/plexus-compiler-api-2.13.0.pom
Progress (1): 1.1 kB                    Downloaded from central: https://repo.maven.apache.org/maven2/org/codehaus/plexus/plexus-compiler-api/2.13.0/plexus-compiler-api-2.13.0.pom (1.1 kB at 11 kB/s)
Downloading from central: https://repo.maven.apache.org/maven2/org/codehaus/plexus/plexus-compiler/2.13.0/plexus-compiler-2.13.0.pom
Progress (1): 1.2 kBProgress (1): 4.1 kBProgress (1): 7.3 kBProgress (1): 8.4 kB                    Downloaded from central: https://repo.maven.apache.org/maven2/org/codehaus/plexus/plexus-compiler/2.13.0/plexus-compiler-2.13.0.pom (8.4 kB at 86 kB/s)
Downloading from central: https://repo.maven.apache.org/maven2/org/codehaus/plexus/plexus-components/10.0/plexus-components-10.0.pom
Progress (1): 1.3 kBProgress (1): 2.7 kB                    Downloaded from central: https://repo.maven.apache.org/maven2/org/codehaus/plexus/plexus-components/10.0/plexus-components-10.0.pom (2.7 kB at 27 kB/s)
Downloading from central: https://repo.maven.apache.org/maven2/org/junit/junit-bom/5.9.1/junit-bom-5.9.1.pom
Progress (1): 907 BProgress (1): 4.1 kBProgress (1): 5.6 kB                    Downloaded from central: https://repo.maven.apache.org/maven2/org/junit/junit-bom/5.9.1/junit-bom-5.9.1.pom (5.6 kB at 50 kB/s)
Downloading from central: https://repo.maven.apache.org/maven2/org/codehaus/plexus/plexus-compiler-manager/2.13.0/plexus-compiler-manager-2.13.0.pom
Progress (1): 1.1 kB                    Downloaded from central: https://repo.maven.apache.org/maven2/org/codehaus/plexus/plexus-compiler-manager/2.13.0/plexus-compiler-manager-2.13.0.pom (1.1 kB at 11 kB/s)
Downloading from central: https://repo.maven.apache.org/maven2/org/codehaus/plexus/plexus-component-annotations/2.1.1/plexus-component-annotations-2.1.1.pom
Progress (1): 770 B                   Downloaded from central: https://repo.maven.apache.org/maven2/org/codehaus/plexus/plexus-component-annotations/2.1.1/plexus-component-annotations-2.1.1.pom (770 B at 8.2 kB/s)
Downloading from central: https://repo.maven.apache.org/maven2/org/codehaus/plexus/plexus-containers/2.1.1/plexus-containers-2.1.1.pom
Progress (1): 1.3 kBProgress (1): 4.9 kBProgress (1): 6.0 kB                    Downloaded from central: https://repo.maven.apache.org/maven2/org/codehaus/plexus/plexus-containers/2.1.1/plexus-containers-2.1.1.pom (6.0 kB at 65 kB/s)
Downloading from central: https://repo.maven.apache.org/maven2/org/codehaus/plexus/plexus/6.5/plexus-6.5.pom
Progress (1): 696 BProgress (1): 2.7 kBProgress (1): 6.4 kBProgress (1): 9.2 kBProgress (1): 11 kB Progress (1): 16 kBProgress (1): 20 kBProgress (1): 24 kBProgress (1): 26 kB                   Downloaded from central: https://repo.maven.apache.org/maven2/org/codehaus/plexus/plexus/6.5/plexus-6.5.pom (26 kB at 252 kB/s)
Downloading from central: https://repo.maven.apache.org/maven2/org/codehaus/plexus/plexus-compiler-javac/2.13.0/plexus-compiler-javac-2.13.0.pom
Progress (1): 1.2 kB                    Downloaded from central: https://repo.maven.apache.org/maven2/org/codehaus/plexus/plexus-compiler-javac/2.13.0/plexus-compiler-javac-2.13.0.pom (1.2 kB at 12 kB/s)
Downloading from central: https://repo.maven.apache.org/maven2/org/codehaus/plexus/plexus-compilers/2.13.0/plexus-compilers-2.13.0.pom
Progress (1): 1.3 kB                    Downloaded from central: https://repo.maven.apache.org/maven2/org/codehaus/plexus/plexus-compilers/2.13.0/plexus-compilers-2.13.0.pom (1.3 kB at 13 kB/s)
Downloading from central: https://repo.maven.apache.org/maven2/org/apache/maven/shared/maven-shared-utils/3.3.4/maven-shared-utils-3.3.4.jar
Progress (1): 7.7/153 kBProgress (1): 16/153 kB Progress (1): 28/153 kBProgress (1): 44/153 kBProgress (1): 60/153 kBProgress (1): 77/153 kBProgress (1): 93/153 kBProgress (1): 110/153 kBProgress (1): 126/153 kBProgress (1): 142/153 kBProgress (1): 153 kB                        Downloaded from central: https://repo.maven.apache.org/maven2/org/apache/maven/shared/maven-shared-utils/3.3.4/maven-shared-utils-3.3.4.jar (153 kB at 1.3 MB/s)
Downloading from central: https://repo.maven.apache.org/maven2/commons-io/commons-io/2.6/commons-io-2.6.jar
Downloading from central: https://repo.maven.apache.org/maven2/org/apache/maven/shared/maven-shared-incremental/1.1/maven-shared-incremental-1.1.jar
Downloading from central: https://repo.maven.apache.org/maven2/org/codehaus/plexus/plexus-java/1.1.2/plexus-java-1.1.2.jar
Downloading from central: https://repo.maven.apache.org/maven2/org/codehaus/plexus/plexus-component-annotations/1.5.5/plexus-component-annotations-1.5.5.jar
Downloading from central: https://repo.maven.apache.org/maven2/org/ow2/asm/asm/9.4/asm-9.4.jar
Progress (1): 4.2 kBProgress (2): 4.2 kB | 7.7/55 kBProgress (3): 4.2 kB | 7.7/55 kB | 7.7/215 kBProgress (3): 4.2 kB | 7.7/55 kB | 8.2/215 kBProgress (3): 4.2 kB | 7.7/55 kB | 25/215 kB Progress (4): 4.2 kB | 7.7/55 kB | 25/215 kB | 3.2/14 kBProgress (4): 4.2 kB | 7.7/55 kB | 25/215 kB | 14 kB    Progress (4): 4.2 kB | 8.2/55 kB | 25/215 kB | 14 kBProgress (4): 4.2 kB | 25/55 kB | 25/215 kB | 14 kB                                                    Downloaded from central: https://repo.maven.apache.org/maven2/org/codehaus/plexus/plexus-component-annotations/1.5.5/plexus-component-annotations-1.5.5.jar (4.2 kB at 34 kB/s)
Downloading from central: https://repo.maven.apache.org/maven2/com/thoughtworks/qdox/qdox/2.0.3/qdox-2.0.3.jar
Progress (4): 25/55 kB | 25/215 kB | 14 kB | 7.7/122 kBProgress (4): 41/55 kB | 25/215 kB | 14 kB | 7.7/122 kBProgress (4): 41/55 kB | 25/215 kB | 14 kB | 16/122 kB Progress (4): 41/55 kB | 41/215 kB | 14 kB | 16/122 kB                                                      Downloaded from central: https://repo.maven.apache.org/maven2/org/apache/maven/shared/maven-shared-incremental/1.1/maven-shared-incremental-1.1.jar (14 kB at 103 kB/s)
Downloading from central: https://repo.maven.apache.org/maven2/org/codehaus/plexus/plexus-compiler-api/2.13.0/plexus-compiler-api-2.13.0.jar
Progress (3): 41/55 kB | 41/215 kB | 32/122 kBProgress (3): 41/55 kB | 57/215 kB | 32/122 kBProgress (3): 55 kB | 57/215 kB | 32/122 kB   Progress (3): 55 kB | 74/215 kB | 32/122 kBProgress (3): 55 kB | 90/215 kB | 32/122 kBProgress (3): 55 kB | 106/215 kB | 32/122 kBProgress (4): 55 kB | 106/215 kB | 32/122 kB | 7.7/334 kBProgress (4): 55 kB | 106/215 kB | 32/122 kB | 7.7/334 kBProgress (4): 55 kB | 106/215 kB | 49/122 kB | 7.7/334 kBProgress (4): 55 kB | 106/215 kB | 57/122 kB | 7.7/334 kBProgress (4): 55 kB | 106/215 kB | 57/122 kB | 24/334 kB Progress (4): 55 kB | 123/215 kB | 57/122 kB | 24/334 kB                                                        Downloaded from central: https://repo.maven.apache.org/maven2/org/codehaus/plexus/plexus-java/1.1.2/plexus-java-1.1.2.jar (55 kB at 188 kB/s)
Progress (3): 139/215 kB | 57/122 kB | 24/334 kBProgress (3): 139/215 kB | 57/122 kB | 40/334 kBProgress (3): 139/215 kB | 73/122 kB | 40/334 kBProgress (4): 139/215 kB | 73/122 kB | 40/334 kB | 7.7/27 kBProgress (4): 139/215 kB | 90/122 kB | 40/334 kB | 7.7/27 kBProgress (4): 139/215 kB | 90/122 kB | 57/334 kB | 7.7/27 kBProgress (4): 156/215 kB | 90/122 kB | 57/334 kB | 7.7/27 kB                                                            Downloading from central: https://repo.maven.apache.org/maven2/org/codehaus/plexus/plexus-utils/3.5.0/plexus-utils-3.5.0.jar
Progress (4): 164/215 kB | 90/122 kB | 57/334 kB | 7.7/27 kBProgress (4): 164/215 kB | 90/122 kB | 61/334 kB | 7.7/27 kBProgress (4): 164/215 kB | 106/122 kB | 61/334 kB | 7.7/27 kBProgress (4): 164/215 kB | 106/122 kB | 61/334 kB | 11/27 kB Progress (4): 164/215 kB | 122/122 kB | 61/334 kB | 11/27 kBProgress (4): 164/215 kB | 122/122 kB | 77/334 kB | 11/27 kBProgress (4): 172/215 kB | 122/122 kB | 77/334 kB | 11/27 kBProgress (4): 172/215 kB | 122/122 kB | 93/334 kB | 11/27 kBProgress (4): 172/215 kB | 122 kB | 93/334 kB | 11/27 kB    Progress (4): 172/215 kB | 122 kB | 93/334 kB | 27 kB   Progress (4): 172/215 kB | 122 kB | 110/334 kB | 27 kBProgress (4): 188/215 kB | 122 kB | 110/334 kB | 27 kB                                                      Downloaded from central: https://repo.maven.apache.org/maven2/org/codehaus/plexus/plexus-compiler-api/2.13.0/plexus-compiler-api-2.13.0.jar (27 kB at 87 kB/s)
Progress (3): 188/215 kB | 122 kB | 122/334 kB                                              Downloaded from central: https://repo.maven.apache.org/maven2/org/ow2/asm/asm/9.4/asm-9.4.jar (122 kB at 389 kB/s)
Progress (2): 188/215 kB | 139/334 kB                                     Downloading from central: https://repo.maven.apache.org/maven2/org/codehaus/plexus/plexus-compiler-manager/2.13.0/plexus-compiler-manager-2.13.0.jar
Progress (2): 205/215 kB | 139/334 kBProgress (2): 205/215 kB | 155/334 kB                                     Downloading from central: https://repo.maven.apache.org/maven2/org/codehaus/plexus/plexus-compiler-javac/2.13.0/plexus-compiler-javac-2.13.0.jar
Progress (2): 205/215 kB | 172/334 kBProgress (2): 205/215 kB | 188/334 kBProgress (2): 215 kB | 188/334 kB    Progress (2): 215 kB | 204/334 kBProgress (2): 215 kB | 205/334 kBProgress (2): 215 kB | 221/334 kB                                 Downloaded from central: https://repo.maven.apache.org/maven2/commons-io/commons-io/2.6/commons-io-2.6.jar (215 kB at 641 kB/s)
Progress (1): 238/334 kBProgress (1): 254/334 kBProgress (1): 270/334 kBProgress (1): 287/334 kBProgress (1): 303/334 kBProgress (1): 319/334 kBProgress (1): 334 kB                        Downloaded from central: https://repo.maven.apache.org/maven2/com/thoughtworks/qdox/qdox/2.0.3/qdox-2.0.3.jar (334 kB at 955 kB/s)
Progress (1): 3.2/267 kBProgress (1): 11/267 kB Progress (2): 11/267 kB | 7.7/23 kBProgress (3): 11/267 kB | 7.7/23 kB | 3.2/4.7 kBProgress (3): 11/267 kB | 11/23 kB | 3.2/4.7 kB Progress (3): 11/267 kB | 11/23 kB | 4.7 kB    Progress (3): 11/267 kB | 23 kB | 4.7 kB                                           Downloaded from central: https://repo.maven.apache.org/maven2/org/codehaus/plexus/plexus-compiler-javac/2.13.0/plexus-compiler-javac-2.13.0.jar (23 kB at 54 kB/s)
Downloaded from central: https://repo.maven.apache.org/maven2/org/codehaus/plexus/plexus-compiler-manager/2.13.0/plexus-compiler-manager-2.13.0.jar (4.7 kB at 11 kB/s)
Progress (1): 28/267 kBProgress (1): 44/267 kBProgress (1): 61/267 kBProgress (1): 77/267 kBProgress (1): 93/267 kBProgress (1): 110/267 kBProgress (1): 126/267 kBProgress (1): 142/267 kBProgress (1): 159/267 kBProgress (1): 175/267 kBProgress (1): 192/267 kBProgress (1): 208/267 kBProgress (1): 213/267 kBProgress (1): 229/267 kBProgress (1): 238/267 kBProgress (1): 254/267 kBProgress (1): 262/267 kBProgress (1): 267 kB                        Downloaded from central: https://repo.maven.apache.org/maven2/org/codehaus/plexus/plexus-utils/3.5.0/plexus-utils-3.5.0.jar (267 kB at 346 kB/s)
Downloading from central: https://repo.maven.apache.org/maven2/org/mapstruct/mapstruct-processor/1.5.5.Final/mapstruct-processor-1.5.5.Final.pom
Progress (1): 1.1 kBProgress (1): 3.3 kB                    Downloaded from central: https://repo.maven.apache.org/maven2/org/mapstruct/mapstruct-processor/1.5.5.Final/mapstruct-processor-1.5.5.Final.pom (3.3 kB at 30 kB/s)
Downloading from central: https://repo.maven.apache.org/maven2/org/mapstruct/mapstruct-parent/1.5.5.Final/mapstruct-parent-1.5.5.Final.pom
Progress (1): 1.1 kBProgress (1): 1.6 kB                    Downloaded from central: https://repo.maven.apache.org/maven2/org/mapstruct/mapstruct-parent/1.5.5.Final/mapstruct-parent-1.5.5.Final.pom (1.6 kB at 14 kB/s)
Downloading from central: https://repo.maven.apache.org/maven2/org/projectlombok/lombok-mapstruct-binding/0.2.0/lombok-mapstruct-binding-0.2.0.pom
Progress (1): 1.2 kBProgress (1): 1.4 kB                    Downloaded from central: https://repo.maven.apache.org/maven2/org/projectlombok/lombok-mapstruct-binding/0.2.0/lombok-mapstruct-binding-0.2.0.pom (1.4 kB at 14 kB/s)
Downloading from central: https://repo.maven.apache.org/maven2/org/mapstruct/mapstruct-processor/1.5.5.Final/mapstruct-processor-1.5.5.Final.jar
Progress (1): 0/1.9 MBProgress (1): 0/1.9 MBProgress (1): 0/1.9 MBProgress (1): 0.1/1.9 MBProgress (1): 0.1/1.9 MBProgress (1): 0.1/1.9 MBProgress (1): 0.1/1.9 MBProgress (1): 0.1/1.9 MBProgress (1): 0.1/1.9 MBProgress (1): 0.1/1.9 MBProgress (1): 0.2/1.9 MBProgress (1): 0.2/1.9 MBProgress (1): 0.2/1.9 MBProgress (1): 0.2/1.9 MBProgress (1): 0.2/1.9 MBProgress (1): 0.2/1.9 MBProgress (1): 0.2/1.9 MBProgress (1): 0.3/1.9 MBProgress (1): 0.3/1.9 MBProgress (1): 0.3/1.9 MBProgress (1): 0.3/1.9 MBProgress (1): 0.3/1.9 MBProgress (1): 0.3/1.9 MBProgress (1): 0.4/1.9 MBProgress (1): 0.4/1.9 MBProgress (1): 0.4/1.9 MBProgress (1): 0.4/1.9 MBProgress (1): 0.4/1.9 MBProgress (1): 0.4/1.9 MBProgress (1): 0.5/1.9 MBProgress (1): 0.5/1.9 MBProgress (1): 0.5/1.9 MBProgress (1): 0.5/1.9 MBProgress (1): 0.5/1.9 MBProgress (1): 0.5/1.9 MBProgress (1): 0.6/1.9 MBProgress (1): 0.6/1.9 MBProgress (1): 0.6/1.9 MBProgress (1): 0.6/1.9 MBProgress (1): 0.6/1.9 MBProgress (1): 0.6/1.9 MBProgress (1): 0.6/1.9 MBProgress (1): 0.7/1.9 MBProgress (1): 0.7/1.9 MBProgress (1): 0.7/1.9 MBProgress (1): 0.7/1.9 MBProgress (1): 0.7/1.9 MBProgress (1): 0.7/1.9 MBProgress (1): 0.8/1.9 MBProgress (1): 0.8/1.9 MBProgress (1): 0.8/1.9 MBProgress (1): 0.8/1.9 MBProgress (1): 0.8/1.9 MBProgress (1): 0.8/1.9 MBProgress (1): 0.9/1.9 MBProgress (1): 0.9/1.9 MBProgress (1): 0.9/1.9 MBProgress (1): 0.9/1.9 MBProgress (1): 0.9/1.9 MBProgress (1): 0.9/1.9 MBProgress (1): 0.9/1.9 MBProgress (1): 1.0/1.9 MBProgress (1): 1.0/1.9 MBProgress (1): 1.0/1.9 MBProgress (1): 1.0/1.9 MBProgress (1): 1.0/1.9 MBProgress (1): 1.0/1.9 MBProgress (1): 1.1/1.9 MBProgress (1): 1.1/1.9 MBProgress (1): 1.1/1.9 MBProgress (1): 1.1/1.9 MBProgress (1): 1.1/1.9 MBProgress (1): 1.1/1.9 MBProgress (1): 1.2/1.9 MBProgress (1): 1.2/1.9 MBProgress (1): 1.2/1.9 MBProgress (1): 1.2/1.9 MBProgress (1): 1.2/1.9 MBProgress (1): 1.2/1.9 MBProgress (1): 1.3/1.9 MBProgress (1): 1.3/1.9 MBProgress (1): 1.3/1.9 MBProgress (1): 1.3/1.9 MBProgress (1): 1.3/1.9 MBProgress (1): 1.3/1.9 MBProgress (1): 1.3/1.9 MBProgress (1): 1.4/1.9 MBProgress (1): 1.4/1.9 MBProgress (1): 1.4/1.9 MBProgress (1): 1.4/1.9 MBProgress (1): 1.4/1.9 MBProgress (1): 1.4/1.9 MBProgress (1): 1.5/1.9 MBProgress (1): 1.5/1.9 MBProgress (1): 1.5/1.9 MBProgress (1): 1.5/1.9 MBProgress (1): 1.5/1.9 MBProgress (1): 1.5/1.9 MBProgress (1): 1.6/1.9 MBProgress (1): 1.6/1.9 MBProgress (1): 1.6/1.9 MBProgress (1): 1.6/1.9 MBProgress (1): 1.6/1.9 MBProgress (1): 1.6/1.9 MBProgress (1): 1.7/1.9 MBProgress (1): 1.7/1.9 MBProgress (1): 1.7/1.9 MBProgress (1): 1.7/1.9 MBProgress (1): 1.7/1.9 MBProgress (1): 1.7/1.9 MBProgress (1): 1.8/1.9 MBProgress (1): 1.8/1.9 MBProgress (1): 1.8/1.9 MBProgress (1): 1.8/1.9 MBProgress (1): 1.8/1.9 MBProgress (1): 1.8/1.9 MBProgress (1): 1.9/1.9 MBProgress (1): 1.9/1.9 MBProgress (1): 1.9/1.9 MBProgress (1): 1.9/1.9 MBProgress (1): 1.9/1.9 MBProgress (1): 1.9 MB                        Downloaded from central: https://repo.maven.apache.org/maven2/org/mapstruct/mapstruct-processor/1.5.5.Final/mapstruct-processor-1.5.5.Final.jar (1.9 MB at 4.8 MB/s)
Downloading from central: https://repo.maven.apache.org/maven2/org/projectlombok/lombok-mapstruct-binding/0.2.0/lombok-mapstruct-binding-0.2.0.jar
Progress (1): 2.4 kB                    Downloaded from central: https://repo.maven.apache.org/maven2/org/projectlombok/lombok-mapstruct-binding/0.2.0/lombok-mapstruct-binding-0.2.0.jar (2.4 kB at 25 kB/s)
[INFO] Changes detected - recompiling the module! :source
[INFO] Compiling 53 source files with javac [debug release 21] to target/classes
[INFO] /app/domain/src/main/java/com/restaurant/domain/model/vo/Money.java: /app/domain/src/main/java/com/restaurant/domain/model/vo/Money.java uses or overrides a deprecated API.
[INFO] /app/domain/src/main/java/com/restaurant/domain/model/vo/Money.java: Recompile with -Xlint:deprecation for details.
[INFO] 
[INFO] ---------------------< com.restaurant:application >---------------------
[INFO] Building application 1.0.0-SNAPSHOT                                [3/5]
[INFO]   from application/pom.xml
[INFO] --------------------------------[ jar ]---------------------------------
Downloading from central: https://repo.maven.apache.org/maven2/org/springframework/boot/spring-boot-starter-jdbc/3.2.5/spring-boot-starter-jdbc-3.2.5.pom
Progress (1): 965 BProgress (1): 2.5 kB                    Downloaded from central: https://repo.maven.apache.org/maven2/org/springframework/boot/spring-boot-starter-jdbc/3.2.5/spring-boot-starter-jdbc-3.2.5.pom (2.5 kB at 25 kB/s)
Downloading from central: https://repo.maven.apache.org/maven2/org/springframework/boot/spring-boot-starter/3.2.5/spring-boot-starter-3.2.5.pom
Progress (1): 947 BProgress (1): 3.0 kB                    Downloaded from central: https://repo.maven.apache.org/maven2/org/springframework/boot/spring-boot-starter/3.2.5/spring-boot-starter-3.2.5.pom (3.0 kB at 30 kB/s)
Downloading from central: https://repo.maven.apache.org/maven2/org/springframework/boot/spring-boot/3.2.5/spring-boot-3.2.5.pom
Progress (1): 1.0 kBProgress (1): 2.2 kB                    Downloaded from central: https://repo.maven.apache.org/maven2/org/springframework/boot/spring-boot/3.2.5/spring-boot-3.2.5.pom (2.2 kB at 22 kB/s)
Downloading from central: https://repo.maven.apache.org/maven2/org/springframework/boot/spring-boot-autoconfigure/3.2.5/spring-boot-autoconfigure-3.2.5.pom
Progress (1): 1.0 kBProgress (1): 2.1 kB                    Downloaded from central: https://repo.maven.apache.org/maven2/org/springframework/boot/spring-boot-autoconfigure/3.2.5/spring-boot-autoconfigure-3.2.5.pom (2.1 kB at 22 kB/s)
Downloading from central: https://repo.maven.apache.org/maven2/org/springframework/boot/spring-boot-starter-logging/3.2.5/spring-boot-starter-logging-3.2.5.pom
Progress (1): 983 BProgress (1): 2.5 kB                    Downloaded from central: https://repo.maven.apache.org/maven2/org/springframework/boot/spring-boot-starter-logging/3.2.5/spring-boot-starter-logging-3.2.5.pom (2.5 kB at 24 kB/s)
Downloading from central: https://repo.maven.apache.org/maven2/ch/qos/logback/logback-classic/1.4.14/logback-classic-1.4.14.pom
Progress (1): 1.7 kBProgress (1): 4.8 kBProgress (1): 8.2 kBProgress (1): 11 kB Progress (1): 13 kBProgress (1): 13 kB                   Downloaded from central: https://repo.maven.apache.org/maven2/ch/qos/logback/logback-classic/1.4.14/logback-classic-1.4.14.pom (13 kB at 116 kB/s)
Downloading from central: https://repo.maven.apache.org/maven2/ch/qos/logback/logback-parent/1.4.14/logback-parent-1.4.14.pom
Progress (1): 1.1 kBProgress (1): 2.7 kBProgress (1): 5.0 kBProgress (1): 9.9 kBProgress (1): 14 kB Progress (1): 17 kBProgress (1): 20 kB                   Downloaded from central: https://repo.maven.apache.org/maven2/ch/qos/logback/logback-parent/1.4.14/logback-parent-1.4.14.pom (20 kB at 195 kB/s)
Downloading from central: https://repo.maven.apache.org/maven2/ch/qos/logback/logback-core/1.4.14/logback-core-1.4.14.pom
Progress (1): 1.6 kBProgress (1): 3.7 kBProgress (1): 5.0 kB                    Downloaded from central: https://repo.maven.apache.org/maven2/ch/qos/logback/logback-core/1.4.14/logback-core-1.4.14.pom (5.0 kB at 46 kB/s)
Downloading from central: https://repo.maven.apache.org/maven2/org/apache/logging/log4j/log4j-to-slf4j/2.21.1/log4j-to-slf4j-2.21.1.pom
Progress (1): 824 BProgress (1): 2.5 kBProgress (1): 4.2 kB                    Downloaded from central: https://repo.maven.apache.org/maven2/org/apache/logging/log4j/log4j-to-slf4j/2.21.1/log4j-to-slf4j-2.21.1.pom (4.2 kB at 36 kB/s)
Downloading from central: https://repo.maven.apache.org/maven2/org/apache/logging/log4j/log4j/2.21.1/log4j-2.21.1.pom
Progress (1): 728 BProgress (1): 2.2 kBProgress (1): 4.0 kBProgress (1): 6.0 kBProgress (1): 10 kB Progress (1): 16 kBProgress (1): 24 kBProgress (1): 31 kBProgress (1): 35 kBProgress (1): 35 kB                   Downloaded from central: https://repo.maven.apache.org/maven2/org/apache/logging/log4j/log4j/2.21.1/log4j-2.21.1.pom (35 kB at 300 kB/s)
Downloading from central: https://repo.maven.apache.org/maven2/org/ow2/asm/asm-bom/9.5/asm-bom-9.5.pom
Progress (1): 1.2 kBProgress (1): 3.2 kB                    Downloaded from central: https://repo.maven.apache.org/maven2/org/ow2/asm/asm-bom/9.5/asm-bom-9.5.pom (3.2 kB at 14 kB/s)
Downloading from central: https://repo.maven.apache.org/maven2/org/codehaus/groovy/groovy-bom/3.0.19/groovy-bom-3.0.19.pom
Progress (1): 959 BProgress (1): 4.4 kBProgress (1): 8.1 kBProgress (1): 12 kB Progress (1): 15 kBProgress (1): 19 kBProgress (1): 23 kBProgress (1): 26 kB                   Downloaded from central: https://repo.maven.apache.org/maven2/org/codehaus/groovy/groovy-bom/3.0.19/groovy-bom-3.0.19.pom (26 kB at 213 kB/s)
Downloading from central: https://repo.maven.apache.org/maven2/com/fasterxml/jackson/jackson-bom/2.15.2/jackson-bom-2.15.2.pom
Progress (1): 931 BProgress (1): 2.7 kBProgress (1): 8.1 kBProgress (1): 17 kB Progress (1): 18 kB                   Downloaded from central: https://repo.maven.apache.org/maven2/com/fasterxml/jackson/jackson-bom/2.15.2/jackson-bom-2.15.2.pom (18 kB at 159 kB/s)
Downloading from central: https://repo.maven.apache.org/maven2/jakarta/platform/jakarta.jakartaee-bom/9.1.0/jakarta.jakartaee-bom-9.1.0.pom
Progress (1): 848 BProgress (1): 4.7 kBProgress (1): 9.6 kB                    Downloaded from central: https://repo.maven.apache.org/maven2/jakarta/platform/jakarta.jakartaee-bom/9.1.0/jakarta.jakartaee-bom-9.1.0.pom (9.6 kB at 89 kB/s)
Downloading from central: https://repo.maven.apache.org/maven2/jakarta/platform/jakartaee-api-parent/9.1.0/jakartaee-api-parent-9.1.0.pom
Progress (1): 823 BProgress (1): 3.1 kBProgress (1): 5.9 kBProgress (1): 11 kB Progress (1): 14 kBProgress (1): 15 kB                   Downloaded from central: https://repo.maven.apache.org/maven2/jakarta/platform/jakartaee-api-parent/9.1.0/jakartaee-api-parent-9.1.0.pom (15 kB at 121 kB/s)
Downloading from central: https://repo.maven.apache.org/maven2/org/eclipse/jetty/jetty-bom/9.4.53.v20231009/jetty-bom-9.4.53.v20231009.pom
Progress (1): 1.1 kBProgress (1): 4.8 kBProgress (1): 12 kB Progress (1): 18 kB                   Downloaded from central: https://repo.maven.apache.org/maven2/org/eclipse/jetty/jetty-bom/9.4.53.v20231009/jetty-bom-9.4.53.v20231009.pom (18 kB at 137 kB/s)
Downloading from central: https://repo.maven.apache.org/maven2/org/junit/junit-bom/5.10.0/junit-bom-5.10.0.pom
Progress (1): 913 BProgress (1): 4.1 kBProgress (1): 5.6 kB                    Downloaded from central: https://repo.maven.apache.org/maven2/org/junit/junit-bom/5.10.0/junit-bom-5.10.0.pom (5.6 kB at 59 kB/s)
Downloading from central: https://repo.maven.apache.org/maven2/io/fabric8/kubernetes-client-bom/5.12.4/kubernetes-client-bom-5.12.4.pom
Progress (1): 1.2 kBProgress (1): 13 kB Progress (1): 26 kB                   Downloaded from central: https://repo.maven.apache.org/maven2/io/fabric8/kubernetes-client-bom/5.12.4/kubernetes-client-bom-5.12.4.pom (26 kB at 254 kB/s)
Downloading from central: https://repo.maven.apache.org/maven2/org/mockito/mockito-bom/4.11.0/mockito-bom-4.11.0.pom
Progress (1): 1.4 kBProgress (1): 3.2 kB                    Downloaded from central: https://repo.maven.apache.org/maven2/org/mockito/mockito-bom/4.11.0/mockito-bom-4.11.0.pom (3.2 kB at 30 kB/s)
Downloading from central: https://repo.maven.apache.org/maven2/io/netty/netty-bom/4.1.97.Final/netty-bom-4.1.97.Final.pom
Progress (1): 786 BProgress (1): 2.4 kBProgress (1): 12 kB Progress (1): 13 kB                   Downloaded from central: https://repo.maven.apache.org/maven2/io/netty/netty-bom/4.1.97.Final/netty-bom-4.1.97.Final.pom (13 kB at 130 kB/s)
Downloading from central: https://repo.maven.apache.org/maven2/org/springframework/spring-framework-bom/5.3.29/spring-framework-bom-5.3.29.pom
Progress (1): 975 BProgress (1): 5.7 kB                    Downloaded from central: https://repo.maven.apache.org/maven2/org/springframework/spring-framework-bom/5.3.29/spring-framework-bom-5.3.29.pom (5.7 kB at 56 kB/s)
Downloading from central: https://repo.maven.apache.org/maven2/org/apache/logging/log4j/log4j-api/2.21.1/log4j-api-2.21.1.pom
Progress (1): 818 BProgress (1): 2.4 kBProgress (1): 4.0 kB                    Downloaded from central: https://repo.maven.apache.org/maven2/org/apache/logging/log4j/log4j-api/2.21.1/log4j-api-2.21.1.pom (4.0 kB at 39 kB/s)
Downloading from central: https://repo.maven.apache.org/maven2/org/slf4j/jul-to-slf4j/2.0.13/jul-to-slf4j-2.0.13.pom
Progress (1): 1.1 kB                    Downloaded from central: https://repo.maven.apache.org/maven2/org/slf4j/jul-to-slf4j/2.0.13/jul-to-slf4j-2.0.13.pom (1.1 kB at 10 kB/s)
Downloading from central: https://repo.maven.apache.org/maven2/jakarta/annotation/jakarta.annotation-api/2.1.1/jakarta.annotation-api-2.1.1.pom
Progress (1): 828 BProgress (1): 2.8 kBProgress (1): 5.9 kBProgress (1): 9.9 kBProgress (1): 13 kB Progress (1): 16 kB                   Downloaded from central: https://repo.maven.apache.org/maven2/jakarta/annotation/jakarta.annotation-api/2.1.1/jakarta.annotation-api-2.1.1.pom (16 kB at 153 kB/s)
Downloading from central: https://repo.maven.apache.org/maven2/org/yaml/snakeyaml/2.2/snakeyaml-2.2.pom
Progress (1): 1.1 kBProgress (1): 2.9 kBProgress (1): 6.8 kBProgress (1): 11 kB Progress (1): 15 kBProgress (1): 20 kBProgress (1): 21 kB                   Downloaded from central: https://repo.maven.apache.org/maven2/org/yaml/snakeyaml/2.2/snakeyaml-2.2.pom (21 kB at 197 kB/s)
Downloading from central: https://repo.maven.apache.org/maven2/com/zaxxer/HikariCP/5.0.1/HikariCP-5.0.1.pom
Progress (1): 1.2 kBProgress (1): 2.8 kBProgress (1): 7.4 kBProgress (1): 11 kB Progress (1): 13 kBProgress (1): 17 kBProgress (1): 20 kBProgress (1): 24 kBProgress (1): 25 kB                   Downloaded from central: https://repo.maven.apache.org/maven2/com/zaxxer/HikariCP/5.0.1/HikariCP-5.0.1.pom (25 kB at 225 kB/s)
Downloading from central: https://repo.maven.apache.org/maven2/org/springframework/spring-jdbc/6.1.6/spring-jdbc-6.1.6.pom
Progress (1): 1.0 kBProgress (1): 2.4 kB                    Downloaded from central: https://repo.maven.apache.org/maven2/org/springframework/spring-jdbc/6.1.6/spring-jdbc-6.1.6.pom (2.4 kB at 22 kB/s)
Downloading from central: https://repo.maven.apache.org/maven2/org/springframework/boot/spring-boot-starter-aop/3.2.5/spring-boot-starter-aop-3.2.5.pom
Progress (1): 964 BProgress (1): 2.5 kB                    Downloaded from central: https://repo.maven.apache.org/maven2/org/springframework/boot/spring-boot-starter-aop/3.2.5/spring-boot-starter-aop-3.2.5.pom (2.5 kB at 24 kB/s)
Downloading from central: https://repo.maven.apache.org/maven2/org/aspectj/aspectjweaver/1.9.22/aspectjweaver-1.9.22.pom
Progress (1): 990 BProgress (1): 2.2 kB                    Downloaded from central: https://repo.maven.apache.org/maven2/org/aspectj/aspectjweaver/1.9.22/aspectjweaver-1.9.22.pom (2.2 kB at 23 kB/s)
Downloading from central: https://repo.maven.apache.org/maven2/org/springframework/boot/spring-boot-starter-security/3.2.5/spring-boot-starter-security-3.2.5.pom
Progress (1): 1.0 kBProgress (1): 2.7 kB                    Downloaded from central: https://repo.maven.apache.org/maven2/org/springframework/boot/spring-boot-starter-security/3.2.5/spring-boot-starter-security-3.2.5.pom (2.7 kB at 26 kB/s)
Downloading from central: https://repo.maven.apache.org/maven2/org/springframework/security/spring-security-config/6.2.4/spring-security-config-6.2.4.pom
Progress (1): 1.0 kBProgress (1): 2.8 kB                    Downloaded from central: https://repo.maven.apache.org/maven2/org/springframework/security/spring-security-config/6.2.4/spring-security-config-6.2.4.pom (2.8 kB at 29 kB/s)
Downloading from central: https://repo.maven.apache.org/maven2/org/springframework/security/spring-security-core/6.2.4/spring-security-core-6.2.4.pom
Progress (1): 1.0 kBProgress (1): 3.2 kB                    Downloaded from central: https://repo.maven.apache.org/maven2/org/springframework/security/spring-security-core/6.2.4/spring-security-core-6.2.4.pom (3.2 kB at 32 kB/s)
Downloading from central: https://repo.maven.apache.org/maven2/org/springframework/security/spring-security-crypto/6.2.4/spring-security-crypto-6.2.4.pom
Progress (1): 1.0 kBProgress (1): 1.9 kB                    Downloaded from central: https://repo.maven.apache.org/maven2/org/springframework/security/spring-security-crypto/6.2.4/spring-security-crypto-6.2.4.pom (1.9 kB at 19 kB/s)
Downloading from central: https://repo.maven.apache.org/maven2/org/springframework/security/spring-security-web/6.2.4/spring-security-web-6.2.4.pom
Progress (1): 1.0 kBProgress (1): 3.2 kB                    Downloaded from central: https://repo.maven.apache.org/maven2/org/springframework/security/spring-security-web/6.2.4/spring-security-web-6.2.4.pom (3.2 kB at 31 kB/s)
Downloading from central: https://repo.maven.apache.org/maven2/org/springframework/spring-web/6.1.6/spring-web-6.1.6.pom
Progress (1): 1.1 kBProgress (1): 2.4 kB                    Downloaded from central: https://repo.maven.apache.org/maven2/org/springframework/spring-web/6.1.6/spring-web-6.1.6.pom (2.4 kB at 24 kB/s)
Downloading from central: https://repo.maven.apache.org/maven2/com/fasterxml/jackson/core/jackson-databind/2.15.4/jackson-databind-2.15.4.pom
Progress (1): 975 BProgress (1): 2.4 kBProgress (1): 4.0 kBProgress (1): 6.5 kBProgress (1): 8.4 kBProgress (1): 10 kB Progress (1): 14 kBProgress (1): 16 kBProgress (1): 18 kBProgress (1): 19 kB                   Downloaded from central: https://repo.maven.apache.org/maven2/com/fasterxml/jackson/core/jackson-databind/2.15.4/jackson-databind-2.15.4.pom (19 kB at 93 kB/s)
Downloading from central: https://repo.maven.apache.org/maven2/com/fasterxml/jackson/jackson-base/2.15.4/jackson-base-2.15.4.pom
Progress (1): 921 BProgress (1): 2.4 kBProgress (1): 4.3 kBProgress (1): 6.3 kBProgress (1): 8.4 kBProgress (1): 10 kB Progress (1): 11 kB                   Downloaded from central: https://repo.maven.apache.org/maven2/com/fasterxml/jackson/jackson-base/2.15.4/jackson-base-2.15.4.pom (11 kB at 111 kB/s)
Downloading from central: https://repo.maven.apache.org/maven2/org/junit/junit-bom/5.9.2/junit-bom-5.9.2.pom
Progress (1): 907 BProgress (1): 4.1 kBProgress (1): 5.6 kB                    Downloaded from central: https://repo.maven.apache.org/maven2/org/junit/junit-bom/5.9.2/junit-bom-5.9.2.pom (5.6 kB at 58 kB/s)
Downloading from central: https://repo.maven.apache.org/maven2/com/fasterxml/jackson/core/jackson-annotations/2.15.4/jackson-annotations-2.15.4.pom
Progress (1): 946 BProgress (1): 2.4 kBProgress (1): 3.9 kBProgress (1): 6.3 kBProgress (1): 7.1 kB                    Downloaded from central: https://repo.maven.apache.org/maven2/com/fasterxml/jackson/core/jackson-annotations/2.15.4/jackson-annotations-2.15.4.pom (7.1 kB at 65 kB/s)
Downloading from central: https://repo.maven.apache.org/maven2/com/fasterxml/jackson/core/jackson-core/2.15.4/jackson-core-2.15.4.pom
Progress (1): 979 BProgress (1): 2.9 kBProgress (1): 6.8 kBProgress (1): 9.3 kBProgress (1): 9.9 kB                    Downloaded from central: https://repo.maven.apache.org/maven2/com/fasterxml/jackson/core/jackson-core/2.15.4/jackson-core-2.15.4.pom (9.9 kB at 94 kB/s)
Downloading from central: https://repo.maven.apache.org/maven2/io/micrometer/micrometer-core/1.12.5/micrometer-core-1.12.5.pom
Progress (1): 987 BProgress (1): 5.1 kBProgress (1): 9.4 kBProgress (1): 10 kB                    Downloaded from central: https://repo.maven.apache.org/maven2/io/micrometer/micrometer-core/1.12.5/micrometer-core-1.12.5.pom (10 kB at 103 kB/s)
Downloading from central: https://repo.maven.apache.org/maven2/org/hdrhistogram/HdrHistogram/2.1.12/HdrHistogram-2.1.12.pom
Progress (1): 968 BProgress (1): 2.8 kBProgress (1): 6.7 kBProgress (1): 11 kB                    Downloaded from central: https://repo.maven.apache.org/maven2/org/hdrhistogram/HdrHistogram/2.1.12/HdrHistogram-2.1.12.pom (11 kB at 95 kB/s)
Downloading from central: https://repo.maven.apache.org/maven2/org/latencyutils/LatencyUtils/2.0.3/LatencyUtils-2.0.3.pom
Progress (1): 1.0 kBProgress (1): 3.9 kBProgress (1): 7.2 kB                    Downloaded from central: https://repo.maven.apache.org/maven2/org/latencyutils/LatencyUtils/2.0.3/LatencyUtils-2.0.3.pom (7.2 kB at 73 kB/s)
Downloading from central: https://repo.maven.apache.org/maven2/org/springframework/boot/spring-boot-starter-jdbc/3.2.5/spring-boot-starter-jdbc-3.2.5.jar
Progress (1): 4.8 kB                    Downloaded from central: https://repo.maven.apache.org/maven2/org/springframework/boot/spring-boot-starter-jdbc/3.2.5/spring-boot-starter-jdbc-3.2.5.jar (4.8 kB at 51 kB/s)
Downloading from central: https://repo.maven.apache.org/maven2/org/springframework/boot/spring-boot-starter/3.2.5/spring-boot-starter-3.2.5.jar
Downloading from central: https://repo.maven.apache.org/maven2/org/springframework/boot/spring-boot/3.2.5/spring-boot-3.2.5.jar
Downloading from central: https://repo.maven.apache.org/maven2/org/springframework/boot/spring-boot-starter-logging/3.2.5/spring-boot-starter-logging-3.2.5.jar
Downloading from central: https://repo.maven.apache.org/maven2/org/springframework/boot/spring-boot-autoconfigure/3.2.5/spring-boot-autoconfigure-3.2.5.jar
Downloading from central: https://repo.maven.apache.org/maven2/ch/qos/logback/logback-classic/1.4.14/logback-classic-1.4.14.jar
Progress (1): 4.8 kBProgress (2): 4.8 kB | 4.8 kB                             Downloaded from central: https://repo.maven.apache.org/maven2/org/springframework/boot/spring-boot-starter/3.2.5/spring-boot-starter-3.2.5.jar (4.8 kB at 49 kB/s)
Progress (2): 4.8 kB | 7.7/284 kBProgress (3): 4.8 kB | 7.7/284 kB | 0/1.6 MB                                            Downloaded from central: https://repo.maven.apache.org/maven2/org/springframework/boot/spring-boot-starter-logging/3.2.5/spring-boot-starter-logging-3.2.5.jar (4.8 kB at 37 kB/s)
Downloading from central: https://repo.maven.apache.org/maven2/org/apache/logging/log4j/log4j-to-slf4j/2.21.1/log4j-to-slf4j-2.21.1.jar
Progress (3): 7.7/284 kB | 0/1.6 MB | 0/1.9 MBProgress (3): 7.7/284 kB | 0/1.6 MB | 0/1.9 MBProgress (3): 7.7/284 kB | 0/1.6 MB | 0/1.9 MBProgress (3): 16/284 kB | 0/1.6 MB | 0/1.9 MB                                              Downloading from central: https://repo.maven.apache.org/maven2/ch/qos/logback/logback-core/1.4.14/logback-core-1.4.14.jar
Progress (3): 28/284 kB | 0/1.6 MB | 0/1.9 MBProgress (3): 28/284 kB | 0/1.6 MB | 0/1.9 MBProgress (3): 28/284 kB | 0/1.6 MB | 0/1.9 MBProgress (3): 28/284 kB | 0.1/1.6 MB | 0/1.9 MBProgress (3): 44/284 kB | 0.1/1.6 MB | 0/1.9 MBProgress (3): 44/284 kB | 0.1/1.6 MB | 0/1.9 MBProgress (3): 44/284 kB | 0.1/1.6 MB | 0/1.9 MBProgress (3): 61/284 kB | 0.1/1.6 MB | 0/1.9 MBProgress (3): 61/284 kB | 0.1/1.6 MB | 0/1.9 MBProgress (3): 61/284 kB | 0.1/1.6 MB | 0/1.9 MBProgress (3): 61/284 kB | 0.1/1.6 MB | 0.1/1.9 MBProgress (3): 77/284 kB | 0.1/1.6 MB | 0.1/1.9 MBProgress (3): 77/284 kB | 0.1/1.6 MB | 0.1/1.9 MBProgress (3): 93/284 kB | 0.1/1.6 MB | 0.1/1.9 MBProgress (3): 93/284 kB | 0.1/1.6 MB | 0.1/1.9 MBProgress (3): 110/284 kB | 0.1/1.6 MB | 0.1/1.9 MBProgress (3): 110/284 kB | 0.1/1.6 MB | 0.1/1.9 MBProgress (3): 126/284 kB | 0.1/1.6 MB | 0.1/1.9 MBProgress (3): 126/284 kB | 0.1/1.6 MB | 0.1/1.9 MBProgress (3): 126/284 kB | 0.1/1.6 MB | 0.1/1.9 MBProgress (3): 142/284 kB | 0.1/1.6 MB | 0.1/1.9 MBProgress (3): 142/284 kB | 0.1/1.6 MB | 0.1/1.9 MBProgress (3): 159/284 kB | 0.1/1.6 MB | 0.1/1.9 MBProgress (3): 159/284 kB | 0.1/1.6 MB | 0.1/1.9 MBProgress (3): 159/284 kB | 0.2/1.6 MB | 0.1/1.9 MBProgress (3): 159/284 kB | 0.2/1.6 MB | 0.1/1.9 MBProgress (3): 159/284 kB | 0.2/1.6 MB | 0.1/1.9 MBProgress (3): 175/284 kB | 0.2/1.6 MB | 0.1/1.9 MBProgress (3): 175/284 kB | 0.2/1.6 MB | 0.1/1.9 MBProgress (3): 192/284 kB | 0.2/1.6 MB | 0.1/1.9 MBProgress (3): 192/284 kB | 0.2/1.6 MB | 0.1/1.9 MBProgress (3): 192/284 kB | 0.2/1.6 MB | 0.1/1.9 MBProgress (3): 192/284 kB | 0.2/1.6 MB | 0.1/1.9 MBProgress (3): 208/284 kB | 0.2/1.6 MB | 0.1/1.9 MBProgress (3): 213/284 kB | 0.2/1.6 MB | 0.1/1.9 MBProgress (3): 213/284 kB | 0.2/1.6 MB | 0.1/1.9 MBProgress (3): 213/284 kB | 0.2/1.6 MB | 0.2/1.9 MBProgress (3): 213/284 kB | 0.2/1.6 MB | 0.2/1.9 MBProgress (3): 224/284 kB | 0.2/1.6 MB | 0.2/1.9 MBProgress (3): 224/284 kB | 0.2/1.6 MB | 0.2/1.9 MBProgress (3): 224/284 kB | 0.2/1.6 MB | 0.2/1.9 MBProgress (3): 241/284 kB | 0.2/1.6 MB | 0.2/1.9 MBProgress (3): 241/284 kB | 0.3/1.6 MB | 0.2/1.9 MBProgress (3): 241/284 kB | 0.3/1.6 MB | 0.2/1.9 MBProgress (3): 241/284 kB | 0.3/1.6 MB | 0.2/1.9 MBProgress (3): 241/284 kB | 0.3/1.6 MB | 0.2/1.9 MBProgress (3): 257/284 kB | 0.3/1.6 MB | 0.2/1.9 MBProgress (3): 257/284 kB | 0.3/1.6 MB | 0.2/1.9 MBProgress (3): 257/284 kB | 0.3/1.6 MB | 0.2/1.9 MBProgress (3): 257/284 kB | 0.3/1.6 MB | 0.2/1.9 MBProgress (3): 274/284 kB | 0.3/1.6 MB | 0.2/1.9 MBProgress (3): 274/284 kB | 0.3/1.6 MB | 0.2/1.9 MBProgress (3): 274/284 kB | 0.3/1.6 MB | 0.2/1.9 MBProgress (3): 274/284 kB | 0.4/1.6 MB | 0.2/1.9 MBProgress (3): 284 kB | 0.4/1.6 MB | 0.2/1.9 MB    Progress (3): 284 kB | 0.4/1.6 MB | 0.2/1.9 MBProgress (4): 284 kB | 0.4/1.6 MB | 0.2/1.9 MB | 7.7/23 kBProgress (4): 284 kB | 0.4/1.6 MB | 0.2/1.9 MB | 11/23 kB Progress (4): 284 kB | 0.4/1.6 MB | 0.2/1.9 MB | 23 kB                                                         Downloaded from central: https://repo.maven.apache.org/maven2/ch/qos/logback/logback-classic/1.4.14/logback-classic-1.4.14.jar (284 kB at 1.2 MB/s)
Downloading from central: https://repo.maven.apache.org/maven2/org/apache/logging/log4j/log4j-api/2.21.1/log4j-api-2.21.1.jar
Progress (3): 0.4/1.6 MB | 0.2/1.9 MB | 23 kBProgress (4): 0.4/1.6 MB | 0.2/1.9 MB | 23 kB | 7.7/597 kB                                                          Downloaded from central: https://repo.maven.apache.org/maven2/org/apache/logging/log4j/log4j-to-slf4j/2.21.1/log4j-to-slf4j-2.21.1.jar (23 kB at 90 kB/s)
Progress (3): 0.4/1.6 MB | 0.2/1.9 MB | 7.7/597 kB                                                  Downloading from central: https://repo.maven.apache.org/maven2/org/slf4j/jul-to-slf4j/2.0.13/jul-to-slf4j-2.0.13.jar
Progress (3): 0.4/1.6 MB | 0.2/1.9 MB | 7.7/597 kBProgress (3): 0.4/1.6 MB | 0.2/1.9 MB | 7.7/597 kBProgress (3): 0.4/1.6 MB | 0.2/1.9 MB | 7.7/597 kBProgress (3): 0.5/1.6 MB | 0.2/1.9 MB | 7.7/597 kBProgress (3): 0.5/1.6 MB | 0.2/1.9 MB | 8.2/597 kBProgress (3): 0.5/1.6 MB | 0.2/1.9 MB | 8.2/597 kBProgress (3): 0.5/1.6 MB | 0.2/1.9 MB | 8.2/597 kBProgress (3): 0.5/1.6 MB | 0.2/1.9 MB | 8.2/597 kBProgress (3): 0.5/1.6 MB | 0.2/1.9 MB | 8.2/597 kBProgress (3): 0.5/1.6 MB | 0.2/1.9 MB | 25/597 kB Progress (3): 0.5/1.6 MB | 0.2/1.9 MB | 25/597 kBProgress (3): 0.5/1.6 MB | 0.2/1.9 MB | 25/597 kBProgress (3): 0.6/1.6 MB | 0.2/1.9 MB | 25/597 kBProgress (3): 0.6/1.6 MB | 0.2/1.9 MB | 25/597 kBProgress (3): 0.6/1.6 MB | 0.2/1.9 MB | 25/597 kBProgress (3): 0.6/1.6 MB | 0.3/1.9 MB | 25/597 kBProgress (3): 0.6/1.6 MB | 0.3/1.9 MB | 25/597 kBProgress (3): 0.6/1.6 MB | 0.3/1.9 MB | 41/597 kBProgress (3): 0.6/1.6 MB | 0.3/1.9 MB | 41/597 kBProgress (3): 0.6/1.6 MB | 0.3/1.9 MB | 41/597 kBProgress (3): 0.6/1.6 MB | 0.3/1.9 MB | 41/597 kBProgress (3): 0.6/1.6 MB | 0.3/1.9 MB | 41/597 kBProgress (3): 0.6/1.6 MB | 0.3/1.9 MB | 57/597 kBProgress (3): 0.7/1.6 MB | 0.3/1.9 MB | 57/597 kBProgress (3): 0.7/1.6 MB | 0.3/1.9 MB | 57/597 kBProgress (3): 0.7/1.6 MB | 0.3/1.9 MB | 57/597 kBProgress (3): 0.7/1.6 MB | 0.3/1.9 MB | 57/597 kBProgress (3): 0.7/1.6 MB | 0.3/1.9 MB | 57/597 kBProgress (3): 0.7/1.6 MB | 0.3/1.9 MB | 57/597 kBProgress (4): 0.7/1.6 MB | 0.3/1.9 MB | 57/597 kB | 3.2/317 kBProgress (4): 0.7/1.6 MB | 0.3/1.9 MB | 74/597 kB | 3.2/317 kBProgress (4): 0.7/1.6 MB | 0.3/1.9 MB | 90/597 kB | 3.2/317 kBProgress (4): 0.7/1.6 MB | 0.3/1.9 MB | 90/597 kB | 3.2/317 kBProgress (4): 0.7/1.6 MB | 0.3/1.9 MB | 90/597 kB | 3.2/317 kBProgress (4): 0.7/1.6 MB | 0.3/1.9 MB | 90/597 kB | 3.2/317 kBProgress (4): 0.8/1.6 MB | 0.3/1.9 MB | 90/597 kB | 3.2/317 kBProgress (4): 0.8/1.6 MB | 0.3/1.9 MB | 90/597 kB | 3.2/317 kBProgress (5): 0.8/1.6 MB | 0.3/1.9 MB | 90/597 kB | 3.2/317 kB | 6.3 kBProgress (5): 0.8/1.6 MB | 0.3/1.9 MB | 106/597 kB | 3.2/317 kB | 6.3 kBProgress (5): 0.8/1.6 MB | 0.3/1.9 MB | 106/597 kB | 20/317 kB | 6.3 kB Progress (5): 0.8/1.6 MB | 0.3/1.9 MB | 123/597 kB | 20/317 kB | 6.3 kB                                                                       Downloaded from central: https://repo.maven.apache.org/maven2/org/slf4j/jul-to-slf4j/2.0.13/jul-to-slf4j-2.0.13.jar (6.3 kB at 17 kB/s)
Downloading from central: https://repo.maven.apache.org/maven2/jakarta/annotation/jakarta.annotation-api/2.1.1/jakarta.annotation-api-2.1.1.jar
Progress (4): 0.8/1.6 MB | 0.3/1.9 MB | 123/597 kB | 20/317 kBProgress (4): 0.8/1.6 MB | 0.3/1.9 MB | 123/597 kB | 20/317 kBProgress (4): 0.8/1.6 MB | 0.3/1.9 MB | 123/597 kB | 20/317 kBProgress (4): 0.8/1.6 MB | 0.3/1.9 MB | 131/597 kB | 20/317 kBProgress (4): 0.8/1.6 MB | 0.3/1.9 MB | 131/597 kB | 36/317 kBProgress (4): 0.8/1.6 MB | 0.3/1.9 MB | 147/597 kB | 36/317 kBProgress (4): 0.8/1.6 MB | 0.3/1.9 MB | 164/597 kB | 36/317 kBProgress (4): 0.8/1.6 MB | 0.3/1.9 MB | 180/597 kB | 36/317 kBProgress (4): 0.8/1.6 MB | 0.3/1.9 MB | 180/597 kB | 36/317 kBProgress (4): 0.8/1.6 MB | 0.3/1.9 MB | 180/597 kB | 36/317 kBProgress (4): 0.9/1.6 MB | 0.3/1.9 MB | 180/597 kB | 36/317 kBProgress (4): 0.9/1.6 MB | 0.3/1.9 MB | 180/597 kB | 36/317 kBProgress (4): 0.9/1.6 MB | 0.3/1.9 MB | 180/597 kB | 36/317 kBProgress (4): 0.9/1.6 MB | 0.3/1.9 MB | 180/597 kB | 36/317 kBProgress (4): 0.9/1.6 MB | 0.3/1.9 MB | 197/597 kB | 36/317 kBProgress (4): 0.9/1.6 MB | 0.3/1.9 MB | 197/597 kB | 52/317 kBProgress (4): 0.9/1.6 MB | 0.3/1.9 MB | 213/597 kB | 52/317 kBProgress (4): 0.9/1.6 MB | 0.3/1.9 MB | 213/597 kB | 52/317 kBProgress (4): 0.9/1.6 MB | 0.4/1.9 MB | 213/597 kB | 52/317 kBProgress (4): 0.9/1.6 MB | 0.4/1.9 MB | 213/597 kB | 52/317 kBProgress (4): 0.9/1.6 MB | 0.4/1.9 MB | 229/597 kB | 52/317 kBProgress (4): 0.9/1.6 MB | 0.4/1.9 MB | 229/597 kB | 69/317 kBProgress (4): 0.9/1.6 MB | 0.4/1.9 MB | 229/597 kB | 69/317 kBProgress (4): 1.0/1.6 MB | 0.4/1.9 MB | 229/597 kB | 69/317 kBProgress (4): 1.0/1.6 MB | 0.4/1.9 MB | 229/597 kB | 69/317 kBProgress (4): 1.0/1.6 MB | 0.4/1.9 MB | 229/597 kB | 69/317 kBProgress (4): 1.0/1.6 MB | 0.4/1.9 MB | 229/597 kB | 69/317 kBProgress (4): 1.0/1.6 MB | 0.4/1.9 MB | 229/597 kB | 69/317 kBProgress (4): 1.0/1.6 MB | 0.4/1.9 MB | 229/597 kB | 85/317 kBProgress (4): 1.0/1.6 MB | 0.4/1.9 MB | 229/597 kB | 85/317 kBProgress (4): 1.0/1.6 MB | 0.4/1.9 MB | 246/597 kB | 85/317 kBProgress (4): 1.0/1.6 MB | 0.4/1.9 MB | 246/597 kB | 85/317 kBProgress (4): 1.0/1.6 MB | 0.4/1.9 MB | 246/597 kB | 101/317 kBProgress (4): 1.0/1.6 MB | 0.4/1.9 MB | 246/597 kB | 101/317 kBProgress (4): 1.0/1.6 MB | 0.4/1.9 MB | 246/597 kB | 118/317 kBProgress (4): 1.1/1.6 MB | 0.4/1.9 MB | 246/597 kB | 118/317 kBProgress (4): 1.1/1.6 MB | 0.4/1.9 MB | 262/597 kB | 118/317 kBProgress (4): 1.1/1.6 MB | 0.4/1.9 MB | 262/597 kB | 118/317 kBProgress (4): 1.1/1.6 MB | 0.4/1.9 MB | 279/597 kB | 118/317 kBProgress (4): 1.1/1.6 MB | 0.4/1.9 MB | 279/597 kB | 126/317 kBProgress (4): 1.1/1.6 MB | 0.4/1.9 MB | 279/597 kB | 126/317 kBProgress (4): 1.1/1.6 MB | 0.4/1.9 MB | 279/597 kB | 142/317 kBProgress (4): 1.1/1.6 MB | 0.4/1.9 MB | 295/597 kB | 142/317 kBProgress (4): 1.1/1.6 MB | 0.4/1.9 MB | 295/597 kB | 142/317 kBProgress (4): 1.1/1.6 MB | 0.4/1.9 MB | 311/597 kB | 142/317 kBProgress (4): 1.1/1.6 MB | 0.4/1.9 MB | 311/597 kB | 159/317 kBProgress (4): 1.1/1.6 MB | 0.4/1.9 MB | 311/597 kB | 159/317 kBProgress (4): 1.1/1.6 MB | 0.4/1.9 MB | 311/597 kB | 175/317 kBProgress (4): 1.1/1.6 MB | 0.4/1.9 MB | 319/597 kB | 175/317 kBProgress (4): 1.1/1.6 MB | 0.4/1.9 MB | 319/597 kB | 175/317 kBProgress (4): 1.1/1.6 MB | 0.4/1.9 MB | 319/597 kB | 192/317 kBProgress (4): 1.1/1.6 MB | 0.4/1.9 MB | 319/597 kB | 192/317 kBProgress (4): 1.1/1.6 MB | 0.4/1.9 MB | 319/597 kB | 208/317 kBProgress (4): 1.1/1.6 MB | 0.4/1.9 MB | 336/597 kB | 208/317 kBProgress (4): 1.1/1.6 MB | 0.4/1.9 MB | 336/597 kB | 208/317 kBProgress (4): 1.1/1.6 MB | 0.4/1.9 MB | 352/597 kB | 208/317 kBProgress (4): 1.1/1.6 MB | 0.4/1.9 MB | 352/597 kB | 224/317 kBProgress (4): 1.1/1.6 MB | 0.4/1.9 MB | 352/597 kB | 224/317 kBProgress (4): 1.1/1.6 MB | 0.4/1.9 MB | 352/597 kB | 241/317 kBProgress (4): 1.1/1.6 MB | 0.5/1.9 MB | 352/597 kB | 241/317 kBProgress (4): 1.1/1.6 MB | 0.5/1.9 MB | 369/597 kB | 241/317 kBProgress (4): 1.1/1.6 MB | 0.5/1.9 MB | 369/597 kB | 241/317 kBProgress (4): 1.1/1.6 MB | 0.5/1.9 MB | 385/597 kB | 241/317 kBProgress (4): 1.1/1.6 MB | 0.5/1.9 MB | 385/597 kB | 241/317 kBProgress (4): 1.1/1.6 MB | 0.5/1.9 MB | 385/597 kB | 257/317 kBProgress (4): 1.1/1.6 MB | 0.5/1.9 MB | 385/597 kB | 257/317 kBProgress (4): 1.1/1.6 MB | 0.5/1.9 MB | 401/597 kB | 257/317 kBProgress (4): 1.2/1.6 MB | 0.5/1.9 MB | 401/597 kB | 257/317 kBProgress (4): 1.2/1.6 MB | 0.5/1.9 MB | 418/597 kB | 257/317 kBProgress (4): 1.2/1.6 MB | 0.5/1.9 MB | 418/597 kB | 257/317 kBProgress (4): 1.2/1.6 MB | 0.5/1.9 MB | 418/597 kB | 274/317 kBProgress (4): 1.2/1.6 MB | 0.5/1.9 MB | 418/597 kB | 274/317 kBProgress (4): 1.2/1.6 MB | 0.5/1.9 MB | 434/597 kB | 274/317 kBProgress (4): 1.2/1.6 MB | 0.5/1.9 MB | 434/597 kB | 274/317 kBProgress (4): 1.2/1.6 MB | 0.5/1.9 MB | 451/597 kB | 274/317 kBProgress (4): 1.2/1.6 MB | 0.5/1.9 MB | 451/597 kB | 274/317 kBProgress (4): 1.2/1.6 MB | 0.5/1.9 MB | 451/597 kB | 274/317 kBProgress (4): 1.2/1.6 MB | 0.5/1.9 MB | 451/597 kB | 274/317 kBProgress (4): 1.2/1.6 MB | 0.5/1.9 MB | 467/597 kB | 274/317 kBProgress (4): 1.2/1.6 MB | 0.5/1.9 MB | 467/597 kB | 274/317 kBProgress (4): 1.2/1.6 MB | 0.5/1.9 MB | 467/597 kB | 274/317 kBProgress (4): 1.2/1.6 MB | 0.5/1.9 MB | 483/597 kB | 274/317 kBProgress (4): 1.2/1.6 MB | 0.6/1.9 MB | 483/597 kB | 274/317 kBProgress (4): 1.2/1.6 MB | 0.6/1.9 MB | 483/597 kB | 274/317 kBProgress (4): 1.2/1.6 MB | 0.6/1.9 MB | 483/597 kB | 274/317 kBProgress (4): 1.3/1.6 MB | 0.6/1.9 MB | 483/597 kB | 274/317 kBProgress (4): 1.3/1.6 MB | 0.6/1.9 MB | 483/597 kB | 274/317 kBProgress (4): 1.3/1.6 MB | 0.6/1.9 MB | 483/597 kB | 274/317 kBProgress (4): 1.3/1.6 MB | 0.6/1.9 MB | 483/597 kB | 274/317 kBProgress (4): 1.3/1.6 MB | 0.6/1.9 MB | 483/597 kB | 274/317 kBProgress (4): 1.3/1.6 MB | 0.6/1.9 MB | 483/597 kB | 274/317 kBProgress (4): 1.3/1.6 MB | 0.7/1.9 MB | 483/597 kB | 274/317 kBProgress (4): 1.3/1.6 MB | 0.7/1.9 MB | 483/597 kB | 274/317 kBProgress (4): 1.3/1.6 MB | 0.7/1.9 MB | 483/597 kB | 274/317 kBProgress (4): 1.3/1.6 MB | 0.7/1.9 MB | 483/597 kB | 274/317 kBProgress (4): 1.3/1.6 MB | 0.7/1.9 MB | 483/597 kB | 274/317 kBProgress (4): 1.3/1.6 MB | 0.7/1.9 MB | 483/597 kB | 274/317 kBProgress (4): 1.3/1.6 MB | 0.8/1.9 MB | 483/597 kB | 274/317 kBProgress (4): 1.3/1.6 MB | 0.8/1.9 MB | 483/597 kB | 274/317 kBProgress (4): 1.3/1.6 MB | 0.8/1.9 MB | 483/597 kB | 274/317 kBProgress (4): 1.3/1.6 MB | 0.8/1.9 MB | 483/597 kB | 274/317 kBProgress (4): 1.3/1.6 MB | 0.8/1.9 MB | 483/597 kB | 274/317 kBProgress (4): 1.3/1.6 MB | 0.8/1.9 MB | 483/597 kB | 274/317 kBProgress (4): 1.3/1.6 MB | 0.9/1.9 MB | 483/597 kB | 274/317 kBProgress (4): 1.3/1.6 MB | 0.9/1.9 MB | 483/597 kB | 274/317 kBProgress (4): 1.3/1.6 MB | 0.9/1.9 MB | 483/597 kB | 274/317 kBProgress (4): 1.3/1.6 MB | 0.9/1.9 MB | 483/597 kB | 274/317 kBProgress (4): 1.3/1.6 MB | 0.9/1.9 MB | 483/597 kB | 274/317 kBProgress (4): 1.3/1.6 MB | 0.9/1.9 MB | 500/597 kB | 274/317 kBProgress (5): 1.3/1.6 MB | 0.9/1.9 MB | 500/597 kB | 274/317 kB | 7.7/26 kBProgress (5): 1.3/1.6 MB | 0.9/1.9 MB | 500/597 kB | 290/317 kB | 7.7/26 kBProgress (5): 1.3/1.6 MB | 0.9/1.9 MB | 500/597 kB | 290/317 kB | 7.7/26 kBProgress (5): 1.3/1.6 MB | 0.9/1.9 MB | 500/597 kB | 290/317 kB | 7.7/26 kBProgress (5): 1.3/1.6 MB | 0.9/1.9 MB | 500/597 kB | 306/317 kB | 7.7/26 kBProgress (5): 1.3/1.6 MB | 0.9/1.9 MB | 500/597 kB | 306/317 kB | 16/26 kB Progress (5): 1.3/1.6 MB | 0.9/1.9 MB | 500/597 kB | 306/317 kB | 16/26 kBProgress (5): 1.3/1.6 MB | 0.9/1.9 MB | 516/597 kB | 306/317 kB | 16/26 kBProgress (5): 1.3/1.6 MB | 0.9/1.9 MB | 516/597 kB | 306/317 kB | 16/26 kBProgress (5): 1.3/1.6 MB | 0.9/1.9 MB | 516/597 kB | 306/317 kB | 26 kB   Progress (5): 1.3/1.6 MB | 0.9/1.9 MB | 516/597 kB | 317 kB | 26 kB    Progress (5): 1.3/1.6 MB | 1.0/1.9 MB | 516/597 kB | 317 kB | 26 kB                                                                   Downloaded from central: https://repo.maven.apache.org/maven2/org/apache/logging/log4j/log4j-api/2.21.1/log4j-api-2.21.1.jar (317 kB at 621 kB/s)
Downloaded from central: https://repo.maven.apache.org/maven2/jakarta/annotation/jakarta.annotation-api/2.1.1/jakarta.annotation-api-2.1.1.jar (26 kB at 51 kB/s)
Downloading from central: https://repo.maven.apache.org/maven2/com/zaxxer/HikariCP/5.0.1/HikariCP-5.0.1.jar
Progress (3): 1.3/1.6 MB | 1.0/1.9 MB | 516/597 kBProgress (3): 1.4/1.6 MB | 1.0/1.9 MB | 516/597 kBProgress (3): 1.4/1.6 MB | 1.0/1.9 MB | 532/597 kBProgress (3): 1.4/1.6 MB | 1.0/1.9 MB | 532/597 kB                                                  Downloading from central: https://repo.maven.apache.org/maven2/org/yaml/snakeyaml/2.2/snakeyaml-2.2.jar
Progress (3): 1.4/1.6 MB | 1.0/1.9 MB | 532/597 kBProgress (3): 1.4/1.6 MB | 1.0/1.9 MB | 532/597 kBProgress (3): 1.4/1.6 MB | 1.0/1.9 MB | 549/597 kBProgress (3): 1.4/1.6 MB | 1.0/1.9 MB | 549/597 kBProgress (3): 1.4/1.6 MB | 1.0/1.9 MB | 549/597 kBProgress (3): 1.4/1.6 MB | 1.0/1.9 MB | 549/597 kBProgress (3): 1.4/1.6 MB | 1.0/1.9 MB | 565/597 kBProgress (3): 1.4/1.6 MB | 1.0/1.9 MB | 565/597 kBProgress (3): 1.4/1.6 MB | 1.0/1.9 MB | 582/597 kBProgress (3): 1.4/1.6 MB | 1.0/1.9 MB | 597 kB                                                  Downloaded from central: https://repo.maven.apache.org/maven2/ch/qos/logback/logback-core/1.4.14/logback-core-1.4.14.jar (597 kB at 1.1 MB/s)
Progress (2): 1.4/1.6 MB | 1.0/1.9 MB                                     Downloading from central: https://repo.maven.apache.org/maven2/org/springframework/spring-jdbc/6.1.6/spring-jdbc-6.1.6.jar
Progress (2): 1.5/1.6 MB | 1.0/1.9 MBProgress (2): 1.5/1.6 MB | 1.0/1.9 MBProgress (2): 1.5/1.6 MB | 1.0/1.9 MBProgress (2): 1.5/1.6 MB | 1.0/1.9 MBProgress (2): 1.5/1.6 MB | 1.0/1.9 MBProgress (2): 1.5/1.6 MB | 1.0/1.9 MBProgress (2): 1.5/1.6 MB | 1.0/1.9 MBProgress (2): 1.5/1.6 MB | 1.1/1.9 MBProgress (2): 1.5/1.6 MB | 1.1/1.9 MBProgress (2): 1.5/1.6 MB | 1.1/1.9 MBProgress (2): 1.5/1.6 MB | 1.1/1.9 MBProgress (2): 1.5/1.6 MB | 1.1/1.9 MBProgress (2): 1.5/1.6 MB | 1.1/1.9 MBProgress (2): 1.5/1.6 MB | 1.1/1.9 MBProgress (2): 1.6/1.6 MB | 1.1/1.9 MBProgress (2): 1.6/1.6 MB | 1.1/1.9 MBProgress (2): 1.6/1.6 MB | 1.1/1.9 MBProgress (2): 1.6/1.6 MB | 1.2/1.9 MBProgress (2): 1.6/1.6 MB | 1.2/1.9 MBProgress (2): 1.6/1.6 MB | 1.2/1.9 MBProgress (2): 1.6/1.6 MB | 1.2/1.9 MBProgress (2): 1.6/1.6 MB | 1.2/1.9 MBProgress (2): 1.6/1.6 MB | 1.2/1.9 MBProgress (2): 1.6/1.6 MB | 1.2/1.9 MBProgress (2): 1.6/1.6 MB | 1.2/1.9 MBProgress (2): 1.6 MB | 1.2/1.9 MB    Progress (2): 1.6 MB | 1.3/1.9 MBProgress (2): 1.6 MB | 1.3/1.9 MB                                 Downloaded from central: https://repo.maven.apache.org/maven2/org/springframework/boot/spring-boot/3.2.5/spring-boot-3.2.5.jar (1.6 MB at 2.8 MB/s)
Downloading from central: https://repo.maven.apache.org/maven2/org/springframework/boot/spring-boot-starter-aop/3.2.5/spring-boot-starter-aop-3.2.5.jar
Progress (1): 1.3/1.9 MBProgress (1): 1.3/1.9 MBProgress (1): 1.3/1.9 MBProgress (1): 1.3/1.9 MBProgress (1): 1.3/1.9 MBProgress (1): 1.4/1.9 MBProgress (1): 1.4/1.9 MBProgress (2): 1.4/1.9 MB | 7.7/162 kBProgress (2): 1.4/1.9 MB | 7.7/162 kBProgress (2): 1.4/1.9 MB | 24/162 kB Progress (2): 1.4/1.9 MB | 24/162 kBProgress (2): 1.4/1.9 MB | 40/162 kBProgress (2): 1.4/1.9 MB | 40/162 kBProgress (2): 1.4/1.9 MB | 40/162 kBProgress (2): 1.4/1.9 MB | 57/162 kBProgress (2): 1.4/1.9 MB | 57/162 kBProgress (2): 1.4/1.9 MB | 73/162 kBProgress (2): 1.5/1.9 MB | 73/162 kBProgress (2): 1.5/1.9 MB | 90/162 kBProgress (2): 1.5/1.9 MB | 90/162 kBProgress (2): 1.5/1.9 MB | 106/162 kBProgress (2): 1.5/1.9 MB | 122/162 kBProgress (2): 1.5/1.9 MB | 122/162 kBProgress (2): 1.5/1.9 MB | 139/162 kBProgress (2): 1.5/1.9 MB | 139/162 kBProgress (2): 1.5/1.9 MB | 139/162 kBProgress (2): 1.5/1.9 MB | 155/162 kBProgress (2): 1.5/1.9 MB | 155/162 kBProgress (2): 1.6/1.9 MB | 155/162 kBProgress (2): 1.6/1.9 MB | 162 kB    Progress (3): 1.6/1.9 MB | 162 kB | 7.7/334 kBProgress (3): 1.6/1.9 MB | 162 kB | 11/334 kB Progress (3): 1.6/1.9 MB | 162 kB | 28/334 kBProgress (3): 1.6/1.9 MB | 162 kB | 28/334 kB                                             Downloaded from central: https://repo.maven.apache.org/maven2/com/zaxxer/HikariCP/5.0.1/HikariCP-5.0.1.jar (162 kB at 242 kB/s)
Progress (3): 1.6/1.9 MB | 28/334 kB | 3.1/467 kBProgress (3): 1.6/1.9 MB | 28/334 kB | 20/467 kB                                                 Downloading from central: https://repo.maven.apache.org/maven2/org/aspectj/aspectjweaver/1.9.22/aspectjweaver-1.9.22.jar
Progress (3): 1.6/1.9 MB | 28/334 kB | 20/467 kBProgress (3): 1.6/1.9 MB | 28/334 kB | 20/467 kBProgress (3): 1.6/1.9 MB | 44/334 kB | 20/467 kBProgress (3): 1.6/1.9 MB | 44/334 kB | 20/467 kBProgress (4): 1.6/1.9 MB | 44/334 kB | 20/467 kB | 4.8 kBProgress (4): 1.6/1.9 MB | 61/334 kB | 20/467 kB | 4.8 kB                                                         Downloaded from central: https://repo.maven.apache.org/maven2/org/springframework/boot/spring-boot-starter-aop/3.2.5/spring-boot-starter-aop-3.2.5.jar (4.8 kB at 6.9 kB/s)
Downloading from central: https://repo.maven.apache.org/maven2/org/springframework/boot/spring-boot-starter-security/3.2.5/spring-boot-starter-security-3.2.5.jar
Progress (3): 1.6/1.9 MB | 61/334 kB | 28/467 kBProgress (3): 1.6/1.9 MB | 61/334 kB | 28/467 kBProgress (3): 1.7/1.9 MB | 61/334 kB | 28/467 kBProgress (3): 1.7/1.9 MB | 77/334 kB | 28/467 kBProgress (3): 1.7/1.9 MB | 77/334 kB | 28/467 kBProgress (3): 1.7/1.9 MB | 77/334 kB | 44/467 kBProgress (3): 1.7/1.9 MB | 77/334 kB | 44/467 kBProgress (3): 1.7/1.9 MB | 77/334 kB | 60/467 kBProgress (3): 1.7/1.9 MB | 93/334 kB | 60/467 kBProgress (3): 1.7/1.9 MB | 93/334 kB | 77/467 kBProgress (3): 1.7/1.9 MB | 93/334 kB | 77/467 kBProgress (3): 1.7/1.9 MB | 93/334 kB | 93/467 kBProgress (3): 1.7/1.9 MB | 110/334 kB | 93/467 kBProgress (3): 1.7/1.9 MB | 110/334 kB | 93/467 kBProgress (3): 1.7/1.9 MB | 126/334 kB | 93/467 kBProgress (3): 1.7/1.9 MB | 126/334 kB | 110/467 kBProgress (3): 1.7/1.9 MB | 142/334 kB | 110/467 kBProgress (3): 1.7/1.9 MB | 142/334 kB | 110/467 kBProgress (3): 1.7/1.9 MB | 159/334 kB | 110/467 kBProgress (3): 1.7/1.9 MB | 159/334 kB | 115/467 kBProgress (3): 1.7/1.9 MB | 175/334 kB | 115/467 kBProgress (3): 1.8/1.9 MB | 175/334 kB | 115/467 kBProgress (3): 1.8/1.9 MB | 192/334 kB | 115/467 kBProgress (3): 1.8/1.9 MB | 192/334 kB | 131/467 kBProgress (3): 1.8/1.9 MB | 208/334 kB | 131/467 kBProgress (3): 1.8/1.9 MB | 208/334 kB | 131/467 kBProgress (3): 1.8/1.9 MB | 208/334 kB | 131/467 kBProgress (3): 1.8/1.9 MB | 217/334 kB | 131/467 kBProgress (3): 1.8/1.9 MB | 217/334 kB | 147/467 kBProgress (3): 1.8/1.9 MB | 217/334 kB | 147/467 kBProgress (3): 1.8/1.9 MB | 217/334 kB | 164/467 kBProgress (3): 1.8/1.9 MB | 224/334 kB | 164/467 kBProgress (3): 1.8/1.9 MB | 224/334 kB | 180/467 kBProgress (3): 1.8/1.9 MB | 224/334 kB | 180/467 kBProgress (3): 1.8/1.9 MB | 224/334 kB | 197/467 kBProgress (3): 1.8/1.9 MB | 224/334 kB | 197/467 kBProgress (3): 1.9/1.9 MB | 224/334 kB | 197/467 kBProgress (3): 1.9/1.9 MB | 224/334 kB | 197/467 kBProgress (3): 1.9/1.9 MB | 224/334 kB | 197/467 kBProgress (3): 1.9/1.9 MB | 224/334 kB | 197/467 kBProgress (3): 1.9/1.9 MB | 241/334 kB | 197/467 kBProgress (3): 1.9/1.9 MB | 241/334 kB | 197/467 kBProgress (3): 1.9/1.9 MB | 241/334 kB | 213/467 kBProgress (3): 1.9 MB | 241/334 kB | 213/467 kB    Progress (3): 1.9 MB | 257/334 kB | 213/467 kBProgress (3): 1.9 MB | 257/334 kB | 229/467 kBProgress (3): 1.9 MB | 274/334 kB | 229/467 kBProgress (3): 1.9 MB | 274/334 kB | 246/467 kB                                              Downloaded from central: https://repo.maven.apache.org/maven2/org/springframework/boot/spring-boot-autoconfigure/3.2.5/spring-boot-autoconfigure-3.2.5.jar (1.9 MB at 2.6 MB/s)
Progress (2): 274/334 kB | 262/467 kBProgress (2): 290/334 kB | 262/467 kBProgress (2): 290/334 kB | 270/467 kB                                     Downloading from central: https://repo.maven.apache.org/maven2/org/springframework/security/spring-security-config/6.2.4/spring-security-config-6.2.4.jar
Progress (2): 290/334 kB | 279/467 kBProgress (2): 306/334 kB | 279/467 kBProgress (2): 306/334 kB | 295/467 kBProgress (2): 323/334 kB | 295/467 kBProgress (2): 323/334 kB | 311/467 kBProgress (2): 334 kB | 311/467 kB    Progress (2): 334 kB | 328/467 kBProgress (2): 334 kB | 344/467 kB                                 Downloaded from central: https://repo.maven.apache.org/maven2/org/yaml/snakeyaml/2.2/snakeyaml-2.2.jar (334 kB at 447 kB/s)
Progress (1): 352/467 kB                        Downloading from central: https://repo.maven.apache.org/maven2/org/springframework/security/spring-security-core/6.2.4/spring-security-core-6.2.4.jar
Progress (1): 369/467 kBProgress (1): 385/467 kBProgress (1): 401/467 kBProgress (1): 418/467 kBProgress (1): 434/467 kBProgress (1): 451/467 kBProgress (1): 467/467 kBProgress (1): 467 kB    Progress (2): 467 kB | 0/2.2 MBProgress (2): 467 kB | 0/2.2 MB                               Downloaded from central: https://repo.maven.apache.org/maven2/org/springframework/spring-jdbc/6.1.6/spring-jdbc-6.1.6.jar (467 kB at 609 kB/s)
Downloading from central: https://repo.maven.apache.org/maven2/org/springframework/security/spring-security-crypto/6.2.4/spring-security-crypto-6.2.4.jar
Progress (1): 0/2.2 MBProgress (2): 0/2.2 MB | 4.7 kB                               Downloaded from central: https://repo.maven.apache.org/maven2/org/springframework/boot/spring-boot-starter-security/3.2.5/spring-boot-starter-security-3.2.5.jar (4.7 kB at 6.1 kB/s)
Downloading from central: https://repo.maven.apache.org/maven2/org/springframework/security/spring-security-web/6.2.4/spring-security-web-6.2.4.jar
Progress (1): 0/2.2 MBProgress (1): 0.1/2.2 MBProgress (1): 0.1/2.2 MBProgress (1): 0.1/2.2 MBProgress (1): 0.1/2.2 MBProgress (1): 0.1/2.2 MBProgress (1): 0.1/2.2 MBProgress (1): 0.2/2.2 MBProgress (1): 0.2/2.2 MBProgress (1): 0.2/2.2 MBProgress (1): 0.2/2.2 MBProgress (1): 0.2/2.2 MBProgress (1): 0.2/2.2 MBProgress (1): 0.3/2.2 MBProgress (1): 0.3/2.2 MBProgress (1): 0.3/2.2 MBProgress (1): 0.3/2.2 MBProgress (1): 0.3/2.2 MBProgress (1): 0.3/2.2 MBProgress (2): 0.3/2.2 MB | 0/1.8 MBProgress (2): 0.3/2.2 MB | 0/1.8 MBProgress (2): 0.4/2.2 MB | 0/1.8 MBProgress (2): 0.4/2.2 MB | 0/1.8 MBProgress (2): 0.4/2.2 MB | 0/1.8 MBProgress (2): 0.4/2.2 MB | 0/1.8 MBProgress (3): 0.4/2.2 MB | 0/1.8 MB | 7.7/513 kBProgress (3): 0.4/2.2 MB | 0/1.8 MB | 7.7/513 kBProgress (3): 0.4/2.2 MB | 0.1/1.8 MB | 7.7/513 kBProgress (3): 0.4/2.2 MB | 0.1/1.8 MB | 7.7/513 kBProgress (3): 0.4/2.2 MB | 0.1/1.8 MB | 7.7/513 kBProgress (3): 0.4/2.2 MB | 0.1/1.8 MB | 16/513 kB Progress (3): 0.4/2.2 MB | 0.1/1.8 MB | 16/513 kBProgress (3): 0.4/2.2 MB | 0.1/1.8 MB | 16/513 kBProgress (3): 0.4/2.2 MB | 0.1/1.8 MB | 24/513 kBProgress (3): 0.4/2.2 MB | 0.1/1.8 MB | 24/513 kBProgress (3): 0.4/2.2 MB | 0.1/1.8 MB | 24/513 kBProgress (3): 0.4/2.2 MB | 0.1/1.8 MB | 24/513 kBProgress (3): 0.4/2.2 MB | 0.1/1.8 MB | 24/513 kBProgress (3): 0.5/2.2 MB | 0.1/1.8 MB | 24/513 kBProgress (4): 0.5/2.2 MB | 0.1/1.8 MB | 24/513 kB | 7.7/84 kBProgress (4): 0.5/2.2 MB | 0.1/1.8 MB | 24/513 kB | 8.2/84 kBProgress (5): 0.5/2.2 MB | 0.1/1.8 MB | 24/513 kB | 8.2/84 kB | 7.7/781 kBProgress (5): 0.5/2.2 MB | 0.1/1.8 MB | 40/513 kB | 8.2/84 kB | 7.7/781 kBProgress (5): 0.5/2.2 MB | 0.1/1.8 MB | 57/513 kB | 8.2/84 kB | 7.7/781 kBProgress (5): 0.5/2.2 MB | 0.1/1.8 MB | 57/513 kB | 8.2/84 kB | 7.7/781 kBProgress (5): 0.5/2.2 MB | 0.1/1.8 MB | 57/513 kB | 8.2/84 kB | 24/781 kB Progress (5): 0.5/2.2 MB | 0.1/1.8 MB | 57/513 kB | 8.2/84 kB | 40/781 kBProgress (5): 0.5/2.2 MB | 0.1/1.8 MB | 57/513 kB | 25/84 kB | 40/781 kB Progress (5): 0.5/2.2 MB | 0.1/1.8 MB | 57/513 kB | 41/84 kB | 40/781 kBProgress (5): 0.5/2.2 MB | 0.1/1.8 MB | 57/513 kB | 41/84 kB | 40/781 kBProgress (5): 0.5/2.2 MB | 0.1/1.8 MB | 57/513 kB | 41/84 kB | 40/781 kBProgress (5): 0.5/2.2 MB | 0.1/1.8 MB | 57/513 kB | 41/84 kB | 40/781 kBProgress (5): 0.5/2.2 MB | 0.1/1.8 MB | 57/513 kB | 57/84 kB | 40/781 kBProgress (5): 0.5/2.2 MB | 0.1/1.8 MB | 57/513 kB | 57/84 kB | 40/781 kBProgress (5): 0.5/2.2 MB | 0.1/1.8 MB | 57/513 kB | 57/84 kB | 57/781 kBProgress (5): 0.5/2.2 MB | 0.1/1.8 MB | 73/513 kB | 57/84 kB | 57/781 kBProgress (5): 0.5/2.2 MB | 0.1/1.8 MB | 73/513 kB | 57/84 kB | 73/781 kBProgress (5): 0.5/2.2 MB | 0.1/1.8 MB | 73/513 kB | 57/84 kB | 73/781 kBProgress (5): 0.5/2.2 MB | 0.1/1.8 MB | 73/513 kB | 74/84 kB | 73/781 kBProgress (5): 0.5/2.2 MB | 0.2/1.8 MB | 73/513 kB | 74/84 kB | 73/781 kBProgress (5): 0.5/2.2 MB | 0.2/1.8 MB | 73/513 kB | 84 kB | 73/781 kB   Progress (5): 0.5/2.2 MB | 0.2/1.8 MB | 73/513 kB | 84 kB | 73/781 kBProgress (5): 0.5/2.2 MB | 0.2/1.8 MB | 73/513 kB | 84 kB | 90/781 kBProgress (5): 0.5/2.2 MB | 0.2/1.8 MB | 90/513 kB | 84 kB | 90/781 kB                                                                     Downloaded from central: https://repo.maven.apache.org/maven2/org/springframework/security/spring-security-crypto/6.2.4/spring-security-crypto-6.2.4.jar (84 kB at 90 kB/s)
Progress (4): 0.6/2.2 MB | 0.2/1.8 MB | 90/513 kB | 90/781 kBProgress (4): 0.6/2.2 MB | 0.2/1.8 MB | 90/513 kB | 90/781 kBProgress (4): 0.6/2.2 MB | 0.2/1.8 MB | 90/513 kB | 90/781 kB                                                             Downloading from central: https://repo.maven.apache.org/maven2/org/springframework/spring-web/6.1.6/spring-web-6.1.6.jar
Progress (4): 0.6/2.2 MB | 0.2/1.8 MB | 106/513 kB | 90/781 kBProgress (4): 0.6/2.2 MB | 0.2/1.8 MB | 122/513 kB | 90/781 kBProgress (4): 0.6/2.2 MB | 0.2/1.8 MB | 122/513 kB | 90/781 kBProgress (4): 0.6/2.2 MB | 0.2/1.8 MB | 139/513 kB | 90/781 kBProgress (4): 0.6/2.2 MB | 0.2/1.8 MB | 139/513 kB | 90/781 kBProgress (4): 0.6/2.2 MB | 0.2/1.8 MB | 139/513 kB | 90/781 kBProgress (4): 0.6/2.2 MB | 0.2/1.8 MB | 139/513 kB | 90/781 kBProgress (4): 0.6/2.2 MB | 0.2/1.8 MB | 139/513 kB | 90/781 kBProgress (4): 0.6/2.2 MB | 0.2/1.8 MB | 139/513 kB | 90/781 kBProgress (4): 0.6/2.2 MB | 0.2/1.8 MB | 139/513 kB | 106/781 kBProgress (4): 0.6/2.2 MB | 0.2/1.8 MB | 139/513 kB | 122/781 kBProgress (4): 0.6/2.2 MB | 0.3/1.8 MB | 139/513 kB | 122/781 kBProgress (4): 0.6/2.2 MB | 0.3/1.8 MB | 139/513 kB | 122/781 kBProgress (4): 0.6/2.2 MB | 0.3/1.8 MB | 139/513 kB | 122/781 kBProgress (4): 0.6/2.2 MB | 0.3/1.8 MB | 155/513 kB | 122/781 kBProgress (4): 0.6/2.2 MB | 0.3/1.8 MB | 155/513 kB | 139/781 kBProgress (4): 0.6/2.2 MB | 0.3/1.8 MB | 155/513 kB | 139/781 kBProgress (4): 0.6/2.2 MB | 0.3/1.8 MB | 155/513 kB | 139/781 kBProgress (4): 0.6/2.2 MB | 0.3/1.8 MB | 155/513 kB | 155/781 kBProgress (4): 0.6/2.2 MB | 0.3/1.8 MB | 172/513 kB | 155/781 kBProgress (4): 0.6/2.2 MB | 0.3/1.8 MB | 172/513 kB | 172/781 kBProgress (4): 0.6/2.2 MB | 0.3/1.8 MB | 172/513 kB | 172/781 kBProgress (4): 0.6/2.2 MB | 0.3/1.8 MB | 172/513 kB | 172/781 kBProgress (4): 0.6/2.2 MB | 0.4/1.8 MB | 172/513 kB | 172/781 kBProgress (4): 0.6/2.2 MB | 0.4/1.8 MB | 172/513 kB | 172/781 kBProgress (4): 0.6/2.2 MB | 0.4/1.8 MB | 172/513 kB | 188/781 kBProgress (4): 0.6/2.2 MB | 0.4/1.8 MB | 188/513 kB | 188/781 kBProgress (4): 0.6/2.2 MB | 0.4/1.8 MB | 188/513 kB | 204/781 kBProgress (4): 0.6/2.2 MB | 0.4/1.8 MB | 188/513 kB | 204/781 kBProgress (4): 0.6/2.2 MB | 0.4/1.8 MB | 188/513 kB | 221/781 kBProgress (4): 0.6/2.2 MB | 0.4/1.8 MB | 204/513 kB | 221/781 kBProgress (4): 0.6/2.2 MB | 0.4/1.8 MB | 204/513 kB | 237/781 kBProgress (4): 0.7/2.2 MB | 0.4/1.8 MB | 204/513 kB | 237/781 kBProgress (4): 0.7/2.2 MB | 0.4/1.8 MB | 204/513 kB | 253/781 kBProgress (4): 0.7/2.2 MB | 0.4/1.8 MB | 204/513 kB | 253/781 kBProgress (4): 0.7/2.2 MB | 0.4/1.8 MB | 221/513 kB | 253/781 kBProgress (4): 0.7/2.2 MB | 0.4/1.8 MB | 221/513 kB | 253/781 kBProgress (4): 0.7/2.2 MB | 0.4/1.8 MB | 221/513 kB | 270/781 kBProgress (4): 0.7/2.2 MB | 0.4/1.8 MB | 221/513 kB | 270/781 kBProgress (4): 0.7/2.2 MB | 0.4/1.8 MB | 221/513 kB | 270/781 kBProgress (4): 0.7/2.2 MB | 0.4/1.8 MB | 237/513 kB | 270/781 kBProgress (4): 0.7/2.2 MB | 0.4/1.8 MB | 253/513 kB | 270/781 kBProgress (4): 0.7/2.2 MB | 0.4/1.8 MB | 270/513 kB | 270/781 kBProgress (4): 0.7/2.2 MB | 0.4/1.8 MB | 270/513 kB | 270/781 kBProgress (4): 0.7/2.2 MB | 0.4/1.8 MB | 270/513 kB | 270/781 kBProgress (4): 0.7/2.2 MB | 0.4/1.8 MB | 270/513 kB | 286/781 kBProgress (4): 0.7/2.2 MB | 0.4/1.8 MB | 270/513 kB | 286/781 kBProgress (4): 0.7/2.2 MB | 0.4/1.8 MB | 270/513 kB | 286/781 kBProgress (4): 0.7/2.2 MB | 0.4/1.8 MB | 270/513 kB | 286/781 kBProgress (4): 0.7/2.2 MB | 0.4/1.8 MB | 286/513 kB | 286/781 kBProgress (4): 0.7/2.2 MB | 0.4/1.8 MB | 286/513 kB | 286/781 kBProgress (4): 0.7/2.2 MB | 0.4/1.8 MB | 286/513 kB | 286/781 kBProgress (4): 0.8/2.2 MB | 0.4/1.8 MB | 286/513 kB | 286/781 kBProgress (5): 0.8/2.2 MB | 0.4/1.8 MB | 286/513 kB | 286/781 kB | 0/1.9 MBProgress (5): 0.8/2.2 MB | 0.4/1.8 MB | 286/513 kB | 286/781 kB | 0/1.9 MBProgress (5): 0.8/2.2 MB | 0.4/1.8 MB | 286/513 kB | 303/781 kB | 0/1.9 MBProgress (5): 0.8/2.2 MB | 0.4/1.8 MB | 286/513 kB | 303/781 kB | 0/1.9 MBProgress (5): 0.8/2.2 MB | 0.4/1.8 MB | 286/513 kB | 303/781 kB | 0/1.9 MBProgress (5): 0.8/2.2 MB | 0.5/1.8 MB | 286/513 kB | 303/781 kB | 0/1.9 MBProgress (5): 0.8/2.2 MB | 0.5/1.8 MB | 286/513 kB | 303/781 kB | 0/1.9 MBProgress (5): 0.8/2.2 MB | 0.5/1.8 MB | 286/513 kB | 303/781 kB | 0/1.9 MBProgress (5): 0.8/2.2 MB | 0.5/1.8 MB | 303/513 kB | 303/781 kB | 0/1.9 MBProgress (5): 0.8/2.2 MB | 0.5/1.8 MB | 303/513 kB | 303/781 kB | 0/1.9 MBProgress (5): 0.8/2.2 MB | 0.5/1.8 MB | 303/513 kB | 303/781 kB | 0/1.9 MBProgress (5): 0.8/2.2 MB | 0.5/1.8 MB | 303/513 kB | 303/781 kB | 0/1.9 MBProgress (5): 0.8/2.2 MB | 0.5/1.8 MB | 303/513 kB | 303/781 kB | 0/1.9 MBProgress (5): 0.8/2.2 MB | 0.5/1.8 MB | 303/513 kB | 303/781 kB | 0/1.9 MBProgress (5): 0.8/2.2 MB | 0.5/1.8 MB | 303/513 kB | 319/781 kB | 0/1.9 MBProgress (5): 0.8/2.2 MB | 0.5/1.8 MB | 303/513 kB | 319/781 kB | 0/1.9 MBProgress (5): 0.8/2.2 MB | 0.5/1.8 MB | 303/513 kB | 319/781 kB | 0.1/1.9 MBProgress (5): 0.8/2.2 MB | 0.5/1.8 MB | 319/513 kB | 319/781 kB | 0.1/1.9 MBProgress (5): 0.8/2.2 MB | 0.5/1.8 MB | 335/513 kB | 319/781 kB | 0.1/1.9 MBProgress (5): 0.8/2.2 MB | 0.5/1.8 MB | 335/513 kB | 319/781 kB | 0.1/1.9 MBProgress (5): 0.9/2.2 MB | 0.5/1.8 MB | 335/513 kB | 319/781 kB | 0.1/1.9 MBProgress (5): 0.9/2.2 MB | 0.5/1.8 MB | 335/513 kB | 335/781 kB | 0.1/1.9 MBProgress (5): 0.9/2.2 MB | 0.5/1.8 MB | 335/513 kB | 335/781 kB | 0.1/1.9 MBProgress (5): 0.9/2.2 MB | 0.5/1.8 MB | 335/513 kB | 335/781 kB | 0.1/1.9 MBProgress (5): 0.9/2.2 MB | 0.5/1.8 MB | 352/513 kB | 335/781 kB | 0.1/1.9 MBProgress (5): 0.9/2.2 MB | 0.5/1.8 MB | 352/513 kB | 335/781 kB | 0.1/1.9 MBProgress (5): 0.9/2.2 MB | 0.5/1.8 MB | 352/513 kB | 335/781 kB | 0.1/1.9 MBProgress (5): 0.9/2.2 MB | 0.5/1.8 MB | 352/513 kB | 352/781 kB | 0.1/1.9 MBProgress (5): 0.9/2.2 MB | 0.5/1.8 MB | 352/513 kB | 352/781 kB | 0.1/1.9 MBProgress (5): 0.9/2.2 MB | 0.5/1.8 MB | 352/513 kB | 352/781 kB | 0.1/1.9 MBProgress (5): 0.9/2.2 MB | 0.5/1.8 MB | 352/513 kB | 352/781 kB | 0.1/1.9 MBProgress (5): 0.9/2.2 MB | 0.5/1.8 MB | 352/513 kB | 352/781 kB | 0.1/1.9 MBProgress (5): 0.9/2.2 MB | 0.5/1.8 MB | 368/513 kB | 352/781 kB | 0.1/1.9 MBProgress (5): 0.9/2.2 MB | 0.5/1.8 MB | 368/513 kB | 352/781 kB | 0.1/1.9 MBProgress (5): 0.9/2.2 MB | 0.5/1.8 MB | 368/513 kB | 352/781 kB | 0.1/1.9 MBProgress (5): 0.9/2.2 MB | 0.5/1.8 MB | 368/513 kB | 368/781 kB | 0.1/1.9 MBProgress (5): 0.9/2.2 MB | 0.5/1.8 MB | 368/513 kB | 368/781 kB | 0.1/1.9 MBProgress (5): 0.9/2.2 MB | 0.5/1.8 MB | 368/513 kB | 368/781 kB | 0.1/1.9 MBProgress (5): 0.9/2.2 MB | 0.5/1.8 MB | 385/513 kB | 368/781 kB | 0.1/1.9 MBProgress (5): 0.9/2.2 MB | 0.5/1.8 MB | 385/513 kB | 385/781 kB | 0.1/1.9 MBProgress (5): 0.9/2.2 MB | 0.5/1.8 MB | 401/513 kB | 385/781 kB | 0.1/1.9 MBProgress (5): 0.9/2.2 MB | 0.5/1.8 MB | 401/513 kB | 401/781 kB | 0.1/1.9 MBProgress (5): 0.9/2.2 MB | 0.5/1.8 MB | 417/513 kB | 401/781 kB | 0.1/1.9 MBProgress (5): 0.9/2.2 MB | 0.5/1.8 MB | 417/513 kB | 417/781 kB | 0.1/1.9 MBProgress (5): 1.0/2.2 MB | 0.5/1.8 MB | 417/513 kB | 417/781 kB | 0.1/1.9 MBProgress (5): 1.0/2.2 MB | 0.5/1.8 MB | 434/513 kB | 417/781 kB | 0.1/1.9 MBProgress (5): 1.0/2.2 MB | 0.5/1.8 MB | 434/513 kB | 417/781 kB | 0.1/1.9 MBProgress (5): 1.0/2.2 MB | 0.5/1.8 MB | 434/513 kB | 417/781 kB | 0.1/1.9 MBProgress (5): 1.0/2.2 MB | 0.5/1.8 MB | 434/513 kB | 434/781 kB | 0.1/1.9 MBProgress (5): 1.0/2.2 MB | 0.5/1.8 MB | 450/513 kB | 434/781 kB | 0.1/1.9 MBProgress (5): 1.0/2.2 MB | 0.5/1.8 MB | 450/513 kB | 450/781 kB | 0.1/1.9 MBProgress (5): 1.0/2.2 MB | 0.5/1.8 MB | 466/513 kB | 450/781 kB | 0.1/1.9 MBProgress (5): 1.0/2.2 MB | 0.6/1.8 MB | 466/513 kB | 450/781 kB | 0.1/1.9 MBProgress (5): 1.0/2.2 MB | 0.6/1.8 MB | 466/513 kB | 450/781 kB | 0.1/1.9 MBProgress (5): 1.0/2.2 MB | 0.6/1.8 MB | 466/513 kB | 450/781 kB | 0.2/1.9 MBProgress (5): 1.0/2.2 MB | 0.6/1.8 MB | 466/513 kB | 466/781 kB | 0.2/1.9 MBProgress (5): 1.0/2.2 MB | 0.6/1.8 MB | 466/513 kB | 466/781 kB | 0.2/1.9 MBProgress (5): 1.0/2.2 MB | 0.6/1.8 MB | 466/513 kB | 466/781 kB | 0.2/1.9 MBProgress (5): 1.0/2.2 MB | 0.6/1.8 MB | 466/513 kB | 466/781 kB | 0.2/1.9 MBProgress (5): 1.0/2.2 MB | 0.6/1.8 MB | 483/513 kB | 466/781 kB | 0.2/1.9 MBProgress (5): 1.0/2.2 MB | 0.6/1.8 MB | 483/513 kB | 466/781 kB | 0.2/1.9 MBProgress (5): 1.0/2.2 MB | 0.6/1.8 MB | 483/513 kB | 466/781 kB | 0.2/1.9 MBProgress (5): 1.0/2.2 MB | 0.6/1.8 MB | 483/513 kB | 466/781 kB | 0.2/1.9 MBProgress (5): 1.0/2.2 MB | 0.6/1.8 MB | 483/513 kB | 483/781 kB | 0.2/1.9 MBProgress (5): 1.0/2.2 MB | 0.6/1.8 MB | 483/513 kB | 483/781 kB | 0.2/1.9 MBProgress (5): 1.0/2.2 MB | 0.6/1.8 MB | 483/513 kB | 483/781 kB | 0.2/1.9 MBProgress (5): 1.0/2.2 MB | 0.6/1.8 MB | 483/513 kB | 483/781 kB | 0.2/1.9 MBProgress (5): 1.0/2.2 MB | 0.6/1.8 MB | 499/513 kB | 483/781 kB | 0.2/1.9 MBProgress (5): 1.0/2.2 MB | 0.6/1.8 MB | 499/513 kB | 483/781 kB | 0.2/1.9 MBProgress (5): 1.0/2.2 MB | 0.6/1.8 MB | 499/513 kB | 483/781 kB | 0.2/1.9 MBProgress (5): 1.0/2.2 MB | 0.6/1.8 MB | 499/513 kB | 499/781 kB | 0.2/1.9 MBProgress (5): 1.0/2.2 MB | 0.6/1.8 MB | 499/513 kB | 499/781 kB | 0.2/1.9 MBProgress (5): 1.1/2.2 MB | 0.6/1.8 MB | 499/513 kB | 499/781 kB | 0.2/1.9 MBProgress (5): 1.1/2.2 MB | 0.6/1.8 MB | 499/513 kB | 499/781 kB | 0.2/1.9 MBProgress (5): 1.1/2.2 MB | 0.6/1.8 MB | 513 kB | 499/781 kB | 0.2/1.9 MB    Progress (5): 1.1/2.2 MB | 0.6/1.8 MB | 513 kB | 499/781 kB | 0.2/1.9 MBProgress (5): 1.1/2.2 MB | 0.6/1.8 MB | 513 kB | 499/781 kB | 0.2/1.9 MBProgress (5): 1.1/2.2 MB | 0.6/1.8 MB | 513 kB | 499/781 kB | 0.2/1.9 MBProgress (5): 1.1/2.2 MB | 0.6/1.8 MB | 513 kB | 516/781 kB | 0.2/1.9 MBProgress (5): 1.1/2.2 MB | 0.6/1.8 MB | 513 kB | 516/781 kB | 0.2/1.9 MBProgress (5): 1.1/2.2 MB | 0.6/1.8 MB | 513 kB | 516/781 kB | 0.2/1.9 MBProgress (5): 1.1/2.2 MB | 0.7/1.8 MB | 513 kB | 516/781 kB | 0.2/1.9 MB                                                                        Downloaded from central: https://repo.maven.apache.org/maven2/org/springframework/security/spring-security-core/6.2.4/spring-security-core-6.2.4.jar (513 kB at 442 kB/s)
Progress (4): 1.1/2.2 MB | 0.7/1.8 MB | 516/781 kB | 0.2/1.9 MBProgress (4): 1.1/2.2 MB | 0.7/1.8 MB | 516/781 kB | 0.2/1.9 MBProgress (4): 1.1/2.2 MB | 0.7/1.8 MB | 516/781 kB | 0.3/1.9 MBProgress (4): 1.1/2.2 MB | 0.7/1.8 MB | 532/781 kB | 0.3/1.9 MBProgress (4): 1.1/2.2 MB | 0.7/1.8 MB | 532/781 kB | 0.3/1.9 MBProgress (4): 1.1/2.2 MB | 0.7/1.8 MB | 532/781 kB | 0.3/1.9 MBProgress (4): 1.1/2.2 MB | 0.7/1.8 MB | 532/781 kB | 0.3/1.9 MB                                                               Downloading from central: https://repo.maven.apache.org/maven2/com/fasterxml/jackson/core/jackson-databind/2.15.4/jackson-databind-2.15.4.jar
Progress (4): 1.1/2.2 MB | 0.7/1.8 MB | 532/781 kB | 0.3/1.9 MBProgress (4): 1.1/2.2 MB | 0.7/1.8 MB | 532/781 kB | 0.3/1.9 MBProgress (4): 1.1/2.2 MB | 0.7/1.8 MB | 532/781 kB | 0.3/1.9 MBProgress (4): 1.1/2.2 MB | 0.7/1.8 MB | 548/781 kB | 0.3/1.9 MBProgress (4): 1.2/2.2 MB | 0.7/1.8 MB | 548/781 kB | 0.3/1.9 MBProgress (4): 1.2/2.2 MB | 0.7/1.8 MB | 548/781 kB | 0.3/1.9 MBProgress (4): 1.2/2.2 MB | 0.7/1.8 MB | 548/781 kB | 0.3/1.9 MBProgress (4): 1.2/2.2 MB | 0.7/1.8 MB | 565/781 kB | 0.3/1.9 MBProgress (4): 1.2/2.2 MB | 0.7/1.8 MB | 565/781 kB | 0.3/1.9 MBProgress (4): 1.2/2.2 MB | 0.7/1.8 MB | 581/781 kB | 0.3/1.9 MBProgress (4): 1.2/2.2 MB | 0.7/1.8 MB | 581/781 kB | 0.3/1.9 MBProgress (4): 1.2/2.2 MB | 0.7/1.8 MB | 581/781 kB | 0.3/1.9 MBProgress (4): 1.2/2.2 MB | 0.7/1.8 MB | 581/781 kB | 0.3/1.9 MBProgress (4): 1.2/2.2 MB | 0.7/1.8 MB | 598/781 kB | 0.3/1.9 MBProgress (4): 1.2/2.2 MB | 0.7/1.8 MB | 598/781 kB | 0.3/1.9 MBProgress (4): 1.2/2.2 MB | 0.7/1.8 MB | 614/781 kB | 0.3/1.9 MBProgress (4): 1.2/2.2 MB | 0.7/1.8 MB | 614/781 kB | 0.3/1.9 MBProgress (4): 1.2/2.2 MB | 0.7/1.8 MB | 614/781 kB | 0.3/1.9 MBProgress (4): 1.2/2.2 MB | 0.8/1.8 MB | 614/781 kB | 0.3/1.9 MBProgress (4): 1.2/2.2 MB | 0.8/1.8 MB | 614/781 kB | 0.3/1.9 MBProgress (4): 1.2/2.2 MB | 0.8/1.8 MB | 614/781 kB | 0.3/1.9 MBProgress (5): 1.2/2.2 MB | 0.8/1.8 MB | 614/781 kB | 0.3/1.9 MB | 0/1.6 MBProgress (5): 1.2/2.2 MB | 0.8/1.8 MB | 630/781 kB | 0.3/1.9 MB | 0/1.6 MBProgress (5): 1.2/2.2 MB | 0.8/1.8 MB | 630/781 kB | 0.3/1.9 MB | 0/1.6 MBProgress (5): 1.2/2.2 MB | 0.8/1.8 MB | 630/781 kB | 0.3/1.9 MB | 0/1.6 MBProgress (5): 1.2/2.2 MB | 0.8/1.8 MB | 630/781 kB | 0.3/1.9 MB | 0/1.6 MBProgress (5): 1.2/2.2 MB | 0.8/1.8 MB | 630/781 kB | 0.3/1.9 MB | 0/1.6 MBProgress (5): 1.2/2.2 MB | 0.8/1.8 MB | 630/781 kB | 0.4/1.9 MB | 0/1.6 MBProgress (5): 1.2/2.2 MB | 0.8/1.8 MB | 630/781 kB | 0.4/1.9 MB | 0/1.6 MBProgress (5): 1.2/2.2 MB | 0.8/1.8 MB | 630/781 kB | 0.4/1.9 MB | 0/1.6 MBProgress (5): 1.3/2.2 MB | 0.8/1.8 MB | 630/781 kB | 0.4/1.9 MB | 0/1.6 MBProgress (5): 1.3/2.2 MB | 0.8/1.8 MB | 630/781 kB | 0.4/1.9 MB | 0.1/1.6 MBProgress (5): 1.3/2.2 MB | 0.8/1.8 MB | 630/781 kB | 0.4/1.9 MB | 0.1/1.6 MBProgress (5): 1.3/2.2 MB | 0.8/1.8 MB | 647/781 kB | 0.4/1.9 MB | 0.1/1.6 MBProgress (5): 1.3/2.2 MB | 0.8/1.8 MB | 663/781 kB | 0.4/1.9 MB | 0.1/1.6 MBProgress (5): 1.3/2.2 MB | 0.8/1.8 MB | 663/781 kB | 0.4/1.9 MB | 0.1/1.6 MBProgress (5): 1.3/2.2 MB | 0.8/1.8 MB | 663/781 kB | 0.4/1.9 MB | 0.1/1.6 MBProgress (5): 1.3/2.2 MB | 0.8/1.8 MB | 663/781 kB | 0.4/1.9 MB | 0.1/1.6 MBProgress (5): 1.3/2.2 MB | 0.8/1.8 MB | 663/781 kB | 0.4/1.9 MB | 0.1/1.6 MBProgress (5): 1.3/2.2 MB | 0.8/1.8 MB | 663/781 kB | 0.4/1.9 MB | 0.1/1.6 MBProgress (5): 1.3/2.2 MB | 0.8/1.8 MB | 663/781 kB | 0.4/1.9 MB | 0.1/1.6 MBProgress (5): 1.3/2.2 MB | 0.8/1.8 MB | 663/781 kB | 0.4/1.9 MB | 0.1/1.6 MBProgress (5): 1.3/2.2 MB | 0.8/1.8 MB | 679/781 kB | 0.4/1.9 MB | 0.1/1.6 MBProgress (5): 1.3/2.2 MB | 0.8/1.8 MB | 679/781 kB | 0.4/1.9 MB | 0.1/1.6 MBProgress (5): 1.3/2.2 MB | 0.8/1.8 MB | 679/781 kB | 0.4/1.9 MB | 0.1/1.6 MBProgress (5): 1.3/2.2 MB | 0.8/1.8 MB | 679/781 kB | 0.4/1.9 MB | 0.1/1.6 MBProgress (5): 1.3/2.2 MB | 0.8/1.8 MB | 679/781 kB | 0.4/1.9 MB | 0.1/1.6 MBProgress (5): 1.3/2.2 MB | 0.8/1.8 MB | 679/781 kB | 0.4/1.9 MB | 0.1/1.6 MBProgress (5): 1.3/2.2 MB | 0.8/1.8 MB | 679/781 kB | 0.4/1.9 MB | 0.1/1.6 MBProgress (5): 1.3/2.2 MB | 0.8/1.8 MB | 679/781 kB | 0.4/1.9 MB | 0.1/1.6 MBProgress (5): 1.3/2.2 MB | 0.8/1.8 MB | 696/781 kB | 0.4/1.9 MB | 0.1/1.6 MBProgress (5): 1.3/2.2 MB | 0.9/1.8 MB | 696/781 kB | 0.4/1.9 MB | 0.1/1.6 MBProgress (5): 1.3/2.2 MB | 0.9/1.8 MB | 696/781 kB | 0.4/1.9 MB | 0.2/1.6 MBProgress (5): 1.3/2.2 MB | 0.9/1.8 MB | 696/781 kB | 0.4/1.9 MB | 0.2/1.6 MBProgress (5): 1.3/2.2 MB | 0.9/1.8 MB | 696/781 kB | 0.4/1.9 MB | 0.2/1.6 MBProgress (5): 1.4/2.2 MB | 0.9/1.8 MB | 696/781 kB | 0.4/1.9 MB | 0.2/1.6 MBProgress (5): 1.4/2.2 MB | 0.9/1.8 MB | 696/781 kB | 0.4/1.9 MB | 0.2/1.6 MBProgress (5): 1.4/2.2 MB | 0.9/1.8 MB | 696/781 kB | 0.4/1.9 MB | 0.2/1.6 MBProgress (5): 1.4/2.2 MB | 0.9/1.8 MB | 712/781 kB | 0.4/1.9 MB | 0.2/1.6 MBProgress (5): 1.4/2.2 MB | 0.9/1.8 MB | 712/781 kB | 0.4/1.9 MB | 0.2/1.6 MBProgress (5): 1.4/2.2 MB | 0.9/1.8 MB | 712/781 kB | 0.4/1.9 MB | 0.2/1.6 MBProgress (5): 1.4/2.2 MB | 0.9/1.8 MB | 712/781 kB | 0.4/1.9 MB | 0.2/1.6 MBProgress (5): 1.4/2.2 MB | 0.9/1.8 MB | 712/781 kB | 0.4/1.9 MB | 0.2/1.6 MBProgress (5): 1.4/2.2 MB | 0.9/1.8 MB | 712/781 kB | 0.4/1.9 MB | 0.2/1.6 MBProgress (5): 1.4/2.2 MB | 0.9/1.8 MB | 712/781 kB | 0.4/1.9 MB | 0.2/1.6 MBProgress (5): 1.4/2.2 MB | 0.9/1.8 MB | 712/781 kB | 0.4/1.9 MB | 0.2/1.6 MBProgress (5): 1.4/2.2 MB | 0.9/1.8 MB | 729/781 kB | 0.4/1.9 MB | 0.2/1.6 MBProgress (5): 1.4/2.2 MB | 0.9/1.8 MB | 729/781 kB | 0.4/1.9 MB | 0.2/1.6 MBProgress (5): 1.4/2.2 MB | 0.9/1.8 MB | 729/781 kB | 0.4/1.9 MB | 0.2/1.6 MBProgress (5): 1.4/2.2 MB | 0.9/1.8 MB | 729/781 kB | 0.4/1.9 MB | 0.2/1.6 MBProgress (5): 1.4/2.2 MB | 0.9/1.8 MB | 729/781 kB | 0.4/1.9 MB | 0.2/1.6 MBProgress (5): 1.4/2.2 MB | 0.9/1.8 MB | 729/781 kB | 0.4/1.9 MB | 0.2/1.6 MBProgress (5): 1.5/2.2 MB | 0.9/1.8 MB | 729/781 kB | 0.4/1.9 MB | 0.2/1.6 MBProgress (5): 1.5/2.2 MB | 0.9/1.8 MB | 729/781 kB | 0.5/1.9 MB | 0.2/1.6 MBProgress (5): 1.5/2.2 MB | 0.9/1.8 MB | 729/781 kB | 0.5/1.9 MB | 0.2/1.6 MBProgress (5): 1.5/2.2 MB | 0.9/1.8 MB | 729/781 kB | 0.5/1.9 MB | 0.2/1.6 MBProgress (5): 1.5/2.2 MB | 0.9/1.8 MB | 729/781 kB | 0.5/1.9 MB | 0.2/1.6 MBProgress (5): 1.5/2.2 MB | 0.9/1.8 MB | 729/781 kB | 0.5/1.9 MB | 0.3/1.6 MBProgress (5): 1.5/2.2 MB | 0.9/1.8 MB | 729/781 kB | 0.5/1.9 MB | 0.3/1.6 MBProgress (5): 1.5/2.2 MB | 0.9/1.8 MB | 729/781 kB | 0.5/1.9 MB | 0.3/1.6 MBProgress (5): 1.5/2.2 MB | 0.9/1.8 MB | 745/781 kB | 0.5/1.9 MB | 0.3/1.6 MBProgress (5): 1.5/2.2 MB | 0.9/1.8 MB | 761/781 kB | 0.5/1.9 MB | 0.3/1.6 MBProgress (5): 1.5/2.2 MB | 0.9/1.8 MB | 778/781 kB | 0.5/1.9 MB | 0.3/1.6 MBProgress (5): 1.5/2.2 MB | 0.9/1.8 MB | 781 kB | 0.5/1.9 MB | 0.3/1.6 MB                                                                            Downloaded from central: https://repo.maven.apache.org/maven2/org/springframework/security/spring-security-web/6.2.4/spring-security-web-6.2.4.jar (781 kB at 565 kB/s)
Progress (4): 1.5/2.2 MB | 1.0/1.8 MB | 0.5/1.9 MB | 0.3/1.6 MBProgress (4): 1.5/2.2 MB | 1.0/1.8 MB | 0.5/1.9 MB | 0.3/1.6 MBProgress (4): 1.5/2.2 MB | 1.0/1.8 MB | 0.5/1.9 MB | 0.3/1.6 MBProgress (4): 1.5/2.2 MB | 1.0/1.8 MB | 0.5/1.9 MB | 0.3/1.6 MBProgress (4): 1.5/2.2 MB | 1.0/1.8 MB | 0.5/1.9 MB | 0.3/1.6 MBProgress (4): 1.5/2.2 MB | 1.0/1.8 MB | 0.5/1.9 MB | 0.3/1.6 MBProgress (4): 1.5/2.2 MB | 1.0/1.8 MB | 0.5/1.9 MB | 0.3/1.6 MBProgress (4): 1.5/2.2 MB | 1.0/1.8 MB | 0.5/1.9 MB | 0.3/1.6 MBProgress (4): 1.5/2.2 MB | 1.0/1.8 MB | 0.5/1.9 MB | 0.3/1.6 MBProgress (4): 1.6/2.2 MB | 1.0/1.8 MB | 0.5/1.9 MB | 0.3/1.6 MBProgress (4): 1.6/2.2 MB | 1.0/1.8 MB | 0.5/1.9 MB | 0.3/1.6 MBProgress (4): 1.6/2.2 MB | 1.0/1.8 MB | 0.5/1.9 MB | 0.3/1.6 MB                                                               Downloading from central: https://repo.maven.apache.org/maven2/com/fasterxml/jackson/core/jackson-annotations/2.15.4/jackson-annotations-2.15.4.jar
Progress (4): 1.6/2.2 MB | 1.0/1.8 MB | 0.5/1.9 MB | 0.3/1.6 MBProgress (4): 1.6/2.2 MB | 1.0/1.8 MB | 0.5/1.9 MB | 0.4/1.6 MBProgress (4): 1.6/2.2 MB | 1.0/1.8 MB | 0.5/1.9 MB | 0.4/1.6 MBProgress (4): 1.6/2.2 MB | 1.0/1.8 MB | 0.5/1.9 MB | 0.4/1.6 MBProgress (4): 1.6/2.2 MB | 1.0/1.8 MB | 0.5/1.9 MB | 0.4/1.6 MBProgress (4): 1.6/2.2 MB | 1.0/1.8 MB | 0.5/1.9 MB | 0.4/1.6 MBProgress (4): 1.6/2.2 MB | 1.0/1.8 MB | 0.5/1.9 MB | 0.4/1.6 MBProgress (4): 1.6/2.2 MB | 1.0/1.8 MB | 0.5/1.9 MB | 0.4/1.6 MBProgress (4): 1.6/2.2 MB | 1.0/1.8 MB | 0.5/1.9 MB | 0.4/1.6 MBProgress (4): 1.6/2.2 MB | 1.0/1.8 MB | 0.5/1.9 MB | 0.4/1.6 MBProgress (4): 1.6/2.2 MB | 1.0/1.8 MB | 0.5/1.9 MB | 0.4/1.6 MBProgress (4): 1.6/2.2 MB | 1.0/1.8 MB | 0.5/1.9 MB | 0.4/1.6 MBProgress (4): 1.6/2.2 MB | 1.0/1.8 MB | 0.5/1.9 MB | 0.4/1.6 MBProgress (4): 1.6/2.2 MB | 1.0/1.8 MB | 0.6/1.9 MB | 0.4/1.6 MBProgress (4): 1.6/2.2 MB | 1.1/1.8 MB | 0.6/1.9 MB | 0.4/1.6 MBProgress (4): 1.6/2.2 MB | 1.1/1.8 MB | 0.6/1.9 MB | 0.4/1.6 MBProgress (4): 1.6/2.2 MB | 1.1/1.8 MB | 0.6/1.9 MB | 0.4/1.6 MBProgress (4): 1.6/2.2 MB | 1.1/1.8 MB | 0.6/1.9 MB | 0.4/1.6 MBProgress (4): 1.6/2.2 MB | 1.1/1.8 MB | 0.6/1.9 MB | 0.4/1.6 MBProgress (4): 1.6/2.2 MB | 1.1/1.8 MB | 0.6/1.9 MB | 0.4/1.6 MBProgress (4): 1.6/2.2 MB | 1.1/1.8 MB | 0.6/1.9 MB | 0.4/1.6 MBProgress (4): 1.6/2.2 MB | 1.1/1.8 MB | 0.6/1.9 MB | 0.4/1.6 MBProgress (4): 1.6/2.2 MB | 1.1/1.8 MB | 0.6/1.9 MB | 0.4/1.6 MBProgress (4): 1.6/2.2 MB | 1.1/1.8 MB | 0.6/1.9 MB | 0.4/1.6 MBProgress (4): 1.6/2.2 MB | 1.1/1.8 MB | 0.6/1.9 MB | 0.4/1.6 MBProgress (4): 1.6/2.2 MB | 1.1/1.8 MB | 0.6/1.9 MB | 0.5/1.6 MBProgress (4): 1.6/2.2 MB | 1.1/1.8 MB | 0.7/1.9 MB | 0.5/1.6 MBProgress (4): 1.6/2.2 MB | 1.2/1.8 MB | 0.7/1.9 MB | 0.5/1.6 MBProgress (4): 1.6/2.2 MB | 1.2/1.8 MB | 0.7/1.9 MB | 0.5/1.6 MBProgress (4): 1.6/2.2 MB | 1.2/1.8 MB | 0.7/1.9 MB | 0.5/1.6 MBProgress (4): 1.6/2.2 MB | 1.2/1.8 MB | 0.7/1.9 MB | 0.5/1.6 MBProgress (4): 1.6/2.2 MB | 1.2/1.8 MB | 0.7/1.9 MB | 0.5/1.6 MBProgress (4): 1.6/2.2 MB | 1.2/1.8 MB | 0.7/1.9 MB | 0.5/1.6 MBProgress (4): 1.6/2.2 MB | 1.2/1.8 MB | 0.7/1.9 MB | 0.5/1.6 MBProgress (4): 1.6/2.2 MB | 1.2/1.8 MB | 0.7/1.9 MB | 0.5/1.6 MBProgress (4): 1.6/2.2 MB | 1.2/1.8 MB | 0.7/1.9 MB | 0.5/1.6 MBProgress (4): 1.6/2.2 MB | 1.2/1.8 MB | 0.7/1.9 MB | 0.5/1.6 MBProgress (4): 1.6/2.2 MB | 1.2/1.8 MB | 0.7/1.9 MB | 0.5/1.6 MBProgress (4): 1.6/2.2 MB | 1.2/1.8 MB | 0.7/1.9 MB | 0.5/1.6 MBProgress (4): 1.6/2.2 MB | 1.2/1.8 MB | 0.7/1.9 MB | 0.5/1.6 MBProgress (4): 1.6/2.2 MB | 1.2/1.8 MB | 0.7/1.9 MB | 0.5/1.6 MBProgress (4): 1.6/2.2 MB | 1.2/1.8 MB | 0.8/1.9 MB | 0.5/1.6 MBProgress (4): 1.6/2.2 MB | 1.2/1.8 MB | 0.8/1.9 MB | 0.5/1.6 MBProgress (4): 1.6/2.2 MB | 1.2/1.8 MB | 0.8/1.9 MB | 0.5/1.6 MBProgress (4): 1.6/2.2 MB | 1.2/1.8 MB | 0.8/1.9 MB | 0.5/1.6 MBProgress (4): 1.6/2.2 MB | 1.2/1.8 MB | 0.8/1.9 MB | 0.5/1.6 MBProgress (4): 1.7/2.2 MB | 1.2/1.8 MB | 0.8/1.9 MB | 0.5/1.6 MBProgress (4): 1.7/2.2 MB | 1.2/1.8 MB | 0.8/1.9 MB | 0.5/1.6 MBProgress (4): 1.7/2.2 MB | 1.2/1.8 MB | 0.8/1.9 MB | 0.5/1.6 MBProgress (4): 1.7/2.2 MB | 1.2/1.8 MB | 0.8/1.9 MB | 0.5/1.6 MBProgress (4): 1.7/2.2 MB | 1.3/1.8 MB | 0.8/1.9 MB | 0.5/1.6 MBProgress (4): 1.7/2.2 MB | 1.3/1.8 MB | 0.8/1.9 MB | 0.5/1.6 MBProgress (4): 1.7/2.2 MB | 1.3/1.8 MB | 0.8/1.9 MB | 0.5/1.6 MBProgress (4): 1.7/2.2 MB | 1.3/1.8 MB | 0.8/1.9 MB | 0.5/1.6 MBProgress (4): 1.7/2.2 MB | 1.3/1.8 MB | 0.8/1.9 MB | 0.5/1.6 MBProgress (4): 1.7/2.2 MB | 1.3/1.8 MB | 0.8/1.9 MB | 0.5/1.6 MBProgress (4): 1.7/2.2 MB | 1.3/1.8 MB | 0.9/1.9 MB | 0.5/1.6 MBProgress (4): 1.7/2.2 MB | 1.3/1.8 MB | 0.9/1.9 MB | 0.5/1.6 MBProgress (4): 1.7/2.2 MB | 1.3/1.8 MB | 0.9/1.9 MB | 0.5/1.6 MBProgress (4): 1.7/2.2 MB | 1.3/1.8 MB | 0.9/1.9 MB | 0.5/1.6 MBProgress (4): 1.7/2.2 MB | 1.3/1.8 MB | 0.9/1.9 MB | 0.5/1.6 MBProgress (5): 1.7/2.2 MB | 1.3/1.8 MB | 0.9/1.9 MB | 0.5/1.6 MB | 7.7/76 kBProgress (5): 1.7/2.2 MB | 1.3/1.8 MB | 0.9/1.9 MB | 0.5/1.6 MB | 7.7/76 kBProgress (5): 1.7/2.2 MB | 1.3/1.8 MB | 0.9/1.9 MB | 0.5/1.6 MB | 7.7/76 kBProgress (5): 1.7/2.2 MB | 1.3/1.8 MB | 0.9/1.9 MB | 0.5/1.6 MB | 7.7/76 kBProgress (5): 1.7/2.2 MB | 1.3/1.8 MB | 0.9/1.9 MB | 0.5/1.6 MB | 7.7/76 kBProgress (5): 1.7/2.2 MB | 1.3/1.8 MB | 1.0/1.9 MB | 0.5/1.6 MB | 7.7/76 kBProgress (5): 1.7/2.2 MB | 1.3/1.8 MB | 1.0/1.9 MB | 0.5/1.6 MB | 7.7/76 kBProgress (5): 1.7/2.2 MB | 1.3/1.8 MB | 1.0/1.9 MB | 0.5/1.6 MB | 7.7/76 kBProgress (5): 1.7/2.2 MB | 1.3/1.8 MB | 1.0/1.9 MB | 0.5/1.6 MB | 7.7/76 kBProgress (5): 1.7/2.2 MB | 1.3/1.8 MB | 1.0/1.9 MB | 0.5/1.6 MB | 7.7/76 kBProgress (5): 1.7/2.2 MB | 1.3/1.8 MB | 1.0/1.9 MB | 0.5/1.6 MB | 7.7/76 kBProgress (5): 1.7/2.2 MB | 1.3/1.8 MB | 1.0/1.9 MB | 0.5/1.6 MB | 7.7/76 kBProgress (5): 1.7/2.2 MB | 1.3/1.8 MB | 1.0/1.9 MB | 0.5/1.6 MB | 7.7/76 kBProgress (5): 1.8/2.2 MB | 1.3/1.8 MB | 1.0/1.9 MB | 0.5/1.6 MB | 7.7/76 kBProgress (5): 1.8/2.2 MB | 1.3/1.8 MB | 1.0/1.9 MB | 0.5/1.6 MB | 12/76 kB Progress (5): 1.8/2.2 MB | 1.3/1.8 MB | 1.0/1.9 MB | 0.5/1.6 MB | 29/76 kBProgress (5): 1.8/2.2 MB | 1.3/1.8 MB | 1.0/1.9 MB | 0.6/1.6 MB | 29/76 kBProgress (5): 1.8/2.2 MB | 1.3/1.8 MB | 1.0/1.9 MB | 0.6/1.6 MB | 29/76 kBProgress (5): 1.8/2.2 MB | 1.3/1.8 MB | 1.0/1.9 MB | 0.6/1.6 MB | 29/76 kBProgress (5): 1.8/2.2 MB | 1.3/1.8 MB | 1.0/1.9 MB | 0.6/1.6 MB | 45/76 kBProgress (5): 1.8/2.2 MB | 1.3/1.8 MB | 1.0/1.9 MB | 0.6/1.6 MB | 45/76 kBProgress (5): 1.8/2.2 MB | 1.3/1.8 MB | 1.0/1.9 MB | 0.6/1.6 MB | 45/76 kBProgress (5): 1.8/2.2 MB | 1.3/1.8 MB | 1.0/1.9 MB | 0.6/1.6 MB | 45/76 kBProgress (5): 1.8/2.2 MB | 1.3/1.8 MB | 1.0/1.9 MB | 0.6/1.6 MB | 45/76 kBProgress (5): 1.8/2.2 MB | 1.3/1.8 MB | 1.1/1.9 MB | 0.6/1.6 MB | 45/76 kBProgress (5): 1.8/2.2 MB | 1.3/1.8 MB | 1.1/1.9 MB | 0.6/1.6 MB | 45/76 kBProgress (5): 1.8/2.2 MB | 1.3/1.8 MB | 1.1/1.9 MB | 0.6/1.6 MB | 45/76 kBProgress (5): 1.8/2.2 MB | 1.3/1.8 MB | 1.1/1.9 MB | 0.6/1.6 MB | 45/76 kBProgress (5): 1.8/2.2 MB | 1.4/1.8 MB | 1.1/1.9 MB | 0.6/1.6 MB | 45/76 kBProgress (5): 1.8/2.2 MB | 1.4/1.8 MB | 1.1/1.9 MB | 0.6/1.6 MB | 45/76 kBProgress (5): 1.8/2.2 MB | 1.4/1.8 MB | 1.1/1.9 MB | 0.6/1.6 MB | 45/76 kBProgress (5): 1.8/2.2 MB | 1.4/1.8 MB | 1.1/1.9 MB | 0.6/1.6 MB | 45/76 kBProgress (5): 1.8/2.2 MB | 1.4/1.8 MB | 1.1/1.9 MB | 0.6/1.6 MB | 45/76 kBProgress (5): 1.8/2.2 MB | 1.4/1.8 MB | 1.1/1.9 MB | 0.6/1.6 MB | 61/76 kBProgress (5): 1.8/2.2 MB | 1.4/1.8 MB | 1.1/1.9 MB | 0.6/1.6 MB | 61/76 kBProgress (5): 1.8/2.2 MB | 1.4/1.8 MB | 1.1/1.9 MB | 0.6/1.6 MB | 61/76 kBProgress (5): 1.8/2.2 MB | 1.4/1.8 MB | 1.1/1.9 MB | 0.6/1.6 MB | 61/76 kBProgress (5): 1.8/2.2 MB | 1.4/1.8 MB | 1.1/1.9 MB | 0.6/1.6 MB | 61/76 kBProgress (5): 1.8/2.2 MB | 1.4/1.8 MB | 1.1/1.9 MB | 0.6/1.6 MB | 61/76 kBProgress (5): 1.8/2.2 MB | 1.4/1.8 MB | 1.1/1.9 MB | 0.6/1.6 MB | 61/76 kBProgress (5): 1.8/2.2 MB | 1.4/1.8 MB | 1.1/1.9 MB | 0.6/1.6 MB | 76 kB   Progress (5): 1.8/2.2 MB | 1.4/1.8 MB | 1.1/1.9 MB | 0.6/1.6 MB | 76 kBProgress (5): 1.8/2.2 MB | 1.4/1.8 MB | 1.1/1.9 MB | 0.6/1.6 MB | 76 kBProgress (5): 1.8/2.2 MB | 1.4/1.8 MB | 1.1/1.9 MB | 0.6/1.6 MB | 76 kBProgress (5): 1.8/2.2 MB | 1.4/1.8 MB | 1.1/1.9 MB | 0.6/1.6 MB | 76 kBProgress (5): 1.8/2.2 MB | 1.4/1.8 MB | 1.1/1.9 MB | 0.6/1.6 MB | 76 kBProgress (5): 1.8/2.2 MB | 1.4/1.8 MB | 1.1/1.9 MB | 0.6/1.6 MB | 76 kBProgress (5): 1.8/2.2 MB | 1.5/1.8 MB | 1.1/1.9 MB | 0.6/1.6 MB | 76 kBProgress (5): 1.8/2.2 MB | 1.5/1.8 MB | 1.1/1.9 MB | 0.6/1.6 MB | 76 kBProgress (5): 1.9/2.2 MB | 1.5/1.8 MB | 1.1/1.9 MB | 0.6/1.6 MB | 76 kBProgress (5): 1.9/2.2 MB | 1.5/1.8 MB | 1.1/1.9 MB | 0.6/1.6 MB | 76 kB                                                                       Downloaded from central: https://repo.maven.apache.org/maven2/com/fasterxml/jackson/core/jackson-annotations/2.15.4/jackson-annotations-2.15.4.jar (76 kB at 46 kB/s)
Progress (4): 1.9/2.2 MB | 1.5/1.8 MB | 1.1/1.9 MB | 0.6/1.6 MBProgress (4): 1.9/2.2 MB | 1.5/1.8 MB | 1.1/1.9 MB | 0.6/1.6 MBProgress (4): 1.9/2.2 MB | 1.5/1.8 MB | 1.1/1.9 MB | 0.6/1.6 MBProgress (4): 1.9/2.2 MB | 1.5/1.8 MB | 1.1/1.9 MB | 0.6/1.6 MBProgress (4): 1.9/2.2 MB | 1.5/1.8 MB | 1.1/1.9 MB | 0.6/1.6 MBProgress (4): 1.9/2.2 MB | 1.5/1.8 MB | 1.1/1.9 MB | 0.6/1.6 MBProgress (4): 1.9/2.2 MB | 1.5/1.8 MB | 1.1/1.9 MB | 0.7/1.6 MB                                                               Downloading from central: https://repo.maven.apache.org/maven2/com/fasterxml/jackson/core/jackson-core/2.15.4/jackson-core-2.15.4.jar
Progress (4): 1.9/2.2 MB | 1.5/1.8 MB | 1.1/1.9 MB | 0.7/1.6 MBProgress (4): 1.9/2.2 MB | 1.5/1.8 MB | 1.1/1.9 MB | 0.7/1.6 MBProgress (4): 1.9/2.2 MB | 1.5/1.8 MB | 1.1/1.9 MB | 0.7/1.6 MBProgress (4): 1.9/2.2 MB | 1.5/1.8 MB | 1.1/1.9 MB | 0.7/1.6 MBProgress (4): 1.9/2.2 MB | 1.5/1.8 MB | 1.2/1.9 MB | 0.7/1.6 MBProgress (4): 1.9/2.2 MB | 1.6/1.8 MB | 1.2/1.9 MB | 0.7/1.6 MBProgress (4): 1.9/2.2 MB | 1.6/1.8 MB | 1.2/1.9 MB | 0.7/1.6 MBProgress (4): 1.9/2.2 MB | 1.6/1.8 MB | 1.2/1.9 MB | 0.7/1.6 MBProgress (4): 1.9/2.2 MB | 1.6/1.8 MB | 1.2/1.9 MB | 0.7/1.6 MBProgress (4): 1.9/2.2 MB | 1.6/1.8 MB | 1.2/1.9 MB | 0.7/1.6 MBProgress (4): 2.0/2.2 MB | 1.6/1.8 MB | 1.2/1.9 MB | 0.7/1.6 MBProgress (4): 2.0/2.2 MB | 1.6/1.8 MB | 1.2/1.9 MB | 0.7/1.6 MBProgress (4): 2.0/2.2 MB | 1.6/1.8 MB | 1.2/1.9 MB | 0.7/1.6 MBProgress (4): 2.0/2.2 MB | 1.6/1.8 MB | 1.2/1.9 MB | 0.7/1.6 MBProgress (4): 2.0/2.2 MB | 1.6/1.8 MB | 1.2/1.9 MB | 0.7/1.6 MBProgress (4): 2.0/2.2 MB | 1.6/1.8 MB | 1.2/1.9 MB | 0.7/1.6 MBProgress (4): 2.0/2.2 MB | 1.6/1.8 MB | 1.2/1.9 MB | 0.7/1.6 MBProgress (4): 2.0/2.2 MB | 1.6/1.8 MB | 1.2/1.9 MB | 0.7/1.6 MBProgress (4): 2.0/2.2 MB | 1.6/1.8 MB | 1.2/1.9 MB | 0.7/1.6 MBProgress (4): 2.0/2.2 MB | 1.6/1.8 MB | 1.2/1.9 MB | 0.7/1.6 MBProgress (4): 2.0/2.2 MB | 1.6/1.8 MB | 1.2/1.9 MB | 0.7/1.6 MBProgress (4): 2.0/2.2 MB | 1.6/1.8 MB | 1.2/1.9 MB | 0.7/1.6 MBProgress (4): 2.1/2.2 MB | 1.6/1.8 MB | 1.2/1.9 MB | 0.7/1.6 MBProgress (4): 2.1/2.2 MB | 1.6/1.8 MB | 1.2/1.9 MB | 0.7/1.6 MBProgress (4): 2.1/2.2 MB | 1.6/1.8 MB | 1.2/1.9 MB | 0.7/1.6 MBProgress (4): 2.1/2.2 MB | 1.6/1.8 MB | 1.2/1.9 MB | 0.7/1.6 MBProgress (4): 2.1/2.2 MB | 1.6/1.8 MB | 1.2/1.9 MB | 0.7/1.6 MBProgress (4): 2.1/2.2 MB | 1.6/1.8 MB | 1.2/1.9 MB | 0.7/1.6 MBProgress (4): 2.1/2.2 MB | 1.7/1.8 MB | 1.2/1.9 MB | 0.7/1.6 MBProgress (4): 2.1/2.2 MB | 1.7/1.8 MB | 1.2/1.9 MB | 0.7/1.6 MBProgress (4): 2.1/2.2 MB | 1.7/1.8 MB | 1.3/1.9 MB | 0.7/1.6 MBProgress (4): 2.1/2.2 MB | 1.7/1.8 MB | 1.3/1.9 MB | 0.7/1.6 MBProgress (4): 2.1/2.2 MB | 1.7/1.8 MB | 1.3/1.9 MB | 0.7/1.6 MBProgress (4): 2.1/2.2 MB | 1.7/1.8 MB | 1.3/1.9 MB | 0.7/1.6 MBProgress (4): 2.1/2.2 MB | 1.7/1.8 MB | 1.3/1.9 MB | 0.7/1.6 MBProgress (4): 2.1/2.2 MB | 1.7/1.8 MB | 1.3/1.9 MB | 0.7/1.6 MBProgress (4): 2.1/2.2 MB | 1.7/1.8 MB | 1.3/1.9 MB | 0.7/1.6 MBProgress (4): 2.1/2.2 MB | 1.7/1.8 MB | 1.3/1.9 MB | 0.7/1.6 MBProgress (4): 2.1/2.2 MB | 1.7/1.8 MB | 1.3/1.9 MB | 0.7/1.6 MBProgress (4): 2.1/2.2 MB | 1.7/1.8 MB | 1.3/1.9 MB | 0.7/1.6 MBProgress (4): 2.1/2.2 MB | 1.7/1.8 MB | 1.3/1.9 MB | 0.7/1.6 MBProgress (4): 2.1/2.2 MB | 1.7/1.8 MB | 1.3/1.9 MB | 0.8/1.6 MBProgress (4): 2.1/2.2 MB | 1.7/1.8 MB | 1.3/1.9 MB | 0.8/1.6 MBProgress (4): 2.1/2.2 MB | 1.7/1.8 MB | 1.3/1.9 MB | 0.8/1.6 MBProgress (4): 2.1/2.2 MB | 1.8/1.8 MB | 1.3/1.9 MB | 0.8/1.6 MBProgress (4): 2.1/2.2 MB | 1.8/1.8 MB | 1.3/1.9 MB | 0.8/1.6 MBProgress (4): 2.1/2.2 MB | 1.8/1.8 MB | 1.3/1.9 MB | 0.8/1.6 MBProgress (4): 2.1/2.2 MB | 1.8/1.8 MB | 1.3/1.9 MB | 0.8/1.6 MBProgress (4): 2.1/2.2 MB | 1.8/1.8 MB | 1.3/1.9 MB | 0.8/1.6 MBProgress (4): 2.1/2.2 MB | 1.8 MB | 1.3/1.9 MB | 0.8/1.6 MB    Progress (4): 2.2/2.2 MB | 1.8 MB | 1.3/1.9 MB | 0.8/1.6 MBProgress (4): 2.2/2.2 MB | 1.8 MB | 1.3/1.9 MB | 0.8/1.6 MBProgress (4): 2.2/2.2 MB | 1.8 MB | 1.3/1.9 MB | 0.8/1.6 MBProgress (4): 2.2/2.2 MB | 1.8 MB | 1.3/1.9 MB | 0.8/1.6 MB                                                           Downloaded from central: https://repo.maven.apache.org/maven2/org/springframework/security/spring-security-config/6.2.4/spring-security-config-6.2.4.jar (1.8 MB at 1.0 MB/s)
Progress (4): 2.2/2.2 MB | 1.3/1.9 MB | 0.8/1.6 MB | 7.7/548 kBProgress (4): 2.2/2.2 MB | 1.3/1.9 MB | 0.8/1.6 MB | 16/548 kB Progress (4): 2.2/2.2 MB | 1.3/1.9 MB | 0.8/1.6 MB | 16/548 kB                                                              Downloading from central: https://repo.maven.apache.org/maven2/io/micrometer/micrometer-core/1.12.5/micrometer-core-1.12.5.jar
Progress (4): 2.2 MB | 1.3/1.9 MB | 0.8/1.6 MB | 16/548 kBProgress (4): 2.2 MB | 1.3/1.9 MB | 0.8/1.6 MB | 16/548 kBProgress (4): 2.2 MB | 1.3/1.9 MB | 0.8/1.6 MB | 16/548 kBProgress (4): 2.2 MB | 1.3/1.9 MB | 0.8/1.6 MB | 24/548 kBProgress (4): 2.2 MB | 1.3/1.9 MB | 0.8/1.6 MB | 40/548 kBProgress (4): 2.2 MB | 1.3/1.9 MB | 0.8/1.6 MB | 57/548 kBProgress (4): 2.2 MB | 1.3/1.9 MB | 0.8/1.6 MB | 73/548 kBProgress (4): 2.2 MB | 1.3/1.9 MB | 0.8/1.6 MB | 73/548 kBProgress (4): 2.2 MB | 1.3/1.9 MB | 0.8/1.6 MB | 73/548 kBProgress (4): 2.2 MB | 1.3/1.9 MB | 0.9/1.6 MB | 73/548 kBProgress (4): 2.2 MB | 1.3/1.9 MB | 0.9/1.6 MB | 73/548 kB                                                          Downloaded from central: https://repo.maven.apache.org/maven2/org/aspectj/aspectjweaver/1.9.22/aspectjweaver-1.9.22.jar (2.2 MB at 1.2 MB/s)
Progress (3): 1.3/1.9 MB | 0.9/1.6 MB | 73/548 kBProgress (3): 1.3/1.9 MB | 0.9/1.6 MB | 73/548 kBProgress (3): 1.3/1.9 MB | 0.9/1.6 MB | 73/548 kBProgress (3): 1.3/1.9 MB | 0.9/1.6 MB | 90/548 kBProgress (3): 1.3/1.9 MB | 0.9/1.6 MB | 106/548 kBProgress (3): 1.3/1.9 MB | 0.9/1.6 MB | 106/548 kBProgress (3): 1.4/1.9 MB | 0.9/1.6 MB | 106/548 kBProgress (3): 1.4/1.9 MB | 0.9/1.6 MB | 106/548 kBProgress (3): 1.4/1.9 MB | 0.9/1.6 MB | 106/548 kBProgress (3): 1.4/1.9 MB | 0.9/1.6 MB | 106/548 kBProgress (3): 1.4/1.9 MB | 1.0/1.6 MB | 106/548 kBProgress (3): 1.4/1.9 MB | 1.0/1.6 MB | 106/548 kBProgress (3): 1.4/1.9 MB | 1.0/1.6 MB | 106/548 kBProgress (3): 1.4/1.9 MB | 1.0/1.6 MB | 106/548 kBProgress (3): 1.5/1.9 MB | 1.0/1.6 MB | 106/548 kBProgress (3): 1.5/1.9 MB | 1.0/1.6 MB | 106/548 kBProgress (3): 1.5/1.9 MB | 1.0/1.6 MB | 106/548 kBProgress (3): 1.5/1.9 MB | 1.0/1.6 MB | 106/548 kBProgress (3): 1.5/1.9 MB | 1.0/1.6 MB | 106/548 kBProgress (3): 1.5/1.9 MB | 1.0/1.6 MB | 122/548 kBProgress (3): 1.5/1.9 MB | 1.0/1.6 MB | 122/548 kBProgress (3): 1.5/1.9 MB | 1.0/1.6 MB | 122/548 kBProgress (3): 1.5/1.9 MB | 1.0/1.6 MB | 122/548 kBProgress (3): 1.5/1.9 MB | 1.0/1.6 MB | 122/548 kBProgress (3): 1.5/1.9 MB | 1.0/1.6 MB | 139/548 kBProgress (3): 1.5/1.9 MB | 1.0/1.6 MB | 139/548 kBProgress (3): 1.5/1.9 MB | 1.0/1.6 MB | 155/548 kBProgress (3): 1.5/1.9 MB | 1.0/1.6 MB | 172/548 kBProgress (3): 1.5/1.9 MB | 1.0/1.6 MB | 188/548 kBProgress (3): 1.6/1.9 MB | 1.0/1.6 MB | 188/548 kBProgress (3): 1.6/1.9 MB | 1.0/1.6 MB | 188/548 kBProgress (3): 1.6/1.9 MB | 1.0/1.6 MB | 188/548 kBProgress (3): 1.6/1.9 MB | 1.0/1.6 MB | 188/548 kBProgress (3): 1.6/1.9 MB | 1.0/1.6 MB | 188/548 kBProgress (3): 1.6/1.9 MB | 1.0/1.6 MB | 188/548 kBProgress (3): 1.6/1.9 MB | 1.0/1.6 MB | 204/548 kBProgress (3): 1.6/1.9 MB | 1.0/1.6 MB | 204/548 kBProgress (3): 1.6/1.9 MB | 1.1/1.6 MB | 204/548 kBProgress (3): 1.6/1.9 MB | 1.1/1.6 MB | 204/548 kBProgress (3): 1.6/1.9 MB | 1.1/1.6 MB | 204/548 kBProgress (3): 1.7/1.9 MB | 1.1/1.6 MB | 204/548 kBProgress (3): 1.7/1.9 MB | 1.1/1.6 MB | 204/548 kBProgress (3): 1.7/1.9 MB | 1.1/1.6 MB | 204/548 kBProgress (3): 1.7/1.9 MB | 1.1/1.6 MB | 204/548 kBProgress (3): 1.7/1.9 MB | 1.1/1.6 MB | 204/548 kBProgress (4): 1.7/1.9 MB | 1.1/1.6 MB | 204/548 kB | 7.7/884 kBProgress (4): 1.7/1.9 MB | 1.1/1.6 MB | 204/548 kB | 8.2/884 kBProgress (4): 1.7/1.9 MB | 1.1/1.6 MB | 221/548 kB | 8.2/884 kBProgress (4): 1.7/1.9 MB | 1.1/1.6 MB | 237/548 kB | 8.2/884 kBProgress (4): 1.7/1.9 MB | 1.1/1.6 MB | 237/548 kB | 25/884 kB Progress (4): 1.7/1.9 MB | 1.1/1.6 MB | 237/548 kB | 41/884 kBProgress (4): 1.7/1.9 MB | 1.1/1.6 MB | 237/548 kB | 57/884 kBProgress (4): 1.7/1.9 MB | 1.1/1.6 MB | 237/548 kB | 57/884 kBProgress (4): 1.8/1.9 MB | 1.1/1.6 MB | 237/548 kB | 57/884 kBProgress (4): 1.8/1.9 MB | 1.1/1.6 MB | 237/548 kB | 57/884 kBProgress (4): 1.8/1.9 MB | 1.1/1.6 MB | 237/548 kB | 57/884 kBProgress (4): 1.8/1.9 MB | 1.1/1.6 MB | 237/548 kB | 57/884 kBProgress (4): 1.8/1.9 MB | 1.1/1.6 MB | 237/548 kB | 66/884 kBProgress (4): 1.8/1.9 MB | 1.1/1.6 MB | 237/548 kB | 82/884 kBProgress (4): 1.8/1.9 MB | 1.1/1.6 MB | 253/548 kB | 82/884 kBProgress (4): 1.8/1.9 MB | 1.1/1.6 MB | 253/548 kB | 98/884 kBProgress (4): 1.8/1.9 MB | 1.1/1.6 MB | 253/548 kB | 98/884 kBProgress (4): 1.8/1.9 MB | 1.2/1.6 MB | 253/548 kB | 98/884 kBProgress (4): 1.8/1.9 MB | 1.2/1.6 MB | 253/548 kB | 98/884 kBProgress (4): 1.8/1.9 MB | 1.2/1.6 MB | 253/548 kB | 98/884 kBProgress (4): 1.8/1.9 MB | 1.2/1.6 MB | 253/548 kB | 98/884 kBProgress (4): 1.8/1.9 MB | 1.2/1.6 MB | 253/548 kB | 98/884 kBProgress (4): 1.8/1.9 MB | 1.2/1.6 MB | 253/548 kB | 98/884 kBProgress (4): 1.8/1.9 MB | 1.2/1.6 MB | 253/548 kB | 98/884 kBProgress (4): 1.8/1.9 MB | 1.2/1.6 MB | 253/548 kB | 115/884 kBProgress (4): 1.8/1.9 MB | 1.2/1.6 MB | 270/548 kB | 115/884 kBProgress (4): 1.8/1.9 MB | 1.2/1.6 MB | 274/548 kB | 115/884 kBProgress (4): 1.8/1.9 MB | 1.2/1.6 MB | 274/548 kB | 131/884 kBProgress (4): 1.8/1.9 MB | 1.2/1.6 MB | 274/548 kB | 131/884 kBProgress (4): 1.8/1.9 MB | 1.2/1.6 MB | 274/548 kB | 131/884 kBProgress (4): 1.9/1.9 MB | 1.2/1.6 MB | 274/548 kB | 131/884 kBProgress (4): 1.9/1.9 MB | 1.2/1.6 MB | 274/548 kB | 131/884 kBProgress (4): 1.9/1.9 MB | 1.3/1.6 MB | 274/548 kB | 131/884 kBProgress (4): 1.9/1.9 MB | 1.3/1.6 MB | 274/548 kB | 131/884 kBProgress (4): 1.9/1.9 MB | 1.3/1.6 MB | 274/548 kB | 147/884 kBProgress (4): 1.9/1.9 MB | 1.3/1.6 MB | 274/548 kB | 156/884 kBProgress (4): 1.9/1.9 MB | 1.3/1.6 MB | 291/548 kB | 156/884 kBProgress (4): 1.9/1.9 MB | 1.3/1.6 MB | 291/548 kB | 172/884 kBProgress (4): 1.9/1.9 MB | 1.3/1.6 MB | 291/548 kB | 188/884 kBProgress (4): 1.9/1.9 MB | 1.3/1.6 MB | 291/548 kB | 197/884 kBProgress (4): 1.9/1.9 MB | 1.3/1.6 MB | 291/548 kB | 213/884 kBProgress (4): 1.9/1.9 MB | 1.3/1.6 MB | 291/548 kB | 213/884 kBProgress (4): 1.9/1.9 MB | 1.3/1.6 MB | 291/548 kB | 213/884 kBProgress (4): 1.9/1.9 MB | 1.3/1.6 MB | 291/548 kB | 213/884 kBProgress (4): 1.9/1.9 MB | 1.3/1.6 MB | 291/548 kB | 213/884 kBProgress (4): 1.9 MB | 1.3/1.6 MB | 291/548 kB | 213/884 kB    Progress (4): 1.9 MB | 1.3/1.6 MB | 291/548 kB | 213/884 kBProgress (4): 1.9 MB | 1.3/1.6 MB | 291/548 kB | 229/884 kBProgress (4): 1.9 MB | 1.3/1.6 MB | 307/548 kB | 229/884 kBProgress (4): 1.9 MB | 1.3/1.6 MB | 307/548 kB | 246/884 kBProgress (4): 1.9 MB | 1.3/1.6 MB | 307/548 kB | 246/884 kB                                                           Downloaded from central: https://repo.maven.apache.org/maven2/org/springframework/spring-web/6.1.6/spring-web-6.1.6.jar (1.9 MB at 927 kB/s)
Progress (3): 1.4/1.6 MB | 307/548 kB | 246/884 kBProgress (3): 1.4/1.6 MB | 307/548 kB | 262/884 kBProgress (3): 1.4/1.6 MB | 324/548 kB | 262/884 kBProgress (3): 1.4/1.6 MB | 324/548 kB | 279/884 kBProgress (3): 1.4/1.6 MB | 324/548 kB | 279/884 kBProgress (3): 1.4/1.6 MB | 324/548 kB | 295/884 kBProgress (3): 1.4/1.6 MB | 324/548 kB | 311/884 kBProgress (3): 1.4/1.6 MB | 324/548 kB | 319/884 kBProgress (3): 1.4/1.6 MB | 340/548 kB | 319/884 kBProgress (3): 1.4/1.6 MB | 356/548 kB | 319/884 kBProgress (3): 1.4/1.6 MB | 356/548 kB | 336/884 kBProgress (3): 1.4/1.6 MB | 356/548 kB | 336/884 kBProgress (3): 1.4/1.6 MB | 356/548 kB | 336/884 kBProgress (3): 1.4/1.6 MB | 356/548 kB | 352/884 kBProgress (3): 1.4/1.6 MB | 373/548 kB | 352/884 kBProgress (3): 1.4/1.6 MB | 373/548 kB | 369/884 kBProgress (3): 1.4/1.6 MB | 373/548 kB | 369/884 kBProgress (3): 1.4/1.6 MB | 373/548 kB | 369/884 kBProgress (3): 1.5/1.6 MB | 373/548 kB | 369/884 kBProgress (3): 1.5/1.6 MB | 373/548 kB | 369/884 kBProgress (3): 1.5/1.6 MB | 373/548 kB | 369/884 kBProgress (3): 1.5/1.6 MB | 373/548 kB | 369/884 kBProgress (3): 1.5/1.6 MB | 373/548 kB | 385/884 kBProgress (3): 1.5/1.6 MB | 389/548 kB | 385/884 kBProgress (3): 1.5/1.6 MB | 389/548 kB | 401/884 kBProgress (3): 1.5/1.6 MB | 406/548 kB | 401/884 kBProgress (3): 1.5/1.6 MB | 406/548 kB | 418/884 kBProgress (3): 1.5/1.6 MB | 422/548 kB | 418/884 kBProgress (3): 1.5/1.6 MB | 422/548 kB | 418/884 kBProgress (3): 1.5/1.6 MB | 438/548 kB | 418/884 kBProgress (3): 1.5/1.6 MB | 438/548 kB | 434/884 kBProgress (3): 1.5/1.6 MB | 455/548 kB | 434/884 kBProgress (3): 1.5/1.6 MB | 471/548 kB | 434/884 kBProgress (3): 1.5/1.6 MB | 471/548 kB | 434/884 kBProgress (3): 1.6/1.6 MB | 471/548 kB | 434/884 kBProgress (3): 1.6/1.6 MB | 471/548 kB | 434/884 kBProgress (3): 1.6/1.6 MB | 471/548 kB | 434/884 kBProgress (3): 1.6/1.6 MB | 487/548 kB | 434/884 kBProgress (3): 1.6/1.6 MB | 487/548 kB | 451/884 kBProgress (3): 1.6/1.6 MB | 504/548 kB | 451/884 kBProgress (3): 1.6/1.6 MB | 504/548 kB | 451/884 kBProgress (3): 1.6/1.6 MB | 520/548 kB | 451/884 kBProgress (3): 1.6/1.6 MB | 520/548 kB | 467/884 kBProgress (3): 1.6/1.6 MB | 537/548 kB | 467/884 kBProgress (3): 1.6/1.6 MB | 548 kB | 467/884 kB    Progress (3): 1.6/1.6 MB | 548 kB | 467/884 kBProgress (3): 1.6 MB | 548 kB | 467/884 kB                                              Downloaded from central: https://repo.maven.apache.org/maven2/com/fasterxml/jackson/core/jackson-core/2.15.4/jackson-core-2.15.4.jar (548 kB at 258 kB/s)
Progress (2): 1.6 MB | 483/884 kBProgress (2): 1.6 MB | 500/884 kBProgress (2): 1.6 MB | 516/884 kB                                 Downloaded from central: https://repo.maven.apache.org/maven2/com/fasterxml/jackson/core/jackson-databind/2.15.4/jackson-databind-2.15.4.jar (1.6 MB at 761 kB/s)
Progress (1): 532/884 kBProgress (1): 549/884 kBProgress (1): 565/884 kBProgress (1): 582/884 kBProgress (1): 598/884 kBProgress (1): 614/884 kBProgress (1): 631/884 kBProgress (1): 647/884 kBProgress (1): 664/884 kBProgress (1): 680/884 kBProgress (1): 696/884 kBProgress (1): 713/884 kBProgress (1): 729/884 kBProgress (1): 745/884 kBProgress (1): 762/884 kBProgress (1): 778/884 kBProgress (1): 795/884 kBProgress (1): 811/884 kBProgress (1): 827/884 kBProgress (1): 844/884 kBProgress (1): 860/884 kBProgress (1): 877/884 kBProgress (1): 884 kB                        Downloaded from central: https://repo.maven.apache.org/maven2/io/micrometer/micrometer-core/1.12.5/micrometer-core-1.12.5.jar (884 kB at 409 kB/s)
[INFO] 
[INFO] --- clean:3.3.2:clean (default-clean) @ application ---
[INFO] Deleting /app/application/target
[INFO] 
[INFO] --- resources:3.3.1:resources (default-resources) @ application ---
[INFO] skip non existing resourceDirectory /app/application/src/main/resources
[INFO] skip non existing resourceDirectory /app/application/src/main/resources
[INFO] 
[INFO] --- compiler:3.11.0:compile (default-compile) @ application ---
[INFO] Changes detected - recompiling the module! :dependency
[INFO] Compiling 37 source files with javac [debug release 21] to target/classes
[INFO] 
[INFO] -------------------< com.restaurant:infrastructure >--------------------
[INFO] Building infrastructure 1.0.0-SNAPSHOT                             [4/5]
[INFO]   from infrastructure/pom.xml
[INFO] --------------------------------[ jar ]---------------------------------
Downloading from central: https://repo.maven.apache.org/maven2/org/springframework/boot/spring-boot-starter-data-jpa/3.2.5/spring-boot-starter-data-jpa-3.2.5.pom
Progress (1): 978 BProgress (1): 2.9 kB                    Downloaded from central: https://repo.maven.apache.org/maven2/org/springframework/boot/spring-boot-starter-data-jpa/3.2.5/spring-boot-starter-data-jpa-3.2.5.pom (2.9 kB at 25 kB/s)
Downloading from central: https://repo.maven.apache.org/maven2/org/hibernate/orm/hibernate-core/6.4.4.Final/hibernate-core-6.4.4.Final.pom
Progress (1): 1.1 kBProgress (1): 5.5 kBProgress (1): 5.8 kB                    Downloaded from central: https://repo.maven.apache.org/maven2/org/hibernate/orm/hibernate-core/6.4.4.Final/hibernate-core-6.4.4.Final.pom (5.8 kB at 42 kB/s)
Downloading from central: https://repo.maven.apache.org/maven2/jakarta/transaction/jakarta.transaction-api/2.0.1/jakarta.transaction-api-2.0.1.pom
Progress (1): 827 BProgress (1): 2.6 kBProgress (1): 4.6 kBProgress (1): 7.7 kBProgress (1): 11 kB Progress (1): 14 kB                   Downloaded from central: https://repo.maven.apache.org/maven2/jakarta/transaction/jakarta.transaction-api/2.0.1/jakarta.transaction-api-2.0.1.pom (14 kB at 106 kB/s)
Downloading from central: https://repo.maven.apache.org/maven2/org/eclipse/ee4j/project/1.0.6/project-1.0.6.pom
Progress (1): 839 BProgress (1): 2.5 kBProgress (1): 5.0 kBProgress (1): 7.7 kBProgress (1): 13 kB Progress (1): 13 kB                   Downloaded from central: https://repo.maven.apache.org/maven2/org/eclipse/ee4j/project/1.0.6/project-1.0.6.pom (13 kB at 56 kB/s)
Downloading from central: https://repo.maven.apache.org/maven2/org/jboss/logging/jboss-logging/3.5.3.Final/jboss-logging-3.5.3.Final.pom
Progress (1): 834 BProgress (1): 2.6 kBProgress (1): 5.3 kBProgress (1): 8.8 kBProgress (1): 16 kB Progress (1): 19 kB                   Downloaded from central: https://repo.maven.apache.org/maven2/org/jboss/logging/jboss-logging/3.5.3.Final/jboss-logging-3.5.3.Final.pom (19 kB at 143 kB/s)
Downloading from central: https://repo.maven.apache.org/maven2/org/jboss/logging/logging-parent/1.0.1.Final/logging-parent-1.0.1.Final.pom
Progress (1): 1.2 kBProgress (1): 3.8 kBProgress (1): 6.0 kB                    Downloaded from central: https://repo.maven.apache.org/maven2/org/jboss/logging/logging-parent/1.0.1.Final/logging-parent-1.0.1.Final.pom (6.0 kB at 59 kB/s)
Downloading from central: https://repo.maven.apache.org/maven2/org/hibernate/common/hibernate-commons-annotations/6.0.6.Final/hibernate-commons-annotations-6.0.6.Final.pom
Progress (1): 1.0 kBProgress (1): 2.1 kB                    Downloaded from central: https://repo.maven.apache.org/maven2/org/hibernate/common/hibernate-commons-annotations/6.0.6.Final/hibernate-commons-annotations-6.0.6.Final.pom (2.1 kB at 21 kB/s)
Downloading from central: https://repo.maven.apache.org/maven2/io/smallrye/jandex/3.1.2/jandex-3.1.2.pom
Progress (1): 1.7 kBProgress (1): 4.3 kBProgress (1): 7.0 kB                    Downloaded from central: https://repo.maven.apache.org/maven2/io/smallrye/jandex/3.1.2/jandex-3.1.2.pom (7.0 kB at 63 kB/s)
Downloading from central: https://repo.maven.apache.org/maven2/io/smallrye/jandex-parent/3.1.2/jandex-parent-3.1.2.pom
Progress (1): 1.3 kBProgress (1): 4.9 kBProgress (1): 7.2 kB                    Downloaded from central: https://repo.maven.apache.org/maven2/io/smallrye/jandex-parent/3.1.2/jandex-parent-3.1.2.pom (7.2 kB at 72 kB/s)
Downloading from central: https://repo.maven.apache.org/maven2/io/smallrye/smallrye-build-parent/39/smallrye-build-parent-39.pom
Progress (1): 1.1 kBProgress (1): 3.1 kBProgress (1): 5.7 kBProgress (1): 9.7 kBProgress (1): 12 kB Progress (1): 16 kBProgress (1): 21 kBProgress (1): 28 kB                   Downloaded from central: https://repo.maven.apache.org/maven2/io/smallrye/smallrye-build-parent/39/smallrye-build-parent-39.pom (28 kB at 262 kB/s)
Downloading from central: https://repo.maven.apache.org/maven2/com/fasterxml/classmate/1.6.0/classmate-1.6.0.pom
Progress (1): 1.2 kBProgress (1): 2.9 kBProgress (1): 5.0 kBProgress (1): 6.6 kB                    Downloaded from central: https://repo.maven.apache.org/maven2/com/fasterxml/classmate/1.6.0/classmate-1.6.0.pom (6.6 kB at 68 kB/s)
Downloading from central: https://repo.maven.apache.org/maven2/com/fasterxml/oss-parent/55/oss-parent-55.pom
Progress (1): 951 BProgress (1): 2.6 kBProgress (1): 4.1 kBProgress (1): 6.6 kBProgress (1): 9.7 kBProgress (1): 12 kB Progress (1): 15 kBProgress (1): 18 kBProgress (1): 21 kBProgress (1): 24 kB                   Downloaded from central: https://repo.maven.apache.org/maven2/com/fasterxml/oss-parent/55/oss-parent-55.pom (24 kB at 236 kB/s)
Downloading from central: https://repo.maven.apache.org/maven2/jakarta/xml/bind/jakarta.xml.bind-api/4.0.2/jakarta.xml.bind-api-4.0.2.pom
Progress (1): 845 BProgress (1): 3.2 kBProgress (1): 6.0 kBProgress (1): 9.8 kBProgress (1): 13 kB Progress (1): 13 kB                   Downloaded from central: https://repo.maven.apache.org/maven2/jakarta/xml/bind/jakarta.xml.bind-api/4.0.2/jakarta.xml.bind-api-4.0.2.pom (13 kB at 122 kB/s)
Downloading from central: https://repo.maven.apache.org/maven2/jakarta/xml/bind/jakarta.xml.bind-api-parent/4.0.2/jakarta.xml.bind-api-parent-4.0.2.pom
Progress (1): 897 BProgress (1): 2.8 kBProgress (1): 6.5 kBProgress (1): 9.1 kB                    Downloaded from central: https://repo.maven.apache.org/maven2/jakarta/xml/bind/jakarta.xml.bind-api-parent/4.0.2/jakarta.xml.bind-api-parent-4.0.2.pom (9.1 kB at 45 kB/s)
Downloading from central: https://repo.maven.apache.org/maven2/jakarta/activation/jakarta.activation-api/2.1.3/jakarta.activation-api-2.1.3.pom
Progress (1): 857 BProgress (1): 2.6 kBProgress (1): 5.3 kBProgress (1): 9.4 kBProgress (1): 12 kB Progress (1): 17 kBProgress (1): 19 kB                   Downloaded from central: https://repo.maven.apache.org/maven2/jakarta/activation/jakarta.activation-api/2.1.3/jakarta.activation-api-2.1.3.pom (19 kB at 176 kB/s)
Downloading from central: https://repo.maven.apache.org/maven2/org/glassfish/jaxb/jaxb-runtime/4.0.5/jaxb-runtime-4.0.5.pom
Progress (1): 806 BProgress (1): 3.1 kBProgress (1): 6.9 kBProgress (1): 10 kB Progress (1): 11 kB                   Downloaded from central: https://repo.maven.apache.org/maven2/org/glassfish/jaxb/jaxb-runtime/4.0.5/jaxb-runtime-4.0.5.pom (11 kB at 107 kB/s)
Downloading from central: https://repo.maven.apache.org/maven2/com/sun/xml/bind/mvn/jaxb-runtime-parent/4.0.5/jaxb-runtime-parent-4.0.5.pom
Progress (1): 932 BProgress (1): 1.2 kB                    Downloaded from central: https://repo.maven.apache.org/maven2/com/sun/xml/bind/mvn/jaxb-runtime-parent/4.0.5/jaxb-runtime-parent-4.0.5.pom (1.2 kB at 11 kB/s)
Downloading from central: https://repo.maven.apache.org/maven2/com/sun/xml/bind/mvn/jaxb-parent/4.0.5/jaxb-parent-4.0.5.pom
Progress (1): 778 BProgress (1): 2.7 kBProgress (1): 4.4 kBProgress (1): 6.6 kBProgress (1): 12 kB Progress (1): 17 kBProgress (1): 21 kBProgress (1): 28 kBProgress (1): 33 kBProgress (1): 35 kB                   Downloaded from central: https://repo.maven.apache.org/maven2/com/sun/xml/bind/mvn/jaxb-parent/4.0.5/jaxb-parent-4.0.5.pom (35 kB at 161 kB/s)
Downloading from central: https://repo.maven.apache.org/maven2/com/sun/xml/bind/jaxb-bom-ext/4.0.5/jaxb-bom-ext-4.0.5.pom
Progress (1): 863 BProgress (1): 3.5 kB                    Downloaded from central: https://repo.maven.apache.org/maven2/com/sun/xml/bind/jaxb-bom-ext/4.0.5/jaxb-bom-ext-4.0.5.pom (3.5 kB at 34 kB/s)
Downloading from central: https://repo.maven.apache.org/maven2/org/glassfish/jaxb/jaxb-core/4.0.5/jaxb-core-4.0.5.pom
Progress (1): 898 BProgress (1): 3.1 kBProgress (1): 3.7 kB                    Downloaded from central: https://repo.maven.apache.org/maven2/org/glassfish/jaxb/jaxb-core/4.0.5/jaxb-core-4.0.5.pom (3.7 kB at 34 kB/s)
Downloading from central: https://repo.maven.apache.org/maven2/org/eclipse/angus/angus-activation/2.0.2/angus-activation-2.0.2.pom
Progress (1): 930 BProgress (1): 3.4 kBProgress (1): 4.0 kB                    Downloaded from central: https://repo.maven.apache.org/maven2/org/eclipse/angus/angus-activation/2.0.2/angus-activation-2.0.2.pom (4.0 kB at 37 kB/s)
Downloading from central: https://repo.maven.apache.org/maven2/org/eclipse/angus/angus-activation-project/2.0.2/angus-activation-project-2.0.2.pom
Progress (1): 873 BProgress (1): 2.6 kBProgress (1): 5.6 kBProgress (1): 10 kB Progress (1): 14 kBProgress (1): 18 kBProgress (1): 20 kBProgress (1): 21 kB                   Downloaded from central: https://repo.maven.apache.org/maven2/org/eclipse/angus/angus-activation-project/2.0.2/angus-activation-project-2.0.2.pom (21 kB at 190 kB/s)
Downloading from central: https://repo.maven.apache.org/maven2/org/glassfish/jaxb/txw2/4.0.5/txw2-4.0.5.pom
Progress (1): 931 BProgress (1): 1.8 kB                    Downloaded from central: https://repo.maven.apache.org/maven2/org/glassfish/jaxb/txw2/4.0.5/txw2-4.0.5.pom (1.8 kB at 7.0 kB/s)
Downloading from central: https://repo.maven.apache.org/maven2/com/sun/xml/bind/mvn/jaxb-txw-parent/4.0.5/jaxb-txw-parent-4.0.5.pom
Progress (1): 930 BProgress (1): 1.2 kB                    Downloaded from central: https://repo.maven.apache.org/maven2/com/sun/xml/bind/mvn/jaxb-txw-parent/4.0.5/jaxb-txw-parent-4.0.5.pom (1.2 kB at 12 kB/s)
Downloading from central: https://repo.maven.apache.org/maven2/com/sun/istack/istack-commons-runtime/4.1.2/istack-commons-runtime-4.1.2.pom
Progress (1): 933 BProgress (1): 1.6 kB                    Downloaded from central: https://repo.maven.apache.org/maven2/com/sun/istack/istack-commons-runtime/4.1.2/istack-commons-runtime-4.1.2.pom (1.6 kB at 16 kB/s)
Downloading from central: https://repo.maven.apache.org/maven2/com/sun/istack/istack-commons/4.1.2/istack-commons-4.1.2.pom
Progress (1): 794 BProgress (1): 2.6 kBProgress (1): 4.8 kBProgress (1): 12 kB Progress (1): 17 kBProgress (1): 21 kBProgress (1): 26 kBProgress (1): 26 kB                   Downloaded from central: https://repo.maven.apache.org/maven2/com/sun/istack/istack-commons/4.1.2/istack-commons-4.1.2.pom (26 kB at 239 kB/s)
Downloading from central: https://repo.maven.apache.org/maven2/jakarta/inject/jakarta.inject-api/2.0.1/jakarta.inject-api-2.0.1.pom
Progress (1): 1.2 kBProgress (1): 3.4 kBProgress (1): 5.4 kBProgress (1): 5.9 kB                    Downloaded from central: https://repo.maven.apache.org/maven2/jakarta/inject/jakarta.inject-api/2.0.1/jakarta.inject-api-2.0.1.pom (5.9 kB at 61 kB/s)
Downloading from central: https://repo.maven.apache.org/maven2/org/antlr/antlr4-runtime/4.13.0/antlr4-runtime-4.13.0.pom
Progress (1): 901 BProgress (1): 3.0 kBProgress (1): 3.6 kB                    Downloaded from central: https://repo.maven.apache.org/maven2/org/antlr/antlr4-runtime/4.13.0/antlr4-runtime-4.13.0.pom (3.6 kB at 35 kB/s)
Downloading from central: https://repo.maven.apache.org/maven2/org/antlr/antlr4-master/4.13.0/antlr4-master-4.13.0.pom
Progress (1): 964 BProgress (1): 2.9 kBProgress (1): 4.8 kB                    Downloaded from central: https://repo.maven.apache.org/maven2/org/antlr/antlr4-master/4.13.0/antlr4-master-4.13.0.pom (4.8 kB at 44 kB/s)
Downloading from central: https://repo.maven.apache.org/maven2/org/springframework/data/spring-data-jpa/3.2.5/spring-data-jpa-3.2.5.pom
Progress (1): 1.6 kBProgress (1): 5.2 kBProgress (1): 8.4 kBProgress (1): 11 kB                    Downloaded from central: https://repo.maven.apache.org/maven2/org/springframework/data/spring-data-jpa/3.2.5/spring-data-jpa-3.2.5.pom (11 kB at 54 kB/s)
Downloading from central: https://repo.maven.apache.org/maven2/org/springframework/data/spring-data-jpa-parent/3.2.5/spring-data-jpa-parent-3.2.5.pom
Progress (1): 1.2 kBProgress (1): 3.7 kBProgress (1): 6.5 kBProgress (1): 8.1 kB                    Downloaded from central: https://repo.maven.apache.org/maven2/org/springframework/data/spring-data-jpa-parent/3.2.5/spring-data-jpa-parent-3.2.5.pom (8.1 kB at 83 kB/s)
Downloading from central: https://repo.maven.apache.org/maven2/org/springframework/spring-orm/6.1.6/spring-orm-6.1.6.pom
Progress (1): 1.1 kBProgress (1): 2.6 kB                    Downloaded from central: https://repo.maven.apache.org/maven2/org/springframework/spring-orm/6.1.6/spring-orm-6.1.6.pom (2.6 kB at 27 kB/s)
Downloading from central: https://repo.maven.apache.org/maven2/org/springframework/spring-aspects/6.1.6/spring-aspects-6.1.6.pom
Progress (1): 1.1 kBProgress (1): 2.0 kB                    Downloaded from central: https://repo.maven.apache.org/maven2/org/springframework/spring-aspects/6.1.6/spring-aspects-6.1.6.pom (2.0 kB at 20 kB/s)
Downloading from central: https://repo.maven.apache.org/maven2/org/postgresql/postgresql/42.6.2/postgresql-42.6.2.pom
Progress (1): 1.3 kBProgress (1): 2.7 kB                    Downloaded from central: https://repo.maven.apache.org/maven2/org/postgresql/postgresql/42.6.2/postgresql-42.6.2.pom (2.7 kB at 26 kB/s)
Downloading from central: https://repo.maven.apache.org/maven2/org/checkerframework/checker-qual/3.31.0/checker-qual-3.31.0.pom
Progress (1): 940 BProgress (1): 2.1 kB                    Downloaded from central: https://repo.maven.apache.org/maven2/org/checkerframework/checker-qual/3.31.0/checker-qual-3.31.0.pom (2.1 kB at 8.0 kB/s)
Downloading from central: https://repo.maven.apache.org/maven2/org/flywaydb/flyway-core/9.22.3/flyway-core-9.22.3.pom
Progress (1): 837 BProgress (1): 3.9 kBProgress (1): 6.8 kBProgress (1): 8.8 kB                    Downloaded from central: https://repo.maven.apache.org/maven2/org/flywaydb/flyway-core/9.22.3/flyway-core-9.22.3.pom (8.8 kB at 68 kB/s)
Downloading from central: https://repo.maven.apache.org/maven2/org/flywaydb/flyway-parent/9.22.3/flyway-parent-9.22.3.pom
Progress (1): 724 BProgress (1): 2.1 kBProgress (1): 4.5 kBProgress (1): 6.5 kBProgress (1): 14 kB Progress (1): 22 kBProgress (1): 26 kBProgress (1): 30 kBProgress (1): 35 kB                   Downloaded from central: https://repo.maven.apache.org/maven2/org/flywaydb/flyway-parent/9.22.3/flyway-parent-9.22.3.pom (35 kB at 194 kB/s)
Downloading from central: https://repo.maven.apache.org/maven2/com/fasterxml/jackson/dataformat/jackson-dataformat-toml/2.15.4/jackson-dataformat-toml-2.15.4.pom
Progress (1): 999 BProgress (1): 3.2 kBProgress (1): 3.5 kB                    Downloaded from central: https://repo.maven.apache.org/maven2/com/fasterxml/jackson/dataformat/jackson-dataformat-toml/2.15.4/jackson-dataformat-toml-2.15.4.pom (3.5 kB at 23 kB/s)
Downloading from central: https://repo.maven.apache.org/maven2/com/fasterxml/jackson/dataformat/jackson-dataformats-text/2.15.4/jackson-dataformats-text-2.15.4.pom
Progress (1): 1.2 kBProgress (1): 3.0 kBProgress (1): 3.5 kB                    Downloaded from central: https://repo.maven.apache.org/maven2/com/fasterxml/jackson/dataformat/jackson-dataformats-text/2.15.4/jackson-dataformats-text-2.15.4.pom (3.5 kB at 24 kB/s)
Downloading from central: https://repo.maven.apache.org/maven2/com/google/code/gson/gson/2.10.1/gson-2.10.1.pom
Progress (1): 1.1 kBProgress (1): 3.4 kBProgress (1): 6.7 kBProgress (1): 8.7 kBProgress (1): 9.4 kB                    Downloaded from central: https://repo.maven.apache.org/maven2/com/google/code/gson/gson/2.10.1/gson-2.10.1.pom (9.4 kB at 78 kB/s)
Downloading from central: https://repo.maven.apache.org/maven2/com/google/code/gson/gson-parent/2.10.1/gson-parent-2.10.1.pom
Progress (1): 1.1 kBProgress (1): 2.7 kBProgress (1): 4.3 kBProgress (1): 6.5 kBProgress (1): 8.5 kBProgress (1): 11 kB Progress (1): 13 kB                   Downloaded from central: https://repo.maven.apache.org/maven2/com/google/code/gson/gson-parent/2.10.1/gson-parent-2.10.1.pom (13 kB at 95 kB/s)
Downloading from central: https://repo.maven.apache.org/maven2/org/flywaydb/flyway-database-postgresql/10.10.0/flyway-database-postgresql-10.10.0.pom
Progress (1): 799 BProgress (1): 3.4 kB                    Downloaded from central: https://repo.maven.apache.org/maven2/org/flywaydb/flyway-database-postgresql/10.10.0/flyway-database-postgresql-10.10.0.pom (3.4 kB at 34 kB/s)
Downloading from central: https://repo.maven.apache.org/maven2/org/flywaydb/flyway-parent/10.10.0/flyway-parent-10.10.0.pom
Progress (1): 730 BProgress (1): 2.3 kBProgress (1): 4.6 kBProgress (1): 6.6 kBProgress (1): 14 kB Progress (1): 22 kBProgress (1): 26 kBProgress (1): 30 kBProgress (1): 33 kB                   Downloaded from central: https://repo.maven.apache.org/maven2/org/flywaydb/flyway-parent/10.10.0/flyway-parent-10.10.0.pom (33 kB at 300 kB/s)
Downloading from central: https://repo.maven.apache.org/maven2/jakarta/servlet/jakarta.servlet-api/6.0.0/jakarta.servlet-api-6.0.0.pom
Progress (1): 825 BProgress (1): 2.8 kBProgress (1): 5.3 kBProgress (1): 7.8 kBProgress (1): 11 kB Progress (1): 15 kBProgress (1): 19 kB                   Downloaded from central: https://repo.maven.apache.org/maven2/jakarta/servlet/jakarta.servlet-api/6.0.0/jakarta.servlet-api-6.0.0.pom (19 kB at 150 kB/s)
Downloading from central: https://repo.maven.apache.org/maven2/io/jsonwebtoken/jjwt-api/0.12.5/jjwt-api-0.12.5.pom
Progress (1): 848 BProgress (1): 1.8 kB                    Downloaded from central: https://repo.maven.apache.org/maven2/io/jsonwebtoken/jjwt-api/0.12.5/jjwt-api-0.12.5.pom (1.8 kB at 17 kB/s)
Downloading from central: https://repo.maven.apache.org/maven2/io/jsonwebtoken/jjwt-root/0.12.5/jjwt-root-0.12.5.pom
Progress (1): 721 BProgress (1): 2.5 kBProgress (1): 4.4 kBProgress (1): 6.3 kBProgress (1): 11 kB Progress (1): 14 kBProgress (1): 19 kBProgress (1): 22 kBProgress (1): 25 kBProgress (1): 29 kBProgress (1): 33 kBProgress (1): 37 kB                   Downloaded from central: https://repo.maven.apache.org/maven2/io/jsonwebtoken/jjwt-root/0.12.5/jjwt-root-0.12.5.pom (37 kB at 291 kB/s)
Downloading from central: https://repo.maven.apache.org/maven2/io/jsonwebtoken/jjwt-impl/0.12.5/jjwt-impl-0.12.5.pom
Progress (1): 846 BProgress (1): 2.5 kB                    Downloaded from central: https://repo.maven.apache.org/maven2/io/jsonwebtoken/jjwt-impl/0.12.5/jjwt-impl-0.12.5.pom (2.5 kB at 23 kB/s)
Downloading from central: https://repo.maven.apache.org/maven2/io/jsonwebtoken/jjwt-jackson/0.12.5/jjwt-jackson-0.12.5.pom
Progress (1): 843 BProgress (1): 2.4 kBProgress (1): 2.9 kB                    Downloaded from central: https://repo.maven.apache.org/maven2/io/jsonwebtoken/jjwt-jackson/0.12.5/jjwt-jackson-0.12.5.pom (2.9 kB at 30 kB/s)
Downloading from central: https://repo.maven.apache.org/maven2/com/github/librepdf/openpdf/1.3.30/openpdf-1.3.30.pom
Progress (1): 2.0 kBProgress (1): 3.9 kB                    Downloaded from central: https://repo.maven.apache.org/maven2/com/github/librepdf/openpdf/1.3.30/openpdf-1.3.30.pom (3.9 kB at 38 kB/s)
Downloading from central: https://repo.maven.apache.org/maven2/com/github/librepdf/openpdf-parent/1.3.30/openpdf-parent-1.3.30.pom
Progress (1): 934 BProgress (1): 3.1 kBProgress (1): 5.4 kBProgress (1): 9.7 kBProgress (1): 14 kB Progress (1): 18 kBProgress (1): 20 kB                   Downloaded from central: https://repo.maven.apache.org/maven2/com/github/librepdf/openpdf-parent/1.3.30/openpdf-parent-1.3.30.pom (20 kB at 183 kB/s)
Downloading from central: https://repo.maven.apache.org/maven2/com/google/code/findbugs/jsr305/3.0.2/jsr305-3.0.2.pom
Progress (1): 1.0 kBProgress (1): 3.7 kBProgress (1): 4.3 kB                    Downloaded from central: https://repo.maven.apache.org/maven2/com/google/code/findbugs/jsr305/3.0.2/jsr305-3.0.2.pom (4.3 kB at 44 kB/s)
Downloading from central: https://repo.maven.apache.org/maven2/org/springframework/boot/spring-boot-starter-test/3.2.5/spring-boot-starter-test-3.2.5.pom
Progress (1): 916 BProgress (1): 4.2 kBProgress (1): 5.0 kB                    Downloaded from central: https://repo.maven.apache.org/maven2/org/springframework/boot/spring-boot-starter-test/3.2.5/spring-boot-starter-test-3.2.5.pom (5.0 kB at 26 kB/s)
Downloading from central: https://repo.maven.apache.org/maven2/org/springframework/boot/spring-boot-test/3.2.5/spring-boot-test-3.2.5.pom
Progress (1): 1.0 kBProgress (1): 2.0 kB                    Downloaded from central: https://repo.maven.apache.org/maven2/org/springframework/boot/spring-boot-test/3.2.5/spring-boot-test-3.2.5.pom (2.0 kB at 21 kB/s)
Downloading from central: https://repo.maven.apache.org/maven2/org/springframework/boot/spring-boot-test-autoconfigure/3.2.5/spring-boot-test-autoconfigure-3.2.5.pom
Progress (1): 1.0 kBProgress (1): 2.5 kB                    Downloaded from central: https://repo.maven.apache.org/maven2/org/springframework/boot/spring-boot-test-autoconfigure/3.2.5/spring-boot-test-autoconfigure-3.2.5.pom (2.5 kB at 25 kB/s)
Downloading from central: https://repo.maven.apache.org/maven2/com/jayway/jsonpath/json-path/2.9.0/json-path-2.9.0.pom
Progress (1): 960 BProgress (1): 1.9 kB                    Downloaded from central: https://repo.maven.apache.org/maven2/com/jayway/jsonpath/json-path/2.9.0/json-path-2.9.0.pom (1.9 kB at 19 kB/s)
Downloading from central: https://repo.maven.apache.org/maven2/net/minidev/json-smart/2.5.1/json-smart-2.5.1.pom
Progress (1): 780 BProgress (1): 1.9 kBProgress (1): 3.6 kBProgress (1): 5.5 kBProgress (1): 8.2 kBProgress (1): 9.3 kB                    Downloaded from central: https://repo.maven.apache.org/maven2/net/minidev/json-smart/2.5.1/json-smart-2.5.1.pom (9.3 kB at 91 kB/s)
Downloading from central: https://repo.maven.apache.org/maven2/net/minidev/accessors-smart/2.5.1/accessors-smart-2.5.1.pom
Progress (1): 780 BProgress (1): 2.4 kBProgress (1): 4.3 kBProgress (1): 7.1 kBProgress (1): 11 kB Progress (1): 11 kB                   Downloaded from central: https://repo.maven.apache.org/maven2/net/minidev/accessors-smart/2.5.1/accessors-smart-2.5.1.pom (11 kB at 111 kB/s)
Downloading from central: https://repo.maven.apache.org/maven2/org/ow2/asm/asm/9.6/asm-9.6.pom
Progress (1): 1.3 kBProgress (1): 2.4 kB                    Downloaded from central: https://repo.maven.apache.org/maven2/org/ow2/asm/asm/9.6/asm-9.6.pom (2.4 kB at 26 kB/s)
Downloading from central: https://repo.maven.apache.org/maven2/org/assertj/assertj-core/3.24.2/assertj-core-3.24.2.pom
Progress (1): 1.0 kBProgress (1): 3.6 kBProgress (1): 6.8 kBProgress (1): 9.7 kBProgress (1): 12 kB Progress (1): 15 kBProgress (1): 17 kBProgress (1): 19 kB                   Downloaded from central: https://repo.maven.apache.org/maven2/org/assertj/assertj-core/3.24.2/assertj-core-3.24.2.pom (19 kB at 198 kB/s)
Downloading from central: https://repo.maven.apache.org/maven2/org/assertj/assertj-parent/3.24.2/assertj-parent-3.24.2.pom
Progress (1): 1.2 kBProgress (1): 4.2 kBProgress (1): 8.0 kBProgress (1): 13 kB                    Downloaded from central: https://repo.maven.apache.org/maven2/org/assertj/assertj-parent/3.24.2/assertj-parent-3.24.2.pom (13 kB at 124 kB/s)
Downloading from central: https://repo.maven.apache.org/maven2/org/assertj/assertj-build/3.24.2/assertj-build-3.24.2.pom
Progress (1): 1.0 kBProgress (1): 3.6 kBProgress (1): 6.1 kBProgress (1): 8.0 kBProgress (1): 8.8 kB                    Downloaded from central: https://repo.maven.apache.org/maven2/org/assertj/assertj-build/3.24.2/assertj-build-3.24.2.pom (8.8 kB at 78 kB/s)
Downloading from central: https://repo.maven.apache.org/maven2/org/awaitility/awaitility/4.2.1/awaitility-4.2.1.pom
Progress (1): 821 BProgress (1): 3.0 kBProgress (1): 3.5 kB                    Downloaded from central: https://repo.maven.apache.org/maven2/org/awaitility/awaitility/4.2.1/awaitility-4.2.1.pom (3.5 kB at 35 kB/s)
Downloading from central: https://repo.maven.apache.org/maven2/org/awaitility/awaitility-parent/4.2.1/awaitility-parent-4.2.1.pom
Progress (1): 860 BProgress (1): 2.6 kBProgress (1): 3.2 kBProgress (1): 6.2 kBProgress (1): 11 kB                    Downloaded from central: https://repo.maven.apache.org/maven2/org/awaitility/awaitility-parent/4.2.1/awaitility-parent-4.2.1.pom (11 kB at 106 kB/s)
Downloading from central: https://repo.maven.apache.org/maven2/org/hamcrest/hamcrest/2.2/hamcrest-2.2.pom
Progress (1): 1.1 kB                    Downloaded from central: https://repo.maven.apache.org/maven2/org/hamcrest/hamcrest/2.2/hamcrest-2.2.pom (1.1 kB at 12 kB/s)
Downloading from central: https://repo.maven.apache.org/maven2/org/mockito/mockito-junit-jupiter/5.7.0/mockito-junit-jupiter-5.7.0.pom
Progress (1): 1.6 kBProgress (1): 2.3 kB                    Downloaded from central: https://repo.maven.apache.org/maven2/org/mockito/mockito-junit-jupiter/5.7.0/mockito-junit-jupiter-5.7.0.pom (2.3 kB at 24 kB/s)
Downloading from central: https://repo.maven.apache.org/maven2/org/skyscreamer/jsonassert/1.5.1/jsonassert-1.5.1.pom
Progress (1): 1.1 kBProgress (1): 4.0 kBProgress (1): 5.2 kB                    Downloaded from central: https://repo.maven.apache.org/maven2/org/skyscreamer/jsonassert/1.5.1/jsonassert-1.5.1.pom (5.2 kB at 43 kB/s)
Downloading from central: https://repo.maven.apache.org/maven2/com/vaadin/external/google/android-json/0.0.20131108.vaadin1/android-json-0.0.20131108.vaadin1.pom
Progress (1): 1.1 kBProgress (1): 2.8 kB                    Downloaded from central: https://repo.maven.apache.org/maven2/com/vaadin/external/google/android-json/0.0.20131108.vaadin1/android-json-0.0.20131108.vaadin1.pom (2.8 kB at 24 kB/s)
Downloading from central: https://repo.maven.apache.org/maven2/org/springframework/spring-test/6.1.6/spring-test-6.1.6.pom
Progress (1): 1.1 kBProgress (1): 2.0 kB                    Downloaded from central: https://repo.maven.apache.org/maven2/org/springframework/spring-test/6.1.6/spring-test-6.1.6.pom (2.0 kB at 21 kB/s)
Downloading from central: https://repo.maven.apache.org/maven2/org/xmlunit/xmlunit-core/2.9.1/xmlunit-core-2.9.1.pom
Progress (1): 849 BProgress (1): 2.4 kB                    Downloaded from central: https://repo.maven.apache.org/maven2/org/xmlunit/xmlunit-core/2.9.1/xmlunit-core-2.9.1.pom (2.4 kB at 24 kB/s)
Downloading from central: https://repo.maven.apache.org/maven2/org/xmlunit/xmlunit-parent/2.9.1/xmlunit-parent-2.9.1.pom
Progress (1): 781 BProgress (1): 2.2 kBProgress (1): 4.6 kBProgress (1): 7.7 kBProgress (1): 11 kB Progress (1): 13 kBProgress (1): 17 kBProgress (1): 21 kB                   Downloaded from central: https://repo.maven.apache.org/maven2/org/xmlunit/xmlunit-parent/2.9.1/xmlunit-parent-2.9.1.pom (21 kB at 219 kB/s)
Downloading from central: https://repo.maven.apache.org/maven2/com/h2database/h2/2.2.224/h2-2.2.224.pom
Progress (1): 1.1 kB                    Downloaded from central: https://repo.maven.apache.org/maven2/com/h2database/h2/2.2.224/h2-2.2.224.pom (1.1 kB at 11 kB/s)
Downloading from central: https://repo.maven.apache.org/maven2/org/springframework/boot/spring-boot-starter-data-jpa/3.2.5/spring-boot-starter-data-jpa-3.2.5.jar
Progress (1): 3.2/4.8 kBProgress (1): 4.8 kB                        Downloaded from central: https://repo.maven.apache.org/maven2/org/springframework/boot/spring-boot-starter-data-jpa/3.2.5/spring-boot-starter-data-jpa-3.2.5.jar (4.8 kB at 53 kB/s)
Downloading from central: https://repo.maven.apache.org/maven2/org/hibernate/orm/hibernate-core/6.4.4.Final/hibernate-core-6.4.4.Final.jar
Downloading from central: https://repo.maven.apache.org/maven2/jakarta/transaction/jakarta.transaction-api/2.0.1/jakarta.transaction-api-2.0.1.jar
Downloading from central: https://repo.maven.apache.org/maven2/org/antlr/antlr4-runtime/4.13.0/antlr4-runtime-4.13.0.jar
Downloading from central: https://repo.maven.apache.org/maven2/org/springframework/data/spring-data-jpa/3.2.5/spring-data-jpa-3.2.5.jar
Downloading from central: https://repo.maven.apache.org/maven2/org/springframework/spring-orm/6.1.6/spring-orm-6.1.6.jar
Progress (1): 0/12 MBProgress (1): 0/12 MBProgress (2): 0/12 MB | 7.7/326 kBProgress (2): 0/12 MB | 7.7/326 kBProgress (3): 0/12 MB | 7.7/326 kB | 7.7/237 kBProgress (3): 0/12 MB | 7.7/326 kB | 11/237 kB Progress (4): 0/12 MB | 7.7/326 kB | 11/237 kB | 3.2/29 kBProgress (4): 0/12 MB | 7.7/326 kB | 11/237 kB | 20/29 kB Progress (4): 0/12 MB | 7.7/326 kB | 11/237 kB | 29 kB                                                         Downloaded from central: https://repo.maven.apache.org/maven2/jakarta/transaction/jakarta.transaction-api/2.0.1/jakarta.transaction-api-2.0.1.jar (29 kB at 223 kB/s)
Downloading from central: https://repo.maven.apache.org/maven2/org/springframework/spring-aspects/6.1.6/spring-aspects-6.1.6.jar
Progress (3): 0/12 MB | 7.7/326 kB | 28/237 kBProgress (3): 0/12 MB | 7.7/326 kB | 28/237 kBProgress (3): 0/12 MB | 16/326 kB | 28/237 kB Progress (3): 0.1/12 MB | 16/326 kB | 28/237 kBProgress (3): 0.1/12 MB | 16/326 kB | 44/237 kBProgress (3): 0.1/12 MB | 16/326 kB | 61/237 kBProgress (3): 0.1/12 MB | 16/326 kB | 77/237 kBProgress (4): 0.1/12 MB | 16/326 kB | 77/237 kB | 0/1.5 MBProgress (4): 0.1/12 MB | 16/326 kB | 93/237 kB | 0/1.5 MBProgress (4): 0.1/12 MB | 16/326 kB | 110/237 kB | 0/1.5 MBProgress (4): 0.1/12 MB | 16/326 kB | 110/237 kB | 0/1.5 MBProgress (4): 0.1/12 MB | 32/326 kB | 110/237 kB | 0/1.5 MBProgress (4): 0.1/12 MB | 32/326 kB | 110/237 kB | 0/1.5 MBProgress (4): 0.1/12 MB | 32/326 kB | 126/237 kB | 0/1.5 MBProgress (4): 0.1/12 MB | 32/326 kB | 126/237 kB | 0/1.5 MBProgress (4): 0.1/12 MB | 32/326 kB | 126/237 kB | 0/1.5 MBProgress (4): 0.1/12 MB | 32/326 kB | 142/237 kB | 0/1.5 MBProgress (4): 0.1/12 MB | 32/326 kB | 142/237 kB | 0/1.5 MBProgress (4): 0.1/12 MB | 49/326 kB | 142/237 kB | 0/1.5 MBProgress (4): 0.1/12 MB | 49/326 kB | 142/237 kB | 0/1.5 MBProgress (4): 0.1/12 MB | 49/326 kB | 142/237 kB | 0/1.5 MBProgress (4): 0.1/12 MB | 49/326 kB | 159/237 kB | 0/1.5 MBProgress (4): 0.1/12 MB | 49/326 kB | 159/237 kB | 0/1.5 MBProgress (4): 0.1/12 MB | 49/326 kB | 159/237 kB | 0/1.5 MBProgress (4): 0.1/12 MB | 65/326 kB | 159/237 kB | 0/1.5 MBProgress (4): 0.2/12 MB | 65/326 kB | 159/237 kB | 0/1.5 MBProgress (4): 0.2/12 MB | 65/326 kB | 159/237 kB | 0/1.5 MBProgress (4): 0.2/12 MB | 65/326 kB | 175/237 kB | 0/1.5 MBProgress (4): 0.2/12 MB | 65/326 kB | 175/237 kB | 0.1/1.5 MBProgress (4): 0.2/12 MB | 65/326 kB | 192/237 kB | 0.1/1.5 MBProgress (4): 0.2/12 MB | 65/326 kB | 192/237 kB | 0.1/1.5 MBProgress (4): 0.2/12 MB | 81/326 kB | 192/237 kB | 0.1/1.5 MBProgress (4): 0.2/12 MB | 81/326 kB | 192/237 kB | 0.1/1.5 MBProgress (4): 0.2/12 MB | 81/326 kB | 208/237 kB | 0.1/1.5 MBProgress (4): 0.2/12 MB | 81/326 kB | 208/237 kB | 0.1/1.5 MBProgress (4): 0.2/12 MB | 81/326 kB | 224/237 kB | 0.1/1.5 MBProgress (4): 0.2/12 MB | 81/326 kB | 237 kB | 0.1/1.5 MB    Progress (4): 0.2/12 MB | 81/326 kB | 237 kB | 0.1/1.5 MBProgress (4): 0.2/12 MB | 98/326 kB | 237 kB | 0.1/1.5 MBProgress (4): 0.2/12 MB | 98/326 kB | 237 kB | 0.1/1.5 MB                                                         Downloaded from central: https://repo.maven.apache.org/maven2/org/springframework/spring-orm/6.1.6/spring-orm-6.1.6.jar (237 kB at 768 kB/s)
Progress (3): 0.2/12 MB | 98/326 kB | 0.1/1.5 MBProgress (4): 0.2/12 MB | 98/326 kB | 0.1/1.5 MB | 7.7/50 kBProgress (4): 0.2/12 MB | 98/326 kB | 0.1/1.5 MB | 16/50 kB                                                            Downloading from central: https://repo.maven.apache.org/maven2/org/flywaydb/flyway-core/9.22.3/flyway-core-9.22.3.jar
Progress (4): 0.2/12 MB | 98/326 kB | 0.1/1.5 MB | 16/50 kBProgress (4): 0.2/12 MB | 114/326 kB | 0.1/1.5 MB | 16/50 kBProgress (4): 0.3/12 MB | 114/326 kB | 0.1/1.5 MB | 16/50 kBProgress (4): 0.3/12 MB | 114/326 kB | 0.1/1.5 MB | 24/50 kBProgress (4): 0.3/12 MB | 114/326 kB | 0.1/1.5 MB | 24/50 kBProgress (4): 0.3/12 MB | 114/326 kB | 0.1/1.5 MB | 40/50 kBProgress (4): 0.3/12 MB | 114/326 kB | 0.1/1.5 MB | 40/50 kBProgress (4): 0.3/12 MB | 114/326 kB | 0.1/1.5 MB | 40/50 kBProgress (4): 0.3/12 MB | 114/326 kB | 0.1/1.5 MB | 40/50 kBProgress (4): 0.3/12 MB | 131/326 kB | 0.1/1.5 MB | 40/50 kBProgress (4): 0.3/12 MB | 131/326 kB | 0.1/1.5 MB | 40/50 kBProgress (4): 0.3/12 MB | 131/326 kB | 0.2/1.5 MB | 40/50 kBProgress (4): 0.3/12 MB | 131/326 kB | 0.2/1.5 MB | 50 kB   Progress (4): 0.3/12 MB | 131/326 kB | 0.2/1.5 MB | 50 kBProgress (4): 0.3/12 MB | 131/326 kB | 0.2/1.5 MB | 50 kB                                                         Downloaded from central: https://repo.maven.apache.org/maven2/org/springframework/spring-aspects/6.1.6/spring-aspects-6.1.6.jar (50 kB at 148 kB/s)
Progress (3): 0.3/12 MB | 147/326 kB | 0.2/1.5 MB                                                 Downloading from central: https://repo.maven.apache.org/maven2/com/fasterxml/jackson/dataformat/jackson-dataformat-toml/2.15.4/jackson-dataformat-toml-2.15.4.jar
Progress (3): 0.3/12 MB | 147/326 kB | 0.2/1.5 MBProgress (3): 0.3/12 MB | 147/326 kB | 0.2/1.5 MBProgress (3): 0.3/12 MB | 147/326 kB | 0.2/1.5 MBProgress (3): 0.3/12 MB | 147/326 kB | 0.2/1.5 MBProgress (3): 0.3/12 MB | 163/326 kB | 0.2/1.5 MBProgress (3): 0.3/12 MB | 163/326 kB | 0.2/1.5 MBProgress (3): 0.4/12 MB | 163/326 kB | 0.2/1.5 MBProgress (3): 0.4/12 MB | 163/326 kB | 0.2/1.5 MBProgress (3): 0.4/12 MB | 180/326 kB | 0.2/1.5 MBProgress (3): 0.4/12 MB | 180/326 kB | 0.2/1.5 MBProgress (3): 0.4/12 MB | 180/326 kB | 0.2/1.5 MBProgress (3): 0.4/12 MB | 180/326 kB | 0.3/1.5 MBProgress (3): 0.4/12 MB | 196/326 kB | 0.3/1.5 MBProgress (3): 0.4/12 MB | 196/326 kB | 0.3/1.5 MBProgress (3): 0.4/12 MB | 196/326 kB | 0.3/1.5 MBProgress (3): 0.4/12 MB | 213/326 kB | 0.3/1.5 MBProgress (3): 0.4/12 MB | 213/326 kB | 0.3/1.5 MBProgress (3): 0.4/12 MB | 213/326 kB | 0.3/1.5 MBProgress (3): 0.4/12 MB | 229/326 kB | 0.3/1.5 MBProgress (3): 0.4/12 MB | 229/326 kB | 0.3/1.5 MBProgress (3): 0.4/12 MB | 229/326 kB | 0.3/1.5 MBProgress (3): 0.4/12 MB | 229/326 kB | 0.3/1.5 MBProgress (3): 0.4/12 MB | 229/326 kB | 0.3/1.5 MBProgress (3): 0.4/12 MB | 245/326 kB | 0.3/1.5 MBProgress (3): 0.4/12 MB | 245/326 kB | 0.3/1.5 MBProgress (3): 0.4/12 MB | 245/326 kB | 0.3/1.5 MBProgress (3): 0.5/12 MB | 245/326 kB | 0.3/1.5 MBProgress (3): 0.5/12 MB | 245/326 kB | 0.3/1.5 MBProgress (3): 0.5/12 MB | 245/326 kB | 0.4/1.5 MBProgress (3): 0.5/12 MB | 245/326 kB | 0.4/1.5 MBProgress (3): 0.5/12 MB | 245/326 kB | 0.4/1.5 MBProgress (3): 0.5/12 MB | 262/326 kB | 0.4/1.5 MBProgress (3): 0.5/12 MB | 262/326 kB | 0.4/1.5 MBProgress (3): 0.5/12 MB | 262/326 kB | 0.4/1.5 MBProgress (3): 0.5/12 MB | 262/326 kB | 0.4/1.5 MBProgress (3): 0.5/12 MB | 262/326 kB | 0.4/1.5 MBProgress (3): 0.5/12 MB | 262/326 kB | 0.4/1.5 MBProgress (3): 0.5/12 MB | 278/326 kB | 0.4/1.5 MBProgress (3): 0.5/12 MB | 278/326 kB | 0.4/1.5 MBProgress (3): 0.5/12 MB | 278/326 kB | 0.4/1.5 MBProgress (3): 0.5/12 MB | 278/326 kB | 0.5/1.5 MBProgress (3): 0.5/12 MB | 278/326 kB | 0.5/1.5 MBProgress (3): 0.5/12 MB | 278/326 kB | 0.5/1.5 MBProgress (3): 0.5/12 MB | 294/326 kB | 0.5/1.5 MBProgress (3): 0.5/12 MB | 294/326 kB | 0.5/1.5 MBProgress (3): 0.5/12 MB | 294/326 kB | 0.5/1.5 MBProgress (3): 0.5/12 MB | 294/326 kB | 0.5/1.5 MBProgress (3): 0.5/12 MB | 294/326 kB | 0.5/1.5 MBProgress (3): 0.5/12 MB | 294/326 kB | 0.5/1.5 MBProgress (3): 0.5/12 MB | 294/326 kB | 0.5/1.5 MBProgress (4): 0.5/12 MB | 294/326 kB | 0.5/1.5 MB | 7.7/885 kBProgress (4): 0.5/12 MB | 294/326 kB | 0.5/1.5 MB | 12/885 kB Progress (4): 0.5/12 MB | 311/326 kB | 0.5/1.5 MB | 12/885 kBProgress (4): 0.5/12 MB | 326 kB | 0.5/1.5 MB | 12/885 kB                                                             Downloaded from central: https://repo.maven.apache.org/maven2/org/antlr/antlr4-runtime/4.13.0/antlr4-runtime-4.13.0.jar (326 kB at 743 kB/s)
Progress (3): 0.5/12 MB | 0.5/1.5 MB | 29/885 kBProgress (3): 0.5/12 MB | 0.5/1.5 MB | 29/885 kBProgress (3): 0.5/12 MB | 0.5/1.5 MB | 29/885 kBProgress (3): 0.5/12 MB | 0.6/1.5 MB | 29/885 kBProgress (3): 0.5/12 MB | 0.6/1.5 MB | 29/885 kBProgress (4): 0.5/12 MB | 0.6/1.5 MB | 29/885 kB | 7.2/56 kBProgress (4): 0.5/12 MB | 0.6/1.5 MB | 45/885 kB | 7.2/56 kBProgress (4): 0.5/12 MB | 0.6/1.5 MB | 61/885 kB | 7.2/56 kBProgress (4): 0.5/12 MB | 0.6/1.5 MB | 78/885 kB | 7.2/56 kB                                                            Downloading from central: https://repo.maven.apache.org/maven2/com/google/code/gson/gson/2.10.1/gson-2.10.1.jar
Progress (4): 0.5/12 MB | 0.6/1.5 MB | 94/885 kB | 7.2/56 kBProgress (4): 0.5/12 MB | 0.6/1.5 MB | 94/885 kB | 24/56 kB Progress (4): 0.5/12 MB | 0.6/1.5 MB | 94/885 kB | 24/56 kBProgress (4): 0.6/12 MB | 0.6/1.5 MB | 94/885 kB | 24/56 kBProgress (4): 0.6/12 MB | 0.6/1.5 MB | 94/885 kB | 24/56 kBProgress (4): 0.6/12 MB | 0.6/1.5 MB | 94/885 kB | 40/56 kBProgress (4): 0.6/12 MB | 0.6/1.5 MB | 111/885 kB | 40/56 kBProgress (4): 0.6/12 MB | 0.6/1.5 MB | 111/885 kB | 56 kB   Progress (4): 0.6/12 MB | 0.6/1.5 MB | 111/885 kB | 56 kBProgress (4): 0.6/12 MB | 0.6/1.5 MB | 111/885 kB | 56 kBProgress (4): 0.6/12 MB | 0.7/1.5 MB | 111/885 kB | 56 kBProgress (4): 0.6/12 MB | 0.7/1.5 MB | 111/885 kB | 56 kBProgress (4): 0.6/12 MB | 0.7/1.5 MB | 111/885 kB | 56 kBProgress (4): 0.6/12 MB | 0.7/1.5 MB | 111/885 kB | 56 kBProgress (4): 0.6/12 MB | 0.7/1.5 MB | 111/885 kB | 56 kB                                                         Downloaded from central: https://repo.maven.apache.org/maven2/com/fasterxml/jackson/dataformat/jackson-dataformat-toml/2.15.4/jackson-dataformat-toml-2.15.4.jar (56 kB at 95 kB/s)
Downloading from central: https://repo.maven.apache.org/maven2/org/flywaydb/flyway-database-postgresql/10.10.0/flyway-database-postgresql-10.10.0.jar
Progress (3): 0.6/12 MB | 0.7/1.5 MB | 127/885 kBProgress (3): 0.6/12 MB | 0.7/1.5 MB | 127/885 kBProgress (3): 0.6/12 MB | 0.7/1.5 MB | 127/885 kBProgress (3): 0.6/12 MB | 0.7/1.5 MB | 127/885 kBProgress (3): 0.6/12 MB | 0.8/1.5 MB | 127/885 kBProgress (4): 0.6/12 MB | 0.8/1.5 MB | 127/885 kB | 7.7/283 kBProgress (4): 0.6/12 MB | 0.8/1.5 MB | 127/885 kB | 7.7/283 kBProgress (4): 0.6/12 MB | 0.8/1.5 MB | 143/885 kB | 7.7/283 kBProgress (4): 0.6/12 MB | 0.8/1.5 MB | 143/885 kB | 7.7/283 kBProgress (4): 0.6/12 MB | 0.8/1.5 MB | 160/885 kB | 7.7/283 kBProgress (4): 0.6/12 MB | 0.8/1.5 MB | 160/885 kB | 7.7/283 kBProgress (4): 0.6/12 MB | 0.8/1.5 MB | 160/885 kB | 12/283 kB Progress (4): 0.6/12 MB | 0.8/1.5 MB | 160/885 kB | 12/283 kBProgress (4): 0.6/12 MB | 0.8/1.5 MB | 160/885 kB | 29/283 kBProgress (4): 0.6/12 MB | 0.8/1.5 MB | 176/885 kB | 29/283 kBProgress (4): 0.6/12 MB | 0.8/1.5 MB | 176/885 kB | 29/283 kBProgress (4): 0.6/12 MB | 0.8/1.5 MB | 180/885 kB | 29/283 kBProgress (4): 0.6/12 MB | 0.8/1.5 MB | 180/885 kB | 29/283 kBProgress (4): 0.6/12 MB | 0.8/1.5 MB | 180/885 kB | 29/283 kBProgress (4): 0.6/12 MB | 0.9/1.5 MB | 180/885 kB | 29/283 kBProgress (4): 0.6/12 MB | 0.9/1.5 MB | 180/885 kB | 29/283 kBProgress (4): 0.6/12 MB | 0.9/1.5 MB | 180/885 kB | 29/283 kBProgress (4): 0.6/12 MB | 0.9/1.5 MB | 180/885 kB | 45/283 kBProgress (4): 0.6/12 MB | 0.9/1.5 MB | 197/885 kB | 45/283 kBProgress (4): 0.6/12 MB | 0.9/1.5 MB | 197/885 kB | 45/283 kBProgress (4): 0.7/12 MB | 0.9/1.5 MB | 197/885 kB | 45/283 kBProgress (4): 0.7/12 MB | 0.9/1.5 MB | 213/885 kB | 45/283 kBProgress (4): 0.7/12 MB | 0.9/1.5 MB | 213/885 kB | 45/283 kBProgress (4): 0.7/12 MB | 0.9/1.5 MB | 229/885 kB | 45/283 kBProgress (4): 0.7/12 MB | 0.9/1.5 MB | 229/885 kB | 45/283 kBProgress (4): 0.7/12 MB | 0.9/1.5 MB | 229/885 kB | 61/283 kBProgress (4): 0.7/12 MB | 0.9/1.5 MB | 229/885 kB | 61/283 kBProgress (4): 0.7/12 MB | 0.9/1.5 MB | 246/885 kB | 61/283 kBProgress (4): 0.7/12 MB | 0.9/1.5 MB | 246/885 kB | 61/283 kBProgress (4): 0.7/12 MB | 0.9/1.5 MB | 262/885 kB | 61/283 kBProgress (4): 0.7/12 MB | 0.9/1.5 MB | 262/885 kB | 61/283 kBProgress (4): 0.7/12 MB | 0.9/1.5 MB | 262/885 kB | 78/283 kBProgress (4): 0.7/12 MB | 0.9/1.5 MB | 262/885 kB | 78/283 kBProgress (4): 0.7/12 MB | 0.9/1.5 MB | 279/885 kB | 78/283 kBProgress (4): 0.7/12 MB | 0.9/1.5 MB | 295/885 kB | 78/283 kBProgress (4): 0.7/12 MB | 0.9/1.5 MB | 295/885 kB | 78/283 kBProgress (4): 0.7/12 MB | 0.9/1.5 MB | 311/885 kB | 78/283 kBProgress (4): 0.7/12 MB | 0.9/1.5 MB | 311/885 kB | 78/283 kBProgress (4): 0.7/12 MB | 0.9/1.5 MB | 311/885 kB | 94/283 kBProgress (4): 0.8/12 MB | 0.9/1.5 MB | 311/885 kB | 94/283 kBProgress (4): 0.8/12 MB | 0.9/1.5 MB | 328/885 kB | 94/283 kBProgress (4): 0.8/12 MB | 1.0/1.5 MB | 328/885 kB | 94/283 kBProgress (4): 0.8/12 MB | 1.0/1.5 MB | 344/885 kB | 94/283 kBProgress (4): 0.8/12 MB | 1.0/1.5 MB | 344/885 kB | 94/283 kBProgress (4): 0.8/12 MB | 1.0/1.5 MB | 344/885 kB | 94/283 kBProgress (4): 0.8/12 MB | 1.0/1.5 MB | 344/885 kB | 111/283 kBProgress (4): 0.8/12 MB | 1.0/1.5 MB | 344/885 kB | 127/283 kBProgress (4): 0.8/12 MB | 1.0/1.5 MB | 344/885 kB | 127/283 kBProgress (4): 0.8/12 MB | 1.0/1.5 MB | 344/885 kB | 127/283 kBProgress (4): 0.8/12 MB | 1.0/1.5 MB | 360/885 kB | 127/283 kBProgress (4): 0.8/12 MB | 1.0/1.5 MB | 360/885 kB | 143/283 kBProgress (4): 0.8/12 MB | 1.0/1.5 MB | 360/885 kB | 143/283 kBProgress (4): 0.8/12 MB | 1.0/1.5 MB | 360/885 kB | 143/283 kBProgress (4): 0.8/12 MB | 1.0/1.5 MB | 360/885 kB | 143/283 kBProgress (4): 0.8/12 MB | 1.0/1.5 MB | 360/885 kB | 143/283 kBProgress (4): 0.8/12 MB | 1.1/1.5 MB | 360/885 kB | 143/283 kBProgress (4): 0.8/12 MB | 1.1/1.5 MB | 360/885 kB | 160/283 kBProgress (4): 0.8/12 MB | 1.1/1.5 MB | 360/885 kB | 176/283 kBProgress (4): 0.8/12 MB | 1.1/1.5 MB | 377/885 kB | 176/283 kBProgress (5): 0.8/12 MB | 1.1/1.5 MB | 377/885 kB | 176/283 kB | 7.7/47 kBProgress (5): 0.8/12 MB | 1.1/1.5 MB | 377/885 kB | 176/283 kB | 11/47 kB Progress (5): 0.8/12 MB | 1.1/1.5 MB | 377/885 kB | 193/283 kB | 11/47 kBProgress (5): 0.8/12 MB | 1.1/1.5 MB | 377/885 kB | 209/283 kB | 11/47 kBProgress (5): 0.8/12 MB | 1.1/1.5 MB | 377/885 kB | 209/283 kB | 11/47 kBProgress (5): 0.8/12 MB | 1.1/1.5 MB | 377/885 kB | 209/283 kB | 11/47 kBProgress (5): 0.8/12 MB | 1.1/1.5 MB | 377/885 kB | 209/283 kB | 11/47 kBProgress (5): 0.8/12 MB | 1.1/1.5 MB | 377/885 kB | 209/283 kB | 11/47 kBProgress (5): 0.8/12 MB | 1.1/1.5 MB | 377/885 kB | 209/283 kB | 11/47 kBProgress (5): 0.8/12 MB | 1.1/1.5 MB | 377/885 kB | 209/283 kB | 28/47 kBProgress (5): 0.8/12 MB | 1.1/1.5 MB | 377/885 kB | 209/283 kB | 44/47 kBProgress (5): 0.8/12 MB | 1.1/1.5 MB | 377/885 kB | 209/283 kB | 47 kB   Progress (5): 0.8/12 MB | 1.1/1.5 MB | 377/885 kB | 225/283 kB | 47 kBProgress (5): 0.8/12 MB | 1.1/1.5 MB | 377/885 kB | 242/283 kB | 47 kBProgress (5): 0.8/12 MB | 1.1/1.5 MB | 377/885 kB | 258/283 kB | 47 kBProgress (5): 0.8/12 MB | 1.1/1.5 MB | 377/885 kB | 274/283 kB | 47 kBProgress (5): 0.8/12 MB | 1.1/1.5 MB | 377/885 kB | 283 kB | 47 kB                                                                      Downloaded from central: https://repo.maven.apache.org/maven2/com/google/code/gson/gson/2.10.1/gson-2.10.1.jar (283 kB at 380 kB/s)
Progress (4): 0.8/12 MB | 1.1/1.5 MB | 393/885 kB | 47 kBProgress (4): 0.8/12 MB | 1.1/1.5 MB | 410/885 kB | 47 kB                                                         Downloading from central: https://repo.maven.apache.org/maven2/jakarta/servlet/jakarta.servlet-api/6.0.0/jakarta.servlet-api-6.0.0.jar
Downloaded from central: https://repo.maven.apache.org/maven2/org/flywaydb/flyway-database-postgresql/10.10.0/flyway-database-postgresql-10.10.0.jar (47 kB at 62 kB/s)
Progress (3): 0.8/12 MB | 1.1/1.5 MB | 410/885 kBProgress (3): 0.8/12 MB | 1.2/1.5 MB | 410/885 kBProgress (3): 0.8/12 MB | 1.2/1.5 MB | 410/885 kBProgress (3): 0.8/12 MB | 1.2/1.5 MB | 410/885 kB                                                 Downloading from central: https://repo.maven.apache.org/maven2/io/jsonwebtoken/jjwt-api/0.12.5/jjwt-api-0.12.5.jar
Progress (3): 0.8/12 MB | 1.2/1.5 MB | 426/885 kBProgress (3): 0.8/12 MB | 1.2/1.5 MB | 442/885 kBProgress (3): 0.8/12 MB | 1.2/1.5 MB | 442/885 kBProgress (3): 0.8/12 MB | 1.2/1.5 MB | 442/885 kBProgress (3): 0.8/12 MB | 1.2/1.5 MB | 442/885 kBProgress (3): 0.8/12 MB | 1.2/1.5 MB | 459/885 kBProgress (3): 0.8/12 MB | 1.2/1.5 MB | 459/885 kBProgress (3): 0.8/12 MB | 1.2/1.5 MB | 459/885 kBProgress (3): 0.9/12 MB | 1.2/1.5 MB | 459/885 kBProgress (3): 0.9/12 MB | 1.3/1.5 MB | 459/885 kBProgress (3): 0.9/12 MB | 1.3/1.5 MB | 475/885 kBProgress (3): 0.9/12 MB | 1.3/1.5 MB | 492/885 kBProgress (3): 0.9/12 MB | 1.3/1.5 MB | 508/885 kBProgress (3): 0.9/12 MB | 1.3/1.5 MB | 508/885 kBProgress (3): 0.9/12 MB | 1.3/1.5 MB | 508/885 kBProgress (3): 0.9/12 MB | 1.3/1.5 MB | 508/885 kBProgress (3): 0.9/12 MB | 1.3/1.5 MB | 524/885 kBProgress (3): 0.9/12 MB | 1.3/1.5 MB | 524/885 kBProgress (3): 0.9/12 MB | 1.3/1.5 MB | 524/885 kBProgress (3): 0.9/12 MB | 1.3/1.5 MB | 524/885 kBProgress (3): 0.9/12 MB | 1.3/1.5 MB | 541/885 kBProgress (3): 0.9/12 MB | 1.3/1.5 MB | 541/885 kBProgress (3): 0.9/12 MB | 1.3/1.5 MB | 541/885 kBProgress (3): 0.9/12 MB | 1.4/1.5 MB | 541/885 kBProgress (3): 0.9/12 MB | 1.4/1.5 MB | 557/885 kBProgress (3): 0.9/12 MB | 1.4/1.5 MB | 557/885 kBProgress (3): 0.9/12 MB | 1.4/1.5 MB | 557/885 kBProgress (3): 0.9/12 MB | 1.4/1.5 MB | 557/885 kBProgress (4): 0.9/12 MB | 1.4/1.5 MB | 557/885 kB | 7.7/348 kBProgress (4): 0.9/12 MB | 1.4/1.5 MB | 557/885 kB | 7.7/348 kBProgress (4): 0.9/12 MB | 1.4/1.5 MB | 573/885 kB | 7.7/348 kBProgress (4): 0.9/12 MB | 1.4/1.5 MB | 573/885 kB | 7.7/348 kBProgress (4): 0.9/12 MB | 1.4/1.5 MB | 573/885 kB | 7.7/348 kBProgress (4): 0.9/12 MB | 1.4/1.5 MB | 573/885 kB | 12/348 kB Progress (4): 1.0/12 MB | 1.4/1.5 MB | 573/885 kB | 12/348 kBProgress (4): 1.0/12 MB | 1.4/1.5 MB | 573/885 kB | 29/348 kBProgress (4): 1.0/12 MB | 1.4/1.5 MB | 573/885 kB | 29/348 kBProgress (4): 1.0/12 MB | 1.4/1.5 MB | 590/885 kB | 29/348 kBProgress (4): 1.0/12 MB | 1.4/1.5 MB | 590/885 kB | 29/348 kBProgress (4): 1.0/12 MB | 1.4/1.5 MB | 590/885 kB | 45/348 kBProgress (4): 1.0/12 MB | 1.4/1.5 MB | 590/885 kB | 45/348 kBProgress (4): 1.0/12 MB | 1.4/1.5 MB | 590/885 kB | 61/348 kBProgress (4): 1.0/12 MB | 1.5/1.5 MB | 590/885 kB | 61/348 kBProgress (4): 1.0/12 MB | 1.5/1.5 MB | 606/885 kB | 61/348 kBProgress (5): 1.0/12 MB | 1.5/1.5 MB | 606/885 kB | 61/348 kB | 7.7/140 kBProgress (5): 1.0/12 MB | 1.5/1.5 MB | 606/885 kB | 61/348 kB | 7.7/140 kBProgress (5): 1.0/12 MB | 1.5/1.5 MB | 606/885 kB | 78/348 kB | 7.7/140 kBProgress (5): 1.0/12 MB | 1.5/1.5 MB | 606/885 kB | 78/348 kB | 7.7/140 kBProgress (5): 1.0/12 MB | 1.5/1.5 MB | 606/885 kB | 78/348 kB | 7.7/140 kBProgress (5): 1.0/12 MB | 1.5/1.5 MB | 606/885 kB | 94/348 kB | 7.7/140 kBProgress (5): 1.0/12 MB | 1.5/1.5 MB | 606/885 kB | 94/348 kB | 7.7/140 kBProgress (5): 1.0/12 MB | 1.5/1.5 MB | 606/885 kB | 111/348 kB | 7.7/140 kBProgress (5): 1.0/12 MB | 1.5/1.5 MB | 606/885 kB | 127/348 kB | 7.7/140 kBProgress (5): 1.0/12 MB | 1.5/1.5 MB | 606/885 kB | 131/348 kB | 7.7/140 kBProgress (5): 1.0/12 MB | 1.5/1.5 MB | 623/885 kB | 131/348 kB | 7.7/140 kBProgress (5): 1.0/12 MB | 1.5/1.5 MB | 623/885 kB | 147/348 kB | 7.7/140 kBProgress (5): 1.0/12 MB | 1.5/1.5 MB | 623/885 kB | 164/348 kB | 7.7/140 kBProgress (5): 1.0/12 MB | 1.5/1.5 MB | 623/885 kB | 168/348 kB | 7.7/140 kBProgress (5): 1.0/12 MB | 1.5/1.5 MB | 623/885 kB | 168/348 kB | 24/140 kB Progress (5): 1.0/12 MB | 1.5/1.5 MB | 623/885 kB | 168/348 kB | 24/140 kBProgress (5): 1.0/12 MB | 1.5/1.5 MB | 623/885 kB | 184/348 kB | 24/140 kBProgress (5): 1.0/12 MB | 1.5/1.5 MB | 623/885 kB | 184/348 kB | 24/140 kBProgress (5): 1.0/12 MB | 1.5/1.5 MB | 623/885 kB | 200/348 kB | 24/140 kBProgress (5): 1.0/12 MB | 1.5/1.5 MB | 623/885 kB | 200/348 kB | 24/140 kBProgress (5): 1.0/12 MB | 1.5 MB | 623/885 kB | 200/348 kB | 24/140 kB    Progress (5): 1.0/12 MB | 1.5 MB | 623/885 kB | 200/348 kB | 40/140 kBProgress (5): 1.0/12 MB | 1.5 MB | 639/885 kB | 200/348 kB | 40/140 kBProgress (5): 1.0/12 MB | 1.5 MB | 655/885 kB | 200/348 kB | 40/140 kBProgress (5): 1.0/12 MB | 1.5 MB | 655/885 kB | 200/348 kB | 57/140 kB                                                                      Downloaded from central: https://repo.maven.apache.org/maven2/org/springframework/data/spring-data-jpa/3.2.5/spring-data-jpa-3.2.5.jar (1.5 MB at 1.7 MB/s)
Progress (4): 1.0/12 MB | 655/885 kB | 204/348 kB | 57/140 kBProgress (4): 1.0/12 MB | 655/885 kB | 221/348 kB | 57/140 kBProgress (4): 1.0/12 MB | 655/885 kB | 229/348 kB | 57/140 kBProgress (4): 1.0/12 MB | 655/885 kB | 229/348 kB | 57/140 kBProgress (4): 1.0/12 MB | 655/885 kB | 246/348 kB | 57/140 kB                                                             Downloading from central: https://repo.maven.apache.org/maven2/com/github/librepdf/openpdf/1.3.30/openpdf-1.3.30.jar
Progress (4): 1.0/12 MB | 655/885 kB | 246/348 kB | 73/140 kBProgress (4): 1.0/12 MB | 655/885 kB | 246/348 kB | 90/140 kBProgress (4): 1.0/12 MB | 655/885 kB | 246/348 kB | 106/140 kBProgress (4): 1.0/12 MB | 672/885 kB | 246/348 kB | 106/140 kBProgress (4): 1.0/12 MB | 672/885 kB | 246/348 kB | 122/140 kBProgress (4): 1.0/12 MB | 688/885 kB | 246/348 kB | 122/140 kBProgress (4): 1.0/12 MB | 688/885 kB | 262/348 kB | 122/140 kBProgress (4): 1.0/12 MB | 688/885 kB | 262/348 kB | 122/140 kBProgress (4): 1.0/12 MB | 688/885 kB | 279/348 kB | 122/140 kBProgress (4): 1.0/12 MB | 688/885 kB | 279/348 kB | 139/140 kBProgress (4): 1.0/12 MB | 688/885 kB | 295/348 kB | 139/140 kBProgress (4): 1.1/12 MB | 688/885 kB | 295/348 kB | 139/140 kBProgress (4): 1.1/12 MB | 688/885 kB | 311/348 kB | 139/140 kBProgress (4): 1.1/12 MB | 688/885 kB | 311/348 kB | 139/140 kBProgress (4): 1.1/12 MB | 688/885 kB | 311/348 kB | 140 kB                                                              Downloaded from central: https://repo.maven.apache.org/maven2/io/jsonwebtoken/jjwt-api/0.12.5/jjwt-api-0.12.5.jar (140 kB at 145 kB/s)
Progress (3): 1.1/12 MB | 688/885 kB | 311/348 kBProgress (3): 1.1/12 MB | 688/885 kB | 328/348 kBProgress (3): 1.1/12 MB | 705/885 kB | 328/348 kBProgress (3): 1.1/12 MB | 705/885 kB | 344/348 kBProgress (3): 1.1/12 MB | 705/885 kB | 344/348 kBProgress (3): 1.1/12 MB | 705/885 kB | 344/348 kB                                                 Downloading from central: https://repo.maven.apache.org/maven2/com/google/code/findbugs/jsr305/3.0.2/jsr305-3.0.2.jar
Progress (3): 1.1/12 MB | 705/885 kB | 344/348 kBProgress (3): 1.1/12 MB | 705/885 kB | 348 kB    Progress (3): 1.1/12 MB | 721/885 kB | 348 kBProgress (3): 1.2/12 MB | 721/885 kB | 348 kBProgress (3): 1.2/12 MB | 737/885 kB | 348 kBProgress (3): 1.2/12 MB | 737/885 kB | 348 kB                                             Downloaded from central: https://repo.maven.apache.org/maven2/jakarta/servlet/jakarta.servlet-api/6.0.0/jakarta.servlet-api-6.0.0.jar (348 kB at 355 kB/s)
Progress (2): 1.2/12 MB | 737/885 kBProgress (2): 1.2/12 MB | 754/885 kBProgress (2): 1.2/12 MB | 754/885 kBProgress (2): 1.2/12 MB | 770/885 kBProgress (2): 1.2/12 MB | 770/885 kBProgress (2): 1.2/12 MB | 786/885 kBProgress (2): 1.2/12 MB | 786/885 kBProgress (2): 1.2/12 MB | 803/885 kBProgress (2): 1.3/12 MB | 803/885 kBProgress (2): 1.3/12 MB | 819/885 kBProgress (2): 1.3/12 MB | 819/885 kBProgress (2): 1.3/12 MB | 836/885 kBProgress (2): 1.3/12 MB | 836/885 kBProgress (2): 1.3/12 MB | 852/885 kBProgress (2): 1.3/12 MB | 852/885 kBProgress (2): 1.3/12 MB | 868/885 kBProgress (2): 1.3/12 MB | 868/885 kBProgress (2): 1.3/12 MB | 885/885 kBProgress (2): 1.3/12 MB | 885/885 kBProgress (2): 1.3/12 MB | 885 kB    Progress (2): 1.4/12 MB | 885 kB                                Downloaded from central: https://repo.maven.apache.org/maven2/org/flywaydb/flyway-core/9.22.3/flyway-core-9.22.3.jar (885 kB at 885 kB/s)
Progress (1): 1.4/12 MBProgress (1): 1.4/12 MBProgress (1): 1.4/12 MBProgress (1): 1.4/12 MBProgress (1): 1.4/12 MBProgress (1): 1.4/12 MBProgress (1): 1.5/12 MBProgress (1): 1.5/12 MBProgress (1): 1.5/12 MBProgress (1): 1.5/12 MBProgress (1): 1.5/12 MBProgress (1): 1.5/12 MBProgress (1): 1.6/12 MBProgress (1): 1.6/12 MBProgress (1): 1.6/12 MBProgress (1): 1.6/12 MBProgress (1): 1.6/12 MBProgress (1): 1.6/12 MBProgress (1): 1.7/12 MBProgress (1): 1.7/12 MBProgress (1): 1.7/12 MBProgress (1): 1.7/12 MBProgress (1): 1.7/12 MBProgress (1): 1.7/12 MBProgress (1): 1.8/12 MBProgress (1): 1.8/12 MBProgress (1): 1.8/12 MBProgress (2): 1.8/12 MB | 0/2.1 MBProgress (2): 1.8/12 MB | 0/2.1 MBProgress (2): 1.8/12 MB | 0/2.1 MBProgress (2): 1.8/12 MB | 0/2.1 MBProgress (2): 1.8/12 MB | 0/2.1 MBProgress (2): 1.8/12 MB | 0/2.1 MBProgress (2): 1.8/12 MB | 0/2.1 MBProgress (2): 1.9/12 MB | 0/2.1 MBProgress (3): 1.9/12 MB | 0/2.1 MB | 7.7/20 kBProgress (3): 1.9/12 MB | 0/2.1 MB | 15/20 kB Progress (3): 1.9/12 MB | 0/2.1 MB | 15/20 kBProgress (3): 1.9/12 MB | 0.1/2.1 MB | 15/20 kBProgress (3): 1.9/12 MB | 0.1/2.1 MB | 15/20 kBProgress (3): 1.9/12 MB | 0.1/2.1 MB | 15/20 kBProgress (3): 1.9/12 MB | 0.1/2.1 MB | 20 kB   Progress (3): 1.9/12 MB | 0.1/2.1 MB | 20 kBProgress (3): 1.9/12 MB | 0.1/2.1 MB | 20 kBProgress (3): 1.9/12 MB | 0.1/2.1 MB | 20 kB                                            Downloaded from central: https://repo.maven.apache.org/maven2/com/google/code/findbugs/jsr305/3.0.2/jsr305-3.0.2.jar (20 kB at 18 kB/s)
Progress (2): 2.0/12 MB | 0.1/2.1 MBProgress (2): 2.0/12 MB | 0.1/2.1 MBProgress (2): 2.0/12 MB | 0.1/2.1 MBProgress (2): 2.0/12 MB | 0.1/2.1 MBProgress (2): 2.0/12 MB | 0.1/2.1 MBProgress (2): 2.0/12 MB | 0.1/2.1 MBProgress (2): 2.0/12 MB | 0.1/2.1 MBProgress (2): 2.0/12 MB | 0.1/2.1 MBProgress (2): 2.0/12 MB | 0.1/2.1 MBProgress (2): 2.0/12 MB | 0.2/2.1 MBProgress (2): 2.0/12 MB | 0.2/2.1 MBProgress (2): 2.0/12 MB | 0.2/2.1 MBProgress (2): 2.1/12 MB | 0.2/2.1 MBProgress (2): 2.1/12 MB | 0.2/2.1 MBProgress (2): 2.1/12 MB | 0.2/2.1 MBProgress (2): 2.1/12 MB | 0.2/2.1 MBProgress (2): 2.1/12 MB | 0.2/2.1 MBProgress (2): 2.1/12 MB | 0.2/2.1 MBProgress (2): 2.1/12 MB | 0.2/2.1 MBProgress (2): 2.1/12 MB | 0.2/2.1 MBProgress (2): 2.1/12 MB | 0.2/2.1 MBProgress (2): 2.1/12 MB | 0.2/2.1 MBProgress (2): 2.1/12 MB | 0.2/2.1 MBProgress (2): 2.1/12 MB | 0.3/2.1 MBProgress (2): 2.2/12 MB | 0.3/2.1 MBProgress (2): 2.2/12 MB | 0.3/2.1 MBProgress (2): 2.2/12 MB | 0.3/2.1 MBProgress (2): 2.2/12 MB | 0.3/2.1 MBProgress (2): 2.2/12 MB | 0.3/2.1 MBProgress (2): 2.2/12 MB | 0.3/2.1 MBProgress (2): 2.2/12 MB | 0.3/2.1 MBProgress (2): 2.2/12 MB | 0.3/2.1 MBProgress (2): 2.2/12 MB | 0.3/2.1 MBProgress (2): 2.2/12 MB | 0.3/2.1 MBProgress (2): 2.2/12 MB | 0.3/2.1 MBProgress (2): 2.2/12 MB | 0.3/2.1 MBProgress (2): 2.2/12 MB | 0.4/2.1 MBProgress (2): 2.3/12 MB | 0.4/2.1 MBProgress (2): 2.3/12 MB | 0.4/2.1 MBProgress (2): 2.3/12 MB | 0.4/2.1 MBProgress (2): 2.3/12 MB | 0.4/2.1 MBProgress (2): 2.3/12 MB | 0.4/2.1 MBProgress (2): 2.3/12 MB | 0.4/2.1 MBProgress (2): 2.3/12 MB | 0.4/2.1 MBProgress (2): 2.4/12 MB | 0.4/2.1 MBProgress (2): 2.4/12 MB | 0.4/2.1 MBProgress (2): 2.4/12 MB | 0.4/2.1 MBProgress (2): 2.4/12 MB | 0.4/2.1 MBProgress (2): 2.4/12 MB | 0.4/2.1 MBProgress (2): 2.4/12 MB | 0.4/2.1 MBProgress (2): 2.4/12 MB | 0.4/2.1 MBProgress (2): 2.4/12 MB | 0.4/2.1 MBProgress (2): 2.4/12 MB | 0.4/2.1 MBProgress (2): 2.4/12 MB | 0.4/2.1 MBProgress (2): 2.5/12 MB | 0.4/2.1 MBProgress (2): 2.5/12 MB | 0.4/2.1 MBProgress (2): 2.5/12 MB | 0.4/2.1 MBProgress (2): 2.5/12 MB | 0.4/2.1 MBProgress (2): 2.5/12 MB | 0.4/2.1 MBProgress (2): 2.5/12 MB | 0.4/2.1 MBProgress (2): 2.5/12 MB | 0.4/2.1 MBProgress (2): 2.5/12 MB | 0.5/2.1 MBProgress (2): 2.5/12 MB | 0.5/2.1 MBProgress (2): 2.6/12 MB | 0.5/2.1 MBProgress (2): 2.6/12 MB | 0.5/2.1 MBProgress (2): 2.6/12 MB | 0.5/2.1 MBProgress (2): 2.6/12 MB | 0.5/2.1 MBProgress (2): 2.6/12 MB | 0.5/2.1 MBProgress (2): 2.6/12 MB | 0.5/2.1 MBProgress (2): 2.6/12 MB | 0.5/2.1 MBProgress (2): 2.6/12 MB | 0.5/2.1 MBProgress (2): 2.6/12 MB | 0.5/2.1 MBProgress (2): 2.6/12 MB | 0.5/2.1 MBProgress (2): 2.7/12 MB | 0.5/2.1 MBProgress (2): 2.7/12 MB | 0.5/2.1 MBProgress (2): 2.7/12 MB | 0.5/2.1 MBProgress (2): 2.7/12 MB | 0.6/2.1 MBProgress (2): 2.7/12 MB | 0.6/2.1 MBProgress (2): 2.7/12 MB | 0.6/2.1 MBProgress (2): 2.7/12 MB | 0.6/2.1 MBProgress (2): 2.7/12 MB | 0.6/2.1 MBProgress (2): 2.7/12 MB | 0.6/2.1 MBProgress (2): 2.7/12 MB | 0.6/2.1 MBProgress (2): 2.8/12 MB | 0.6/2.1 MBProgress (2): 2.8/12 MB | 0.6/2.1 MBProgress (2): 2.8/12 MB | 0.6/2.1 MBProgress (2): 2.8/12 MB | 0.6/2.1 MBProgress (2): 2.8/12 MB | 0.6/2.1 MBProgress (2): 2.8/12 MB | 0.6/2.1 MBProgress (2): 2.8/12 MB | 0.6/2.1 MBProgress (2): 2.8/12 MB | 0.6/2.1 MBProgress (2): 2.9/12 MB | 0.6/2.1 MBProgress (2): 2.9/12 MB | 0.6/2.1 MBProgress (2): 2.9/12 MB | 0.6/2.1 MBProgress (2): 2.9/12 MB | 0.6/2.1 MBProgress (2): 2.9/12 MB | 0.6/2.1 MBProgress (2): 2.9/12 MB | 0.7/2.1 MBProgress (2): 2.9/12 MB | 0.7/2.1 MBProgress (2): 2.9/12 MB | 0.7/2.1 MBProgress (2): 2.9/12 MB | 0.7/2.1 MBProgress (2): 3.0/12 MB | 0.7/2.1 MBProgress (2): 3.0/12 MB | 0.7/2.1 MBProgress (2): 3.0/12 MB | 0.7/2.1 MBProgress (2): 3.0/12 MB | 0.7/2.1 MBProgress (2): 3.0/12 MB | 0.7/2.1 MBProgress (2): 3.0/12 MB | 0.7/2.1 MBProgress (2): 3.0/12 MB | 0.7/2.1 MBProgress (2): 3.0/12 MB | 0.7/2.1 MBProgress (2): 3.0/12 MB | 0.7/2.1 MBProgress (2): 3.0/12 MB | 0.7/2.1 MBProgress (2): 3.0/12 MB | 0.8/2.1 MBProgress (2): 3.1/12 MB | 0.8/2.1 MBProgress (2): 3.1/12 MB | 0.8/2.1 MBProgress (2): 3.1/12 MB | 0.8/2.1 MBProgress (2): 3.1/12 MB | 0.8/2.1 MBProgress (2): 3.1/12 MB | 0.8/2.1 MBProgress (2): 3.1/12 MB | 0.8/2.1 MBProgress (2): 3.1/12 MB | 0.8/2.1 MBProgress (2): 3.1/12 MB | 0.8/2.1 MBProgress (2): 3.1/12 MB | 0.8/2.1 MBProgress (2): 3.1/12 MB | 0.8/2.1 MBProgress (2): 3.1/12 MB | 0.8/2.1 MBProgress (2): 3.2/12 MB | 0.8/2.1 MBProgress (2): 3.2/12 MB | 0.9/2.1 MBProgress (2): 3.2/12 MB | 0.9/2.1 MBProgress (2): 3.2/12 MB | 0.9/2.1 MBProgress (2): 3.2/12 MB | 0.9/2.1 MBProgress (2): 3.2/12 MB | 0.9/2.1 MBProgress (2): 3.2/12 MB | 0.9/2.1 MBProgress (2): 3.2/12 MB | 0.9/2.1 MBProgress (2): 3.2/12 MB | 0.9/2.1 MBProgress (2): 3.2/12 MB | 0.9/2.1 MBProgress (2): 3.2/12 MB | 0.9/2.1 MBProgress (2): 3.2/12 MB | 0.9/2.1 MBProgress (2): 3.3/12 MB | 0.9/2.1 MBProgress (2): 3.3/12 MB | 1.0/2.1 MBProgress (2): 3.3/12 MB | 1.0/2.1 MBProgress (2): 3.3/12 MB | 1.0/2.1 MBProgress (2): 3.3/12 MB | 1.0/2.1 MBProgress (2): 3.3/12 MB | 1.0/2.1 MBProgress (2): 3.3/12 MB | 1.0/2.1 MBProgress (2): 3.3/12 MB | 1.0/2.1 MBProgress (2): 3.3/12 MB | 1.0/2.1 MBProgress (2): 3.3/12 MB | 1.0/2.1 MBProgress (2): 3.3/12 MB | 1.0/2.1 MBProgress (2): 3.3/12 MB | 1.1/2.1 MBProgress (2): 3.3/12 MB | 1.1/2.1 MBProgress (2): 3.3/12 MB | 1.1/2.1 MBProgress (2): 3.3/12 MB | 1.1/2.1 MBProgress (2): 3.3/12 MB | 1.1/2.1 MBProgress (2): 3.3/12 MB | 1.1/2.1 MBProgress (2): 3.4/12 MB | 1.1/2.1 MBProgress (2): 3.4/12 MB | 1.1/2.1 MBProgress (2): 3.4/12 MB | 1.1/2.1 MBProgress (2): 3.4/12 MB | 1.2/2.1 MBProgress (2): 3.4/12 MB | 1.2/2.1 MBProgress (2): 3.4/12 MB | 1.2/2.1 MBProgress (2): 3.4/12 MB | 1.2/2.1 MBProgress (2): 3.4/12 MB | 1.2/2.1 MBProgress (2): 3.4/12 MB | 1.2/2.1 MBProgress (2): 3.4/12 MB | 1.2/2.1 MBProgress (2): 3.4/12 MB | 1.2/2.1 MBProgress (2): 3.4/12 MB | 1.2/2.1 MBProgress (2): 3.4/12 MB | 1.2/2.1 MBProgress (2): 3.5/12 MB | 1.2/2.1 MBProgress (2): 3.5/12 MB | 1.2/2.1 MBProgress (2): 3.5/12 MB | 1.2/2.1 MBProgress (2): 3.5/12 MB | 1.3/2.1 MBProgress (2): 3.5/12 MB | 1.3/2.1 MBProgress (2): 3.5/12 MB | 1.3/2.1 MBProgress (2): 3.5/12 MB | 1.3/2.1 MBProgress (2): 3.5/12 MB | 1.3/2.1 MBProgress (2): 3.5/12 MB | 1.3/2.1 MBProgress (2): 3.5/12 MB | 1.3/2.1 MBProgress (2): 3.5/12 MB | 1.3/2.1 MBProgress (2): 3.5/12 MB | 1.3/2.1 MBProgress (2): 3.5/12 MB | 1.3/2.1 MBProgress (2): 3.6/12 MB | 1.3/2.1 MBProgress (2): 3.6/12 MB | 1.3/2.1 MBProgress (2): 3.6/12 MB | 1.4/2.1 MBProgress (2): 3.6/12 MB | 1.4/2.1 MBProgress (2): 3.6/12 MB | 1.4/2.1 MBProgress (2): 3.6/12 MB | 1.4/2.1 MBProgress (2): 3.6/12 MB | 1.4/2.1 MBProgress (2): 3.6/12 MB | 1.4/2.1 MBProgress (2): 3.6/12 MB | 1.4/2.1 MBProgress (2): 3.7/12 MB | 1.4/2.1 MBProgress (2): 3.7/12 MB | 1.4/2.1 MBProgress (2): 3.7/12 MB | 1.4/2.1 MBProgress (2): 3.7/12 MB | 1.4/2.1 MBProgress (2): 3.7/12 MB | 1.4/2.1 MBProgress (2): 3.7/12 MB | 1.4/2.1 MBProgress (2): 3.7/12 MB | 1.4/2.1 MBProgress (2): 3.7/12 MB | 1.5/2.1 MBProgress (2): 3.7/12 MB | 1.5/2.1 MBProgress (2): 3.7/12 MB | 1.5/2.1 MBProgress (2): 3.7/12 MB | 1.5/2.1 MBProgress (2): 3.7/12 MB | 1.5/2.1 MBProgress (2): 3.7/12 MB | 1.5/2.1 MBProgress (2): 3.7/12 MB | 1.5/2.1 MBProgress (2): 3.7/12 MB | 1.5/2.1 MBProgress (2): 3.7/12 MB | 1.5/2.1 MBProgress (2): 3.8/12 MB | 1.5/2.1 MBProgress (2): 3.8/12 MB | 1.5/2.1 MBProgress (2): 3.8/12 MB | 1.6/2.1 MBProgress (2): 3.8/12 MB | 1.6/2.1 MBProgress (2): 3.8/12 MB | 1.6/2.1 MBProgress (2): 3.8/12 MB | 1.6/2.1 MBProgress (2): 3.8/12 MB | 1.6/2.1 MBProgress (2): 3.8/12 MB | 1.6/2.1 MBProgress (2): 3.8/12 MB | 1.6/2.1 MBProgress (2): 3.9/12 MB | 1.6/2.1 MBProgress (2): 3.9/12 MB | 1.6/2.1 MBProgress (2): 3.9/12 MB | 1.6/2.1 MBProgress (2): 3.9/12 MB | 1.6/2.1 MBProgress (2): 3.9/12 MB | 1.6/2.1 MBProgress (2): 3.9/12 MB | 1.6/2.1 MBProgress (2): 3.9/12 MB | 1.6/2.1 MBProgress (2): 3.9/12 MB | 1.6/2.1 MBProgress (2): 4.0/12 MB | 1.6/2.1 MBProgress (2): 4.0/12 MB | 1.6/2.1 MBProgress (2): 4.0/12 MB | 1.6/2.1 MBProgress (2): 4.0/12 MB | 1.6/2.1 MBProgress (2): 4.0/12 MB | 1.6/2.1 MBProgress (2): 4.0/12 MB | 1.7/2.1 MBProgress (2): 4.0/12 MB | 1.7/2.1 MBProgress (2): 4.0/12 MB | 1.7/2.1 MBProgress (2): 4.0/12 MB | 1.7/2.1 MBProgress (2): 4.0/12 MB | 1.7/2.1 MBProgress (2): 4.1/12 MB | 1.7/2.1 MBProgress (2): 4.1/12 MB | 1.7/2.1 MBProgress (2): 4.1/12 MB | 1.7/2.1 MBProgress (2): 4.1/12 MB | 1.7/2.1 MBProgress (2): 4.1/12 MB | 1.7/2.1 MBProgress (2): 4.1/12 MB | 1.8/2.1 MBProgress (2): 4.1/12 MB | 1.8/2.1 MBProgress (2): 4.1/12 MB | 1.8/2.1 MBProgress (2): 4.1/12 MB | 1.8/2.1 MBProgress (2): 4.1/12 MB | 1.8/2.1 MBProgress (2): 4.1/12 MB | 1.8/2.1 MBProgress (2): 4.1/12 MB | 1.8/2.1 MBProgress (2): 4.1/12 MB | 1.8/2.1 MBProgress (2): 4.1/12 MB | 1.8/2.1 MBProgress (2): 4.2/12 MB | 1.8/2.1 MBProgress (2): 4.2/12 MB | 1.8/2.1 MBProgress (2): 4.2/12 MB | 1.8/2.1 MBProgress (2): 4.2/12 MB | 1.8/2.1 MBProgress (2): 4.2/12 MB | 1.8/2.1 MBProgress (2): 4.2/12 MB | 1.9/2.1 MBProgress (2): 4.2/12 MB | 1.9/2.1 MBProgress (2): 4.2/12 MB | 1.9/2.1 MBProgress (2): 4.2/12 MB | 1.9/2.1 MBProgress (2): 4.2/12 MB | 1.9/2.1 MBProgress (2): 4.3/12 MB | 1.9/2.1 MBProgress (2): 4.3/12 MB | 1.9/2.1 MBProgress (2): 4.3/12 MB | 1.9/2.1 MBProgress (2): 4.3/12 MB | 1.9/2.1 MBProgress (2): 4.3/12 MB | 1.9/2.1 MBProgress (2): 4.3/12 MB | 1.9/2.1 MBProgress (2): 4.3/12 MB | 1.9/2.1 MBProgress (2): 4.3/12 MB | 1.9/2.1 MBProgress (2): 4.3/12 MB | 1.9/2.1 MBProgress (2): 4.3/12 MB | 2.0/2.1 MBProgress (2): 4.3/12 MB | 2.0/2.1 MBProgress (2): 4.4/12 MB | 2.0/2.1 MBProgress (2): 4.4/12 MB | 2.0/2.1 MBProgress (2): 4.4/12 MB | 2.0/2.1 MBProgress (2): 4.4/12 MB | 2.0/2.1 MBProgress (2): 4.4/12 MB | 2.0/2.1 MBProgress (2): 4.4/12 MB | 2.0/2.1 MBProgress (2): 4.4/12 MB | 2.0/2.1 MBProgress (2): 4.4/12 MB | 2.0/2.1 MBProgress (2): 4.4/12 MB | 2.0/2.1 MBProgress (2): 4.4/12 MB | 2.0/2.1 MBProgress (2): 4.4/12 MB | 2.0/2.1 MBProgress (2): 4.4/12 MB | 2.1/2.1 MBProgress (2): 4.4/12 MB | 2.1/2.1 MBProgress (2): 4.4/12 MB | 2.1/2.1 MBProgress (2): 4.4/12 MB | 2.1/2.1 MBProgress (2): 4.5/12 MB | 2.1/2.1 MBProgress (2): 4.5/12 MB | 2.1/2.1 MBProgress (2): 4.5/12 MB | 2.1/2.1 MBProgress (2): 4.5/12 MB | 2.1/2.1 MBProgress (2): 4.5/12 MB | 2.1 MB    Progress (2): 4.5/12 MB | 2.1 MB                                Downloaded from central: https://repo.maven.apache.org/maven2/com/github/librepdf/openpdf/1.3.30/openpdf-1.3.30.jar (2.1 MB at 1.4 MB/s)
Progress (1): 4.5/12 MBProgress (1): 4.5/12 MBProgress (1): 4.5/12 MBProgress (1): 4.6/12 MBProgress (1): 4.6/12 MBProgress (1): 4.6/12 MBProgress (1): 4.6/12 MBProgress (1): 4.6/12 MBProgress (1): 4.6/12 MBProgress (1): 4.7/12 MBProgress (1): 4.7/12 MBProgress (1): 4.7/12 MBProgress (1): 4.7/12 MBProgress (1): 4.7/12 MBProgress (1): 4.7/12 MBProgress (1): 4.7/12 MBProgress (1): 4.8/12 MBProgress (1): 4.8/12 MBProgress (1): 4.8/12 MBProgress (1): 4.8/12 MBProgress (1): 4.8/12 MBProgress (1): 4.8/12 MBProgress (1): 4.9/12 MBProgress (1): 4.9/12 MBProgress (1): 4.9/12 MBProgress (1): 4.9/12 MBProgress (1): 4.9/12 MBProgress (1): 4.9/12 MBProgress (1): 5.0/12 MBProgress (1): 5.0/12 MBProgress (1): 5.0/12 MBProgress (1): 5.0/12 MBProgress (1): 5.0/12 MBProgress (1): 5.0/12 MBProgress (1): 5.1/12 MBProgress (1): 5.1/12 MBProgress (1): 5.1/12 MBProgress (1): 5.1/12 MBProgress (1): 5.1/12 MBProgress (1): 5.1/12 MBProgress (1): 5.2/12 MBProgress (1): 5.2/12 MBProgress (1): 5.2/12 MBProgress (1): 5.2/12 MBProgress (1): 5.2/12 MBProgress (1): 5.2/12 MBProgress (1): 5.2/12 MBProgress (1): 5.3/12 MBProgress (1): 5.3/12 MBProgress (1): 5.3/12 MBProgress (1): 5.3/12 MBProgress (1): 5.3/12 MBProgress (1): 5.3/12 MBProgress (1): 5.3/12 MBProgress (1): 5.4/12 MBProgress (1): 5.4/12 MBProgress (1): 5.4/12 MBProgress (1): 5.4/12 MBProgress (1): 5.4/12 MBProgress (1): 5.4/12 MBProgress (1): 5.4/12 MBProgress (1): 5.5/12 MBProgress (1): 5.5/12 MBProgress (1): 5.5/12 MBProgress (1): 5.5/12 MBProgress (1): 5.5/12 MBProgress (1): 5.5/12 MBProgress (1): 5.6/12 MBProgress (1): 5.6/12 MBProgress (1): 5.6/12 MBProgress (1): 5.6/12 MBProgress (1): 5.6/12 MBProgress (1): 5.6/12 MBProgress (1): 5.6/12 MBProgress (1): 5.6/12 MBProgress (1): 5.7/12 MBProgress (1): 5.7/12 MBProgress (1): 5.7/12 MBProgress (1): 5.7/12 MBProgress (1): 5.7/12 MBProgress (1): 5.7/12 MBProgress (1): 5.8/12 MBProgress (1): 5.8/12 MBProgress (1): 5.8/12 MBProgress (1): 5.8/12 MBProgress (1): 5.8/12 MBProgress (1): 5.8/12 MBProgress (1): 5.8/12 MBProgress (1): 5.9/12 MBProgress (1): 5.9/12 MBProgress (1): 5.9/12 MBProgress (1): 5.9/12 MBProgress (1): 5.9/12 MBProgress (1): 5.9/12 MBProgress (1): 6.0/12 MBProgress (1): 6.0/12 MBProgress (1): 6.0/12 MBProgress (1): 6.0/12 MBProgress (1): 6.0/12 MBProgress (1): 6.0/12 MBProgress (1): 6.1/12 MBProgress (1): 6.1/12 MBProgress (1): 6.1/12 MBProgress (1): 6.1/12 MBProgress (1): 6.1/12 MBProgress (1): 6.1/12 MBProgress (1): 6.2/12 MBProgress (1): 6.2/12 MBProgress (1): 6.2/12 MBProgress (1): 6.2/12 MBProgress (1): 6.2/12 MBProgress (1): 6.2/12 MBProgress (1): 6.3/12 MBProgress (1): 6.3/12 MBProgress (1): 6.3/12 MBProgress (1): 6.3/12 MBProgress (1): 6.3/12 MBProgress (1): 6.3/12 MBProgress (1): 6.4/12 MBProgress (1): 6.4/12 MBProgress (1): 6.4/12 MBProgress (1): 6.4/12 MBProgress (1): 6.4/12 MBProgress (1): 6.4/12 MBProgress (1): 6.5/12 MBProgress (1): 6.5/12 MBProgress (1): 6.5/12 MBProgress (1): 6.5/12 MBProgress (1): 6.5/12 MBProgress (1): 6.5/12 MBProgress (1): 6.6/12 MBProgress (1): 6.6/12 MBProgress (1): 6.6/12 MBProgress (1): 6.6/12 MBProgress (1): 6.6/12 MBProgress (1): 6.6/12 MBProgress (1): 6.6/12 MBProgress (1): 6.7/12 MBProgress (1): 6.7/12 MBProgress (1): 6.7/12 MBProgress (1): 6.7/12 MBProgress (1): 6.7/12 MBProgress (1): 6.7/12 MBProgress (1): 6.8/12 MBProgress (1): 6.8/12 MBProgress (1): 6.8/12 MBProgress (1): 6.8/12 MBProgress (1): 6.8/12 MBProgress (1): 6.8/12 MBProgress (1): 6.9/12 MBProgress (1): 6.9/12 MBProgress (1): 6.9/12 MBProgress (1): 6.9/12 MBProgress (1): 6.9/12 MBProgress (1): 6.9/12 MBProgress (1): 7.0/12 MBProgress (1): 7.0/12 MBProgress (1): 7.0/12 MBProgress (1): 7.0/12 MBProgress (1): 7.0/12 MBProgress (1): 7.0/12 MBProgress (1): 7.1/12 MBProgress (1): 7.1/12 MBProgress (1): 7.1/12 MBProgress (1): 7.1/12 MBProgress (1): 7.1/12 MBProgress (1): 7.1/12 MBProgress (1): 7.2/12 MBProgress (1): 7.2/12 MBProgress (1): 7.2/12 MBProgress (1): 7.2/12 MBProgress (1): 7.2/12 MBProgress (1): 7.2/12 MBProgress (1): 7.3/12 MBProgress (1): 7.3/12 MBProgress (1): 7.3/12 MBProgress (1): 7.3/12 MBProgress (1): 7.3/12 MBProgress (1): 7.3/12 MBProgress (1): 7.4/12 MBProgress (1): 7.4/12 MBProgress (1): 7.4/12 MBProgress (1): 7.4/12 MBProgress (1): 7.4/12 MBProgress (1): 7.4/12 MBProgress (1): 7.5/12 MBProgress (1): 7.5/12 MBProgress (1): 7.5/12 MBProgress (1): 7.5/12 MBProgress (1): 7.5/12 MBProgress (1): 7.5/12 MBProgress (1): 7.6/12 MBProgress (1): 7.6/12 MBProgress (1): 7.6/12 MBProgress (1): 7.6/12 MBProgress (1): 7.6/12 MBProgress (1): 7.6/12 MBProgress (1): 7.6/12 MBProgress (1): 7.7/12 MBProgress (1): 7.7/12 MBProgress (1): 7.7/12 MBProgress (1): 7.7/12 MBProgress (1): 7.7/12 MBProgress (1): 7.7/12 MBProgress (1): 7.8/12 MBProgress (1): 7.8/12 MBProgress (1): 7.8/12 MBProgress (1): 7.8/12 MBProgress (1): 7.8/12 MBProgress (1): 7.8/12 MBProgress (1): 7.9/12 MBProgress (1): 7.9/12 MBProgress (1): 7.9/12 MBProgress (1): 7.9/12 MBProgress (1): 7.9/12 MBProgress (1): 7.9/12 MBProgress (1): 8.0/12 MBProgress (1): 8.0/12 MBProgress (1): 8.0/12 MBProgress (1): 8.0/12 MBProgress (1): 8.0/12 MBProgress (1): 8.0/12 MBProgress (1): 8.1/12 MBProgress (1): 8.1/12 MBProgress (1): 8.1/12 MBProgress (1): 8.1/12 MBProgress (1): 8.1/12 MBProgress (1): 8.1/12 MBProgress (1): 8.1/12 MBProgress (1): 8.2/12 MBProgress (1): 8.2/12 MBProgress (1): 8.2/12 MBProgress (1): 8.2/12 MBProgress (1): 8.2/12 MBProgress (1): 8.2/12 MBProgress (1): 8.3/12 MBProgress (1): 8.3/12 MBProgress (1): 8.3/12 MBProgress (1): 8.3/12 MBProgress (1): 8.3/12 MBProgress (1): 8.3/12 MBProgress (1): 8.4/12 MBProgress (1): 8.4/12 MBProgress (1): 8.4/12 MBProgress (1): 8.4/12 MBProgress (1): 8.4/12 MBProgress (1): 8.4/12 MBProgress (1): 8.5/12 MBProgress (1): 8.5/12 MBProgress (1): 8.5/12 MBProgress (1): 8.5/12 MBProgress (1): 8.5/12 MBProgress (1): 8.5/12 MBProgress (1): 8.6/12 MBProgress (1): 8.6/12 MBProgress (1): 8.6/12 MBProgress (1): 8.6/12 MBProgress (1): 8.6/12 MBProgress (1): 8.6/12 MBProgress (1): 8.7/12 MBProgress (1): 8.7/12 MBProgress (1): 8.7/12 MBProgress (1): 8.7/12 MBProgress (1): 8.7/12 MBProgress (1): 8.7/12 MBProgress (1): 8.8/12 MBProgress (1): 8.8/12 MBProgress (1): 8.8/12 MBProgress (1): 8.8/12 MBProgress (1): 8.8/12 MBProgress (1): 8.8/12 MBProgress (1): 8.9/12 MBProgress (1): 8.9/12 MBProgress (1): 8.9/12 MBProgress (1): 8.9/12 MBProgress (1): 8.9/12 MBProgress (1): 8.9/12 MBProgress (1): 8.9/12 MBProgress (1): 9.0/12 MBProgress (1): 9.0/12 MBProgress (1): 9.0/12 MBProgress (1): 9.0/12 MBProgress (1): 9.0/12 MBProgress (1): 9.0/12 MBProgress (1): 9.1/12 MBProgress (1): 9.1/12 MBProgress (1): 9.1/12 MBProgress (1): 9.1/12 MBProgress (1): 9.1/12 MBProgress (1): 9.1/12 MBProgress (1): 9.2/12 MBProgress (1): 9.2/12 MBProgress (1): 9.2/12 MBProgress (1): 9.2/12 MBProgress (1): 9.2/12 MBProgress (1): 9.2/12 MBProgress (1): 9.3/12 MBProgress (1): 9.3/12 MBProgress (1): 9.3/12 MBProgress (1): 9.3/12 MBProgress (1): 9.3/12 MBProgress (1): 9.3/12 MBProgress (1): 9.4/12 MBProgress (1): 9.4/12 MBProgress (1): 9.4/12 MBProgress (1): 9.4/12 MBProgress (1): 9.4/12 MBProgress (1): 9.4/12 MBProgress (1): 9.5/12 MBProgress (1): 9.5/12 MBProgress (1): 9.5/12 MBProgress (1): 9.5/12 MBProgress (1): 9.5/12 MBProgress (1): 9.5/12 MBProgress (1): 9.6/12 MBProgress (1): 9.6/12 MBProgress (1): 9.6/12 MBProgress (1): 9.6/12 MBProgress (1): 9.6/12 MBProgress (1): 9.6/12 MBProgress (1): 9.7/12 MBProgress (1): 9.7/12 MBProgress (1): 9.7/12 MBProgress (1): 9.7/12 MBProgress (1): 9.7/12 MBProgress (1): 9.7/12 MBProgress (1): 9.8/12 MBProgress (1): 9.8/12 MBProgress (1): 9.8/12 MBProgress (1): 9.8/12 MBProgress (1): 9.8/12 MBProgress (1): 9.8/12 MBProgress (1): 9.9/12 MBProgress (1): 9.9/12 MBProgress (1): 9.9/12 MBProgress (1): 9.9/12 MBProgress (1): 9.9/12 MBProgress (1): 9.9/12 MBProgress (1): 9.9/12 MBProgress (1): 10.0/12 MBProgress (1): 10.0/12 MBProgress (1): 10.0/12 MBProgress (1): 10/12 MB  Progress (1): 10/12 MBProgress (1): 10/12 MBProgress (1): 10/12 MBProgress (1): 10/12 MBProgress (1): 10/12 MBProgress (1): 10/12 MBProgress (1): 10/12 MBProgress (1): 10/12 MBProgress (1): 10/12 MBProgress (1): 10/12 MBProgress (1): 10/12 MBProgress (1): 10/12 MBProgress (1): 10/12 MBProgress (1): 10/12 MBProgress (1): 10/12 MBProgress (1): 10/12 MBProgress (1): 10/12 MBProgress (1): 10/12 MBProgress (1): 10/12 MBProgress (1): 10/12 MBProgress (1): 10/12 MBProgress (1): 10/12 MBProgress (1): 10/12 MBProgress (1): 10/12 MBProgress (1): 10/12 MBProgress (1): 10/12 MBProgress (1): 10/12 MBProgress (1): 10/12 MBProgress (1): 10/12 MBProgress (1): 11/12 MBProgress (1): 11/12 MBProgress (1): 11/12 MBProgress (1): 11/12 MBProgress (1): 11/12 MBProgress (1): 11/12 MBProgress (1): 11/12 MBProgress (1): 11/12 MBProgress (1): 11/12 MBProgress (1): 11/12 MBProgress (1): 11/12 MBProgress (1): 11/12 MBProgress (1): 11/12 MBProgress (1): 11/12 MBProgress (1): 11/12 MBProgress (1): 11/12 MBProgress (1): 11/12 MBProgress (1): 11/12 MBProgress (1): 11/12 MBProgress (1): 11/12 MBProgress (1): 11/12 MBProgress (1): 11/12 MBProgress (1): 11/12 MBProgress (1): 11/12 MBProgress (1): 11/12 MBProgress (1): 11/12 MBProgress (1): 11/12 MBProgress (1): 11/12 MBProgress (1): 11/12 MBProgress (1): 11/12 MBProgress (1): 11/12 MBProgress (1): 11/12 MBProgress (1): 11/12 MBProgress (1): 11/12 MBProgress (1): 11/12 MBProgress (1): 11/12 MBProgress (1): 11/12 MBProgress (1): 11/12 MBProgress (1): 11/12 MBProgress (1): 11/12 MBProgress (1): 11/12 MBProgress (1): 11/12 MBProgress (1): 11/12 MBProgress (1): 11/12 MBProgress (1): 11/12 MBProgress (1): 11/12 MBProgress (1): 11/12 MBProgress (1): 11/12 MBProgress (1): 11/12 MBProgress (1): 11/12 MBProgress (1): 11/12 MBProgress (1): 11/12 MBProgress (1): 11/12 MBProgress (1): 11/12 MBProgress (1): 11/12 MBProgress (1): 11/12 MBProgress (1): 11/12 MBProgress (1): 11/12 MBProgress (1): 11/12 MBProgress (1): 11/12 MBProgress (1): 11/12 MBProgress (1): 12/12 MBProgress (1): 12/12 MBProgress (1): 12/12 MBProgress (1): 12/12 MBProgress (1): 12/12 MBProgress (1): 12 MB                      Downloaded from central: https://repo.maven.apache.org/maven2/org/hibernate/orm/hibernate-core/6.4.4.Final/hibernate-core-6.4.4.Final.jar (12 MB at 4.4 MB/s)
[INFO] 
[INFO] --- clean:3.3.2:clean (default-clean) @ infrastructure ---
[INFO] Deleting /app/infrastructure/target
[INFO] 
[INFO] --- resources:3.3.1:resources (default-resources) @ infrastructure ---
[INFO] Copying 0 resource from src/main/resources to target/classes
[INFO] Copying 10 resources from src/main/resources to target/classes
[INFO] 
[INFO] --- compiler:3.11.0:compile (default-compile) @ infrastructure ---
[INFO] Changes detected - recompiling the module! :dependency
[INFO] Compiling 27 source files with javac [debug release 21] to target/classes
[INFO] 
[INFO] -------------------------< com.restaurant:api >-------------------------
[INFO] Building api 1.0.0-SNAPSHOT                                        [5/5]
[INFO]   from api/pom.xml
[INFO] --------------------------------[ jar ]---------------------------------
Downloading from central: https://repo.maven.apache.org/maven2/org/springframework/boot/spring-boot-maven-plugin/3.2.5/spring-boot-maven-plugin-3.2.5.pom
Progress (1): 980 BProgress (1): 4.2 kB                    Downloaded from central: https://repo.maven.apache.org/maven2/org/springframework/boot/spring-boot-maven-plugin/3.2.5/spring-boot-maven-plugin-3.2.5.pom (4.2 kB at 37 kB/s)
Downloading from central: https://repo.maven.apache.org/maven2/org/springframework/boot/spring-boot-maven-plugin/3.2.5/spring-boot-maven-plugin-3.2.5.jar
Progress (1): 7.7/135 kBProgress (1): 8.2/135 kBProgress (1): 25/135 kB Progress (1): 41/135 kBProgress (1): 57/135 kBProgress (1): 74/135 kBProgress (1): 90/135 kBProgress (1): 106/135 kBProgress (1): 123/135 kBProgress (1): 135 kB                        Downloaded from central: https://repo.maven.apache.org/maven2/org/springframework/boot/spring-boot-maven-plugin/3.2.5/spring-boot-maven-plugin-3.2.5.jar (135 kB at 1.0 MB/s)
Downloading from central: https://repo.maven.apache.org/maven2/org/springframework/boot/spring-boot-starter-web/3.2.5/spring-boot-starter-web-3.2.5.pom
Progress (1): 926 BProgress (1): 2.9 kB                    Downloaded from central: https://repo.maven.apache.org/maven2/org/springframework/boot/spring-boot-starter-web/3.2.5/spring-boot-starter-web-3.2.5.pom (2.9 kB at 27 kB/s)
Downloading from central: https://repo.maven.apache.org/maven2/org/springframework/boot/spring-boot-starter-json/3.2.5/spring-boot-starter-json-3.2.5.pom
Progress (1): 965 BProgress (1): 3.1 kB                    Downloaded from central: https://repo.maven.apache.org/maven2/org/springframework/boot/spring-boot-starter-json/3.2.5/spring-boot-starter-json-3.2.5.pom (3.1 kB at 26 kB/s)
Downloading from central: https://repo.maven.apache.org/maven2/com/fasterxml/jackson/datatype/jackson-datatype-jdk8/2.15.4/jackson-datatype-jdk8-2.15.4.pom
Progress (1): 1.0 kBProgress (1): 2.6 kB                    Downloaded from central: https://repo.maven.apache.org/maven2/com/fasterxml/jackson/datatype/jackson-datatype-jdk8/2.15.4/jackson-datatype-jdk8-2.15.4.pom (2.6 kB at 24 kB/s)
Downloading from central: https://repo.maven.apache.org/maven2/com/fasterxml/jackson/module/jackson-modules-java8/2.15.4/jackson-modules-java8-2.15.4.pom
Progress (1): 1.4 kBProgress (1): 3.1 kB                    Downloaded from central: https://repo.maven.apache.org/maven2/com/fasterxml/jackson/module/jackson-modules-java8/2.15.4/jackson-modules-java8-2.15.4.pom (3.1 kB at 32 kB/s)
Downloading from central: https://repo.maven.apache.org/maven2/com/fasterxml/jackson/datatype/jackson-datatype-jsr310/2.15.4/jackson-datatype-jsr310-2.15.4.pom
Progress (1): 983 BProgress (1): 2.4 kBProgress (1): 4.6 kBProgress (1): 4.9 kB                    Downloaded from central: https://repo.maven.apache.org/maven2/com/fasterxml/jackson/datatype/jackson-datatype-jsr310/2.15.4/jackson-datatype-jsr310-2.15.4.pom (4.9 kB at 44 kB/s)
Downloading from central: https://repo.maven.apache.org/maven2/com/fasterxml/jackson/module/jackson-module-parameter-names/2.15.4/jackson-module-parameter-names-2.15.4.pom
Progress (1): 973 BProgress (1): 2.9 kBProgress (1): 4.4 kB                    Downloaded from central: https://repo.maven.apache.org/maven2/com/fasterxml/jackson/module/jackson-module-parameter-names/2.15.4/jackson-module-parameter-names-2.15.4.pom (4.4 kB at 45 kB/s)
Downloading from central: https://repo.maven.apache.org/maven2/org/springframework/boot/spring-boot-starter-tomcat/3.2.5/spring-boot-starter-tomcat-3.2.5.pom
Progress (1): 972 BProgress (1): 3.1 kB                    Downloaded from central: https://repo.maven.apache.org/maven2/org/springframework/boot/spring-boot-starter-tomcat/3.2.5/spring-boot-starter-tomcat-3.2.5.pom (3.1 kB at 32 kB/s)
Downloading from central: https://repo.maven.apache.org/maven2/org/apache/tomcat/embed/tomcat-embed-core/10.1.20/tomcat-embed-core-10.1.20.pom
Progress (1): 843 BProgress (1): 1.7 kB                    Downloaded from central: https://repo.maven.apache.org/maven2/org/apache/tomcat/embed/tomcat-embed-core/10.1.20/tomcat-embed-core-10.1.20.pom (1.7 kB at 16 kB/s)
Downloading from central: https://repo.maven.apache.org/maven2/org/apache/tomcat/embed/tomcat-embed-el/10.1.20/tomcat-embed-el-10.1.20.pom
Progress (1): 843 BProgress (1): 1.5 kB                    Downloaded from central: https://repo.maven.apache.org/maven2/org/apache/tomcat/embed/tomcat-embed-el/10.1.20/tomcat-embed-el-10.1.20.pom (1.5 kB at 14 kB/s)
Downloading from central: https://repo.maven.apache.org/maven2/org/apache/tomcat/embed/tomcat-embed-websocket/10.1.20/tomcat-embed-websocket-10.1.20.pom
Progress (1): 842 BProgress (1): 1.7 kB                    Downloaded from central: https://repo.maven.apache.org/maven2/org/apache/tomcat/embed/tomcat-embed-websocket/10.1.20/tomcat-embed-websocket-10.1.20.pom (1.7 kB at 13 kB/s)
Downloading from central: https://repo.maven.apache.org/maven2/org/springframework/spring-webmvc/6.1.6/spring-webmvc-6.1.6.pom
Progress (1): 1.0 kBProgress (1): 2.9 kB                    Downloaded from central: https://repo.maven.apache.org/maven2/org/springframework/spring-webmvc/6.1.6/spring-webmvc-6.1.6.pom (2.9 kB at 27 kB/s)
Downloading from central: https://repo.maven.apache.org/maven2/org/springframework/boot/spring-boot-starter-validation/3.2.5/spring-boot-starter-validation-3.2.5.pom
Progress (1): 984 BProgress (1): 2.5 kB                    Downloaded from central: https://repo.maven.apache.org/maven2/org/springframework/boot/spring-boot-starter-validation/3.2.5/spring-boot-starter-validation-3.2.5.pom (2.5 kB at 26 kB/s)
Downloading from central: https://repo.maven.apache.org/maven2/org/hibernate/validator/hibernate-validator/8.0.1.Final/hibernate-validator-8.0.1.Final.pom
Progress (1): 973 BProgress (1): 3.1 kBProgress (1): 6.2 kBProgress (1): 9.0 kBProgress (1): 13 kB Progress (1): 15 kB                   Downloaded from central: https://repo.maven.apache.org/maven2/org/hibernate/validator/hibernate-validator/8.0.1.Final/hibernate-validator-8.0.1.Final.pom (15 kB at 150 kB/s)
Downloading from central: https://repo.maven.apache.org/maven2/org/hibernate/validator/hibernate-validator-parent/8.0.1.Final/hibernate-validator-parent-8.0.1.Final.pom
Progress (1): 885 BProgress (1): 3.5 kBProgress (1): 5.4 kBProgress (1): 7.5 kBProgress (1): 9.6 kBProgress (1): 12 kB Progress (1): 14 kBProgress (1): 16 kBProgress (1): 18 kBProgress (1): 24 kBProgress (1): 31 kBProgress (1): 35 kBProgress (1): 38 kBProgress (1): 41 kBProgress (1): 47 kBProgress (1): 48 kBProgress (1): 52 kBProgress (1): 56 kBProgress (1): 60 kBProgress (1): 67 kBProgress (1): 70 kBProgress (1): 73 kBProgress (1): 78 kBProgress (1): 81 kBProgress (1): 81 kB                   Downloaded from central: https://repo.maven.apache.org/maven2/org/hibernate/validator/hibernate-validator-parent/8.0.1.Final/hibernate-validator-parent-8.0.1.Final.pom (81 kB at 617 kB/s)
Downloading from central: https://repo.maven.apache.org/maven2/org/jboss/arquillian/arquillian-bom/1.7.0.Alpha10/arquillian-bom-1.7.0.Alpha10.pom
Progress (1): 1.0 kBProgress (1): 6.7 kBProgress (1): 10 kB                    Downloaded from central: https://repo.maven.apache.org/maven2/org/jboss/arquillian/arquillian-bom/1.7.0.Alpha10/arquillian-bom-1.7.0.Alpha10.pom (10 kB at 107 kB/s)
Downloading from central: https://repo.maven.apache.org/maven2/org/jboss/shrinkwrap/shrinkwrap-bom/1.2.6/shrinkwrap-bom-1.2.6.pom
Progress (1): 986 BProgress (1): 4.0 kB                    Downloaded from central: https://repo.maven.apache.org/maven2/org/jboss/shrinkwrap/shrinkwrap-bom/1.2.6/shrinkwrap-bom-1.2.6.pom (4.0 kB at 41 kB/s)
Downloading from central: https://repo.maven.apache.org/maven2/org/jboss/shrinkwrap/resolver/shrinkwrap-resolver-bom/3.1.4/shrinkwrap-resolver-bom-3.1.4.pom
Progress (1): 975 BProgress (1): 5.5 kBProgress (1): 7.0 kB                    Downloaded from central: https://repo.maven.apache.org/maven2/org/jboss/shrinkwrap/resolver/shrinkwrap-resolver-bom/3.1.4/shrinkwrap-resolver-bom-3.1.4.pom (7.0 kB at 74 kB/s)
Downloading from central: https://repo.maven.apache.org/maven2/org/apache/maven/maven/3.6.3/maven-3.6.3.pom
Progress (1): 710 BProgress (1): 1.9 kBProgress (1): 3.5 kBProgress (1): 5.5 kBProgress (1): 11 kB Progress (1): 16 kBProgress (1): 20 kBProgress (1): 23 kBProgress (1): 26 kBProgress (1): 26 kB                   Downloaded from central: https://repo.maven.apache.org/maven2/org/apache/maven/maven/3.6.3/maven-3.6.3.pom (26 kB at 267 kB/s)
Downloading from central: https://repo.maven.apache.org/maven2/org/apache/maven/maven-parent/33/maven-parent-33.pom
Progress (1): 717 BProgress (1): 1.9 kBProgress (1): 5.4 kBProgress (1): 9.9 kBProgress (1): 14 kB Progress (1): 19 kBProgress (1): 23 kBProgress (1): 26 kBProgress (1): 27 kBProgress (1): 30 kBProgress (1): 34 kBProgress (1): 36 kBProgress (1): 39 kBProgress (1): 44 kB                   Downloaded from central: https://repo.maven.apache.org/maven2/org/apache/maven/maven-parent/33/maven-parent-33.pom (44 kB at 437 kB/s)
Downloading from central: https://repo.maven.apache.org/maven2/org/apache/apache/21/apache-21.pom
Progress (1): 753 BProgress (1): 2.1 kBProgress (1): 3.9 kBProgress (1): 8.3 kBProgress (1): 13 kB Progress (1): 16 kBProgress (1): 17 kB                   Downloaded from central: https://repo.maven.apache.org/maven2/org/apache/apache/21/apache-21.pom (17 kB at 178 kB/s)
Downloading from central: https://repo.maven.apache.org/maven2/org/jboss/shrinkwrap/descriptors/shrinkwrap-descriptors-bom/2.0.0/shrinkwrap-descriptors-bom-2.0.0.pom
Progress (1): 1.1 kBProgress (1): 5.2 kBProgress (1): 5.2 kB                    Downloaded from central: https://repo.maven.apache.org/maven2/org/jboss/shrinkwrap/descriptors/shrinkwrap-descriptors-bom/2.0.0/shrinkwrap-descriptors-bom-2.0.0.pom (5.2 kB at 49 kB/s)
Downloading from central: https://repo.maven.apache.org/maven2/jakarta/validation/jakarta.validation-api/3.0.2/jakarta.validation-api-3.0.2.pom
Progress (1): 1.0 kBProgress (1): 3.7 kBProgress (1): 6.2 kBProgress (1): 9.4 kBProgress (1): 11 kB                    Downloaded from central: https://repo.maven.apache.org/maven2/jakarta/validation/jakarta.validation-api/3.0.2/jakarta.validation-api-3.0.2.pom (11 kB at 112 kB/s)
Downloading from central: https://repo.maven.apache.org/maven2/org/mapstruct/mapstruct/1.5.5.Final/mapstruct-1.5.5.Final.pom
Progress (1): 1.1 kBProgress (1): 1.8 kB                    Downloaded from central: https://repo.maven.apache.org/maven2/org/mapstruct/mapstruct/1.5.5.Final/mapstruct-1.5.5.Final.pom (1.8 kB at 19 kB/s)
Downloading from central: https://repo.maven.apache.org/maven2/com/bucket4j/bucket4j-core/8.10.1/bucket4j-core-8.10.1.pom
Progress (1): 1.2 kBProgress (1): 2.1 kB                    Downloaded from central: https://repo.maven.apache.org/maven2/com/bucket4j/bucket4j-core/8.10.1/bucket4j-core-8.10.1.pom (2.1 kB at 22 kB/s)
Downloading from central: https://repo.maven.apache.org/maven2/org/springframework/boot/spring-boot-starter-actuator/3.2.5/spring-boot-starter-actuator-3.2.5.pom
Progress (1): 952 BProgress (1): 2.8 kB                    Downloaded from central: https://repo.maven.apache.org/maven2/org/springframework/boot/spring-boot-starter-actuator/3.2.5/spring-boot-starter-actuator-3.2.5.pom (2.8 kB at 28 kB/s)
Downloading from central: https://repo.maven.apache.org/maven2/org/springframework/boot/spring-boot-actuator-autoconfigure/3.2.5/spring-boot-actuator-autoconfigure-3.2.5.pom
Progress (1): 993 BProgress (1): 2.9 kB                    Downloaded from central: https://repo.maven.apache.org/maven2/org/springframework/boot/spring-boot-actuator-autoconfigure/3.2.5/spring-boot-actuator-autoconfigure-3.2.5.pom (2.9 kB at 29 kB/s)
Downloading from central: https://repo.maven.apache.org/maven2/org/springframework/boot/spring-boot-actuator/3.2.5/spring-boot-actuator-3.2.5.pom
Progress (1): 1.0 kBProgress (1): 2.0 kB                    Downloaded from central: https://repo.maven.apache.org/maven2/org/springframework/boot/spring-boot-actuator/3.2.5/spring-boot-actuator-3.2.5.pom (2.0 kB at 22 kB/s)
Downloading from central: https://repo.maven.apache.org/maven2/io/micrometer/micrometer-jakarta9/1.12.5/micrometer-jakarta9-1.12.5.pom
Progress (1): 1.1 kBProgress (1): 3.4 kBProgress (1): 3.8 kB                    Downloaded from central: https://repo.maven.apache.org/maven2/io/micrometer/micrometer-jakarta9/1.12.5/micrometer-jakarta9-1.12.5.pom (3.8 kB at 38 kB/s)
Downloading from central: https://repo.maven.apache.org/maven2/io/micrometer/micrometer-registry-prometheus/1.12.5/micrometer-registry-prometheus-1.12.5.pom
Progress (1): 1.1 kBProgress (1): 3.1 kBProgress (1): 3.4 kB                    Downloaded from central: https://repo.maven.apache.org/maven2/io/micrometer/micrometer-registry-prometheus/1.12.5/micrometer-registry-prometheus-1.12.5.pom (3.4 kB at 37 kB/s)
Downloading from central: https://repo.maven.apache.org/maven2/io/prometheus/simpleclient_common/0.16.0/simpleclient_common-0.16.0.pom
Progress (1): 1.2 kBProgress (1): 1.6 kB                    Downloaded from central: https://repo.maven.apache.org/maven2/io/prometheus/simpleclient_common/0.16.0/simpleclient_common-0.16.0.pom (1.6 kB at 9.0 kB/s)
Downloading from central: https://repo.maven.apache.org/maven2/io/prometheus/simpleclient/0.16.0/simpleclient-0.16.0.pom
Progress (1): 1.2 kBProgress (1): 2.2 kB                    Downloaded from central: https://repo.maven.apache.org/maven2/io/prometheus/simpleclient/0.16.0/simpleclient-0.16.0.pom (2.2 kB at 18 kB/s)
Downloading from central: https://repo.maven.apache.org/maven2/io/prometheus/simpleclient_tracer_otel/0.16.0/simpleclient_tracer_otel-0.16.0.pom
Progress (1): 1.3 kBProgress (1): 1.5 kB                    Downloaded from central: https://repo.maven.apache.org/maven2/io/prometheus/simpleclient_tracer_otel/0.16.0/simpleclient_tracer_otel-0.16.0.pom (1.5 kB at 15 kB/s)
Downloading from central: https://repo.maven.apache.org/maven2/io/prometheus/simpleclient_tracer/0.16.0/simpleclient_tracer-0.16.0.pom
Progress (1): 1.2 kB                    Downloaded from central: https://repo.maven.apache.org/maven2/io/prometheus/simpleclient_tracer/0.16.0/simpleclient_tracer-0.16.0.pom (1.2 kB at 6.6 kB/s)
Downloading from central: https://repo.maven.apache.org/maven2/io/prometheus/simpleclient_tracer_common/0.16.0/simpleclient_tracer_common-0.16.0.pom
Progress (1): 839 B                   Downloaded from central: https://repo.maven.apache.org/maven2/io/prometheus/simpleclient_tracer_common/0.16.0/simpleclient_tracer_common-0.16.0.pom (839 B at 8.3 kB/s)
Downloading from central: https://repo.maven.apache.org/maven2/io/prometheus/simpleclient_tracer_otel_agent/0.16.0/simpleclient_tracer_otel_agent-0.16.0.pom
Progress (1): 1.3 kBProgress (1): 2.4 kB                    Downloaded from central: https://repo.maven.apache.org/maven2/io/prometheus/simpleclient_tracer_otel_agent/0.16.0/simpleclient_tracer_otel_agent-0.16.0.pom (2.4 kB at 22 kB/s)
Downloading from central: https://repo.maven.apache.org/maven2/net/logstash/logback/logstash-logback-encoder/7.4/logstash-logback-encoder-7.4.pom
Progress (1): 1.0 kBProgress (1): 3.6 kBProgress (1): 5.2 kB                    Downloaded from central: https://repo.maven.apache.org/maven2/net/logstash/logback/logstash-logback-encoder/7.4/logstash-logback-encoder-7.4.pom (5.2 kB at 37 kB/s)
Downloading from central: https://repo.maven.apache.org/maven2/org/springframework/boot/spring-boot-testcontainers/3.2.5/spring-boot-testcontainers-3.2.5.pom
Progress (1): 1.0 kBProgress (1): 2.3 kB                    Downloaded from central: https://repo.maven.apache.org/maven2/org/springframework/boot/spring-boot-testcontainers/3.2.5/spring-boot-testcontainers-3.2.5.pom (2.3 kB at 24 kB/s)
Downloading from central: https://repo.maven.apache.org/maven2/org/testcontainers/testcontainers/1.19.7/testcontainers-1.19.7.pom
Progress (1): 1.3 kBProgress (1): 2.6 kB                    Downloaded from central: https://repo.maven.apache.org/maven2/org/testcontainers/testcontainers/1.19.7/testcontainers-1.19.7.pom (2.6 kB at 27 kB/s)
Downloading from central: https://repo.maven.apache.org/maven2/junit/junit/4.13.2/junit-4.13.2.pom
Progress (1): 1.0 kBProgress (1): 3.3 kBProgress (1): 5.1 kBProgress (1): 7.2 kBProgress (1): 9.8 kBProgress (1): 13 kB Progress (1): 16 kBProgress (1): 21 kBProgress (1): 26 kBProgress (1): 27 kB                   Downloaded from central: https://repo.maven.apache.org/maven2/junit/junit/4.13.2/junit-4.13.2.pom (27 kB at 262 kB/s)
Downloading from central: https://repo.maven.apache.org/maven2/org/hamcrest/hamcrest-core/2.2/hamcrest-core-2.2.pom
Progress (1): 1.3 kBProgress (1): 1.4 kB                    Downloaded from central: https://repo.maven.apache.org/maven2/org/hamcrest/hamcrest-core/2.2/hamcrest-core-2.2.pom (1.4 kB at 5.4 kB/s)
Downloading from central: https://repo.maven.apache.org/maven2/org/apache/commons/commons-compress/1.24.0/commons-compress-1.24.0.pom
Progress (1): 753 BProgress (1): 1.9 kBProgress (1): 3.5 kBProgress (1): 6.5 kBProgress (1): 9.4 kBProgress (1): 11 kB Progress (1): 14 kBProgress (1): 17 kBProgress (1): 22 kBProgress (1): 22 kB                   Downloaded from central: https://repo.maven.apache.org/maven2/org/apache/commons/commons-compress/1.24.0/commons-compress-1.24.0.pom (22 kB at 131 kB/s)
Downloading from central: https://repo.maven.apache.org/maven2/org/apache/commons/commons-parent/61/commons-parent-61.pom
Progress (1): 707 BProgress (1): 1.9 kBProgress (1): 3.1 kBProgress (1): 4.6 kBProgress (1): 6.6 kBProgress (1): 8.5 kBProgress (1): 10 kB Progress (1): 13 kBProgress (1): 15 kBProgress (1): 18 kBProgress (1): 20 kBProgress (1): 23 kBProgress (1): 25 kBProgress (1): 29 kBProgress (1): 32 kBProgress (1): 32 kBProgress (1): 36 kBProgress (1): 41 kBProgress (1): 44 kBProgress (1): 46 kBProgress (1): 49 kBProgress (1): 51 kBProgress (1): 56 kBProgress (1): 58 kBProgress (1): 60 kBProgress (1): 64 kBProgress (1): 67 kBProgress (1): 71 kBProgress (1): 74 kBProgress (1): 77 kBProgress (1): 81 kB                   Downloaded from central: https://repo.maven.apache.org/maven2/org/apache/commons/commons-parent/61/commons-parent-61.pom (81 kB at 313 kB/s)
Downloading from central: https://repo.maven.apache.org/maven2/org/rnorth/duct-tape/duct-tape/1.0.8/duct-tape-1.0.8.pom
Progress (1): 1.0 kBProgress (1): 4.6 kBProgress (1): 6.2 kB                    Downloaded from central: https://repo.maven.apache.org/maven2/org/rnorth/duct-tape/duct-tape/1.0.8/duct-tape-1.0.8.pom (6.2 kB at 58 kB/s)
Downloading from central: https://repo.maven.apache.org/maven2/org/jetbrains/annotations/17.0.0/annotations-17.0.0.pom
Progress (1): 1.3 kBProgress (1): 1.4 kB                    Downloaded from central: https://repo.maven.apache.org/maven2/org/jetbrains/annotations/17.0.0/annotations-17.0.0.pom (1.4 kB at 14 kB/s)
Downloading from central: https://repo.maven.apache.org/maven2/com/github/docker-java/docker-java-api/3.3.6/docker-java-api-3.3.6.pom
Progress (1): 1.4 kBProgress (1): 2.4 kB                    Downloaded from central: https://repo.maven.apache.org/maven2/com/github/docker-java/docker-java-api/3.3.6/docker-java-api-3.3.6.pom (2.4 kB at 25 kB/s)
Downloading from central: https://repo.maven.apache.org/maven2/com/github/docker-java/docker-java-parent/3.3.6/docker-java-parent-3.3.6.pom
Progress (1): 1.1 kBProgress (1): 2.8 kBProgress (1): 5.7 kBProgress (1): 8.8 kBProgress (1): 12 kB Progress (1): 12 kB                   Downloaded from central: https://repo.maven.apache.org/maven2/com/github/docker-java/docker-java-parent/3.3.6/docker-java-parent-3.3.6.pom (12 kB at 125 kB/s)
Downloading from central: https://repo.maven.apache.org/maven2/com/github/docker-java/docker-java-transport-zerodep/3.3.6/docker-java-transport-zerodep-3.3.6.pom
Progress (1): 1.4 kBProgress (1): 4.1 kB                    Downloaded from central: https://repo.maven.apache.org/maven2/com/github/docker-java/docker-java-transport-zerodep/3.3.6/docker-java-transport-zerodep-3.3.6.pom (4.1 kB at 31 kB/s)
Downloading from central: https://repo.maven.apache.org/maven2/com/github/docker-java/docker-java-transport/3.3.6/docker-java-transport-3.3.6.pom
Progress (1): 1.4 kBProgress (1): 1.6 kB                    Downloaded from central: https://repo.maven.apache.org/maven2/com/github/docker-java/docker-java-transport/3.3.6/docker-java-transport-3.3.6.pom (1.6 kB at 13 kB/s)
Downloading from central: https://repo.maven.apache.org/maven2/net/java/dev/jna/jna/5.13.0/jna-5.13.0.pom
Progress (1): 1.4 kBProgress (1): 2.0 kB                    Downloaded from central: https://repo.maven.apache.org/maven2/net/java/dev/jna/jna/5.13.0/jna-5.13.0.pom (2.0 kB at 12 kB/s)
Downloading from central: https://repo.maven.apache.org/maven2/org/testcontainers/junit-jupiter/1.19.7/junit-jupiter-1.19.7.pom
Progress (1): 1.3 kBProgress (1): 1.5 kB                    Downloaded from central: https://repo.maven.apache.org/maven2/org/testcontainers/junit-jupiter/1.19.7/junit-jupiter-1.19.7.pom (1.5 kB at 15 kB/s)
Downloading from central: https://repo.maven.apache.org/maven2/org/testcontainers/postgresql/1.19.7/postgresql-1.19.7.pom
Progress (1): 1.3 kBProgress (1): 1.5 kB                    Downloaded from central: https://repo.maven.apache.org/maven2/org/testcontainers/postgresql/1.19.7/postgresql-1.19.7.pom (1.5 kB at 15 kB/s)
Downloading from central: https://repo.maven.apache.org/maven2/org/testcontainers/jdbc/1.19.7/jdbc-1.19.7.pom
Progress (1): 1.3 kBProgress (1): 1.5 kB                    Downloaded from central: https://repo.maven.apache.org/maven2/org/testcontainers/jdbc/1.19.7/jdbc-1.19.7.pom (1.5 kB at 13 kB/s)
Downloading from central: https://repo.maven.apache.org/maven2/org/testcontainers/database-commons/1.19.7/database-commons-1.19.7.pom
Progress (1): 1.3 kBProgress (1): 1.5 kB                    Downloaded from central: https://repo.maven.apache.org/maven2/org/testcontainers/database-commons/1.19.7/database-commons-1.19.7.pom (1.5 kB at 11 kB/s)
Downloading from central: https://repo.maven.apache.org/maven2/com/tngtech/archunit/archunit-junit5/1.3.0/archunit-junit5-1.3.0.pom
Progress (1): 1.0 kBProgress (1): 2.1 kB                    Downloaded from central: https://repo.maven.apache.org/maven2/com/tngtech/archunit/archunit-junit5/1.3.0/archunit-junit5-1.3.0.pom (2.1 kB at 17 kB/s)
Downloading from central: https://repo.maven.apache.org/maven2/com/tngtech/archunit/archunit-junit5-api/1.3.0/archunit-junit5-api-1.3.0.pom
Progress (1): 1.0 kBProgress (1): 1.9 kB                    Downloaded from central: https://repo.maven.apache.org/maven2/com/tngtech/archunit/archunit-junit5-api/1.3.0/archunit-junit5-api-1.3.0.pom (1.9 kB at 17 kB/s)
Downloading from central: https://repo.maven.apache.org/maven2/com/tngtech/archunit/archunit/1.3.0/archunit-1.3.0.pom
Progress (1): 1.1 kBProgress (1): 2.0 kB                    Downloaded from central: https://repo.maven.apache.org/maven2/com/tngtech/archunit/archunit/1.3.0/archunit-1.3.0.pom (2.0 kB at 19 kB/s)
Downloading from central: https://repo.maven.apache.org/maven2/com/tngtech/archunit/archunit-junit5-engine/1.3.0/archunit-junit5-engine-1.3.0.pom
Progress (1): 1.0 kBProgress (1): 2.2 kB                    Downloaded from central: https://repo.maven.apache.org/maven2/com/tngtech/archunit/archunit-junit5-engine/1.3.0/archunit-junit5-engine-1.3.0.pom (2.2 kB at 19 kB/s)
Downloading from central: https://repo.maven.apache.org/maven2/com/tngtech/archunit/archunit-junit5-engine-api/1.3.0/archunit-junit5-engine-api-1.3.0.pom
Progress (1): 1.0 kBProgress (1): 1.9 kB                    Downloaded from central: https://repo.maven.apache.org/maven2/com/tngtech/archunit/archunit-junit5-engine-api/1.3.0/archunit-junit5-engine-api-1.3.0.pom (1.9 kB at 16 kB/s)
Downloading from central: https://repo.maven.apache.org/maven2/org/springframework/boot/spring-boot-starter-web/3.2.5/spring-boot-starter-web-3.2.5.jar
Progress (1): 4.8 kB                    Downloaded from central: https://repo.maven.apache.org/maven2/org/springframework/boot/spring-boot-starter-web/3.2.5/spring-boot-starter-web-3.2.5.jar (4.8 kB at 44 kB/s)
Downloading from central: https://repo.maven.apache.org/maven2/org/springframework/boot/spring-boot-starter-json/3.2.5/spring-boot-starter-json-3.2.5.jar
Downloading from central: https://repo.maven.apache.org/maven2/com/fasterxml/jackson/datatype/jackson-datatype-jdk8/2.15.4/jackson-datatype-jdk8-2.15.4.jar
Downloading from central: https://repo.maven.apache.org/maven2/com/fasterxml/jackson/datatype/jackson-datatype-jsr310/2.15.4/jackson-datatype-jsr310-2.15.4.jar
Downloading from central: https://repo.maven.apache.org/maven2/org/springframework/boot/spring-boot-starter-tomcat/3.2.5/spring-boot-starter-tomcat-3.2.5.jar
Downloading from central: https://repo.maven.apache.org/maven2/com/fasterxml/jackson/module/jackson-module-parameter-names/2.15.4/jackson-module-parameter-names-2.15.4.jar
Progress (1): 4.8 kBProgress (2): 4.8 kB | 7.7/36 kBProgress (2): 4.8 kB | 8.2/36 kBProgress (3): 4.8 kB | 8.2/36 kB | 3.2/10 kBProgress (4): 4.8 kB | 8.2/36 kB | 3.2/10 kB | 7.7/123 kBProgress (4): 4.8 kB | 8.2/36 kB | 3.2/10 kB | 16/123 kB Progress (4): 4.8 kB | 8.2/36 kB | 3.2/10 kB | 29/123 kBProgress (4): 4.8 kB | 8.2/36 kB | 3.2/10 kB | 45/123 kBProgress (5): 4.8 kB | 8.2/36 kB | 3.2/10 kB | 45/123 kB | 4.7 kBProgress (5): 4.8 kB | 8.2/36 kB | 10 kB | 45/123 kB | 4.7 kB    Progress (5): 4.8 kB | 25/36 kB | 10 kB | 45/123 kB | 4.7 kB Progress (5): 4.8 kB | 36 kB | 10 kB | 45/123 kB | 4.7 kB                                                            Downloaded from central: https://repo.maven.apache.org/maven2/org/springframework/boot/spring-boot-starter-tomcat/3.2.5/spring-boot-starter-tomcat-3.2.5.jar (4.8 kB at 34 kB/s)
Downloaded from central: https://repo.maven.apache.org/maven2/com/fasterxml/jackson/datatype/jackson-datatype-jdk8/2.15.4/jackson-datatype-jdk8-2.15.4.jar (36 kB at 251 kB/s)
Downloaded from central: https://repo.maven.apache.org/maven2/org/springframework/boot/spring-boot-starter-json/3.2.5/spring-boot-starter-json-3.2.5.jar (4.7 kB at 32 kB/s)
Downloading from central: https://repo.maven.apache.org/maven2/org/springframework/spring-webmvc/6.1.6/spring-webmvc-6.1.6.jar
Downloaded from central: https://repo.maven.apache.org/maven2/com/fasterxml/jackson/module/jackson-module-parameter-names/2.15.4/jackson-module-parameter-names-2.15.4.jar (10 kB at 70 kB/s)
Progress (1): 61/123 kB                       Downloading from central: https://repo.maven.apache.org/maven2/org/springframework/boot/spring-boot-starter-validation/3.2.5/spring-boot-starter-validation-3.2.5.jar
Downloading from central: https://repo.maven.apache.org/maven2/org/apache/tomcat/embed/tomcat-embed-websocket/10.1.20/tomcat-embed-websocket-10.1.20.jar
Downloading from central: https://repo.maven.apache.org/maven2/org/apache/tomcat/embed/tomcat-embed-core/10.1.20/tomcat-embed-core-10.1.20.jar
Progress (1): 78/123 kBProgress (1): 94/123 kBProgress (1): 111/123 kBProgress (1): 123 kB                        Downloaded from central: https://repo.maven.apache.org/maven2/com/fasterxml/jackson/datatype/jackson-datatype-jsr310/2.15.4/jackson-datatype-jsr310-2.15.4.jar (123 kB at 719 kB/s)
Downloading from central: https://repo.maven.apache.org/maven2/org/apache/tomcat/embed/tomcat-embed-el/10.1.20/tomcat-embed-el-10.1.20.jar
Progress (1): 4.8 kB                    Downloaded from central: https://repo.maven.apache.org/maven2/org/springframework/boot/spring-boot-starter-validation/3.2.5/spring-boot-starter-validation-3.2.5.jar (4.8 kB at 21 kB/s)
Progress (1): 7.7/282 kBProgress (2): 7.7/282 kB | 0/3.5 MBProgress (3): 7.7/282 kB | 0/3.5 MB | 0/1.0 MBProgress (3): 7.7/282 kB | 0/3.5 MB | 0/1.0 MBProgress (3): 7.7/282 kB | 0/3.5 MB | 0/1.0 MBProgress (3): 7.7/282 kB | 0/3.5 MB | 0/1.0 MBProgress (3): 8.2/282 kB | 0/3.5 MB | 0/1.0 MB                                              Downloading from central: https://repo.maven.apache.org/maven2/org/hibernate/validator/hibernate-validator/8.0.1.Final/hibernate-validator-8.0.1.Final.jar
Progress (3): 25/282 kB | 0/3.5 MB | 0/1.0 MBProgress (3): 25/282 kB | 0/3.5 MB | 0/1.0 MBProgress (3): 25/282 kB | 0/3.5 MB | 0/1.0 MBProgress (3): 41/282 kB | 0/3.5 MB | 0/1.0 MBProgress (4): 41/282 kB | 0/3.5 MB | 0/1.0 MB | 7.7/261 kBProgress (4): 41/282 kB | 0.1/3.5 MB | 0/1.0 MB | 7.7/261 kBProgress (4): 57/282 kB | 0.1/3.5 MB | 0/1.0 MB | 7.7/261 kBProgress (4): 57/282 kB | 0.1/3.5 MB | 0/1.0 MB | 7.7/261 kBProgress (4): 57/282 kB | 0.1/3.5 MB | 0.1/1.0 MB | 7.7/261 kBProgress (4): 57/282 kB | 0.1/3.5 MB | 0.1/1.0 MB | 7.7/261 kBProgress (4): 57/282 kB | 0.1/3.5 MB | 0.1/1.0 MB | 7.7/261 kBProgress (4): 57/282 kB | 0.1/3.5 MB | 0.1/1.0 MB | 16/261 kB Progress (4): 57/282 kB | 0.1/3.5 MB | 0.1/1.0 MB | 16/261 kBProgress (4): 57/282 kB | 0.1/3.5 MB | 0.1/1.0 MB | 16/261 kBProgress (4): 57/282 kB | 0.1/3.5 MB | 0.1/1.0 MB | 16/261 kBProgress (4): 57/282 kB | 0.1/3.5 MB | 0.1/1.0 MB | 16/261 kBProgress (4): 57/282 kB | 0.1/3.5 MB | 0.1/1.0 MB | 16/261 kBProgress (4): 57/282 kB | 0.1/3.5 MB | 0.1/1.0 MB | 16/261 kBProgress (4): 57/282 kB | 0.2/3.5 MB | 0.1/1.0 MB | 16/261 kBProgress (4): 57/282 kB | 0.2/3.5 MB | 0.1/1.0 MB | 16/261 kBProgress (4): 66/282 kB | 0.2/3.5 MB | 0.1/1.0 MB | 16/261 kBProgress (4): 66/282 kB | 0.2/3.5 MB | 0.1/1.0 MB | 16/261 kBProgress (4): 66/282 kB | 0.2/3.5 MB | 0.1/1.0 MB | 16/261 kBProgress (4): 66/282 kB | 0.2/3.5 MB | 0.1/1.0 MB | 32/261 kBProgress (4): 66/282 kB | 0.2/3.5 MB | 0.1/1.0 MB | 32/261 kBProgress (4): 66/282 kB | 0.2/3.5 MB | 0.1/1.0 MB | 32/261 kBProgress (4): 66/282 kB | 0.2/3.5 MB | 0.2/1.0 MB | 32/261 kBProgress (4): 66/282 kB | 0.2/3.5 MB | 0.2/1.0 MB | 32/261 kBProgress (4): 66/282 kB | 0.2/3.5 MB | 0.2/1.0 MB | 32/261 kBProgress (4): 66/282 kB | 0.2/3.5 MB | 0.2/1.0 MB | 32/261 kBProgress (4): 66/282 kB | 0.2/3.5 MB | 0.2/1.0 MB | 32/261 kBProgress (4): 82/282 kB | 0.2/3.5 MB | 0.2/1.0 MB | 32/261 kBProgress (4): 82/282 kB | 0.2/3.5 MB | 0.2/1.0 MB | 32/261 kBProgress (4): 82/282 kB | 0.2/3.5 MB | 0.2/1.0 MB | 32/261 kBProgress (4): 82/282 kB | 0.2/3.5 MB | 0.2/1.0 MB | 32/261 kBProgress (4): 82/282 kB | 0.2/3.5 MB | 0.2/1.0 MB | 32/261 kBProgress (4): 82/282 kB | 0.2/3.5 MB | 0.2/1.0 MB | 48/261 kBProgress (4): 82/282 kB | 0.2/3.5 MB | 0.2/1.0 MB | 48/261 kBProgress (4): 82/282 kB | 0.3/3.5 MB | 0.2/1.0 MB | 48/261 kBProgress (4): 82/282 kB | 0.3/3.5 MB | 0.2/1.0 MB | 48/261 kBProgress (4): 98/282 kB | 0.3/3.5 MB | 0.2/1.0 MB | 48/261 kBProgress (4): 115/282 kB | 0.3/3.5 MB | 0.2/1.0 MB | 48/261 kBProgress (4): 115/282 kB | 0.3/3.5 MB | 0.2/1.0 MB | 48/261 kBProgress (4): 115/282 kB | 0.3/3.5 MB | 0.3/1.0 MB | 48/261 kBProgress (4): 115/282 kB | 0.3/3.5 MB | 0.3/1.0 MB | 48/261 kBProgress (4): 115/282 kB | 0.3/3.5 MB | 0.3/1.0 MB | 48/261 kBProgress (4): 115/282 kB | 0.3/3.5 MB | 0.3/1.0 MB | 65/261 kBProgress (4): 115/282 kB | 0.3/3.5 MB | 0.3/1.0 MB | 65/261 kBProgress (4): 115/282 kB | 0.3/3.5 MB | 0.3/1.0 MB | 65/261 kBProgress (4): 115/282 kB | 0.3/3.5 MB | 0.3/1.0 MB | 65/261 kBProgress (4): 115/282 kB | 0.3/3.5 MB | 0.3/1.0 MB | 65/261 kBProgress (4): 115/282 kB | 0.3/3.5 MB | 0.3/1.0 MB | 65/261 kBProgress (4): 115/282 kB | 0.3/3.5 MB | 0.3/1.0 MB | 65/261 kBProgress (4): 131/282 kB | 0.3/3.5 MB | 0.3/1.0 MB | 65/261 kBProgress (4): 147/282 kB | 0.3/3.5 MB | 0.3/1.0 MB | 65/261 kBProgress (4): 147/282 kB | 0.3/3.5 MB | 0.3/1.0 MB | 81/261 kBProgress (4): 147/282 kB | 0.3/3.5 MB | 0.3/1.0 MB | 97/261 kBProgress (4): 147/282 kB | 0.3/3.5 MB | 0.3/1.0 MB | 97/261 kBProgress (4): 147/282 kB | 0.3/3.5 MB | 0.3/1.0 MB | 97/261 kBProgress (4): 147/282 kB | 0.4/3.5 MB | 0.3/1.0 MB | 97/261 kBProgress (4): 147/282 kB | 0.4/3.5 MB | 0.3/1.0 MB | 97/261 kBProgress (4): 147/282 kB | 0.4/3.5 MB | 0.3/1.0 MB | 114/261 kBProgress (4): 147/282 kB | 0.4/3.5 MB | 0.3/1.0 MB | 130/261 kBProgress (4): 159/282 kB | 0.4/3.5 MB | 0.3/1.0 MB | 130/261 kBProgress (4): 159/282 kB | 0.4/3.5 MB | 0.3/1.0 MB | 130/261 kBProgress (4): 159/282 kB | 0.4/3.5 MB | 0.4/1.0 MB | 130/261 kBProgress (4): 159/282 kB | 0.4/3.5 MB | 0.4/1.0 MB | 130/261 kBProgress (4): 159/282 kB | 0.4/3.5 MB | 0.4/1.0 MB | 130/261 kBProgress (4): 176/282 kB | 0.4/3.5 MB | 0.4/1.0 MB | 130/261 kBProgress (4): 176/282 kB | 0.4/3.5 MB | 0.4/1.0 MB | 147/261 kBProgress (4): 176/282 kB | 0.4/3.5 MB | 0.4/1.0 MB | 163/261 kBProgress (4): 176/282 kB | 0.4/3.5 MB | 0.4/1.0 MB | 163/261 kBProgress (4): 176/282 kB | 0.4/3.5 MB | 0.4/1.0 MB | 179/261 kBProgress (4): 176/282 kB | 0.4/3.5 MB | 0.4/1.0 MB | 196/261 kBProgress (4): 176/282 kB | 0.4/3.5 MB | 0.4/1.0 MB | 212/261 kBProgress (4): 176/282 kB | 0.4/3.5 MB | 0.4/1.0 MB | 212/261 kBProgress (4): 176/282 kB | 0.4/3.5 MB | 0.4/1.0 MB | 212/261 kBProgress (4): 176/282 kB | 0.4/3.5 MB | 0.4/1.0 MB | 212/261 kBProgress (4): 176/282 kB | 0.4/3.5 MB | 0.4/1.0 MB | 212/261 kBProgress (4): 192/282 kB | 0.4/3.5 MB | 0.4/1.0 MB | 212/261 kBProgress (4): 200/282 kB | 0.4/3.5 MB | 0.4/1.0 MB | 212/261 kBProgress (4): 217/282 kB | 0.4/3.5 MB | 0.4/1.0 MB | 212/261 kBProgress (4): 233/282 kB | 0.4/3.5 MB | 0.4/1.0 MB | 212/261 kBProgress (4): 250/282 kB | 0.4/3.5 MB | 0.4/1.0 MB | 212/261 kBProgress (4): 258/282 kB | 0.4/3.5 MB | 0.4/1.0 MB | 212/261 kBProgress (4): 274/282 kB | 0.4/3.5 MB | 0.4/1.0 MB | 212/261 kBProgress (4): 282 kB | 0.4/3.5 MB | 0.4/1.0 MB | 212/261 kB    Progress (4): 282 kB | 0.4/3.5 MB | 0.5/1.0 MB | 212/261 kB                                                           Downloaded from central: https://repo.maven.apache.org/maven2/org/apache/tomcat/embed/tomcat-embed-websocket/10.1.20/tomcat-embed-websocket-10.1.20.jar (282 kB at 469 kB/s)
Progress (3): 0.4/3.5 MB | 0.5/1.0 MB | 228/261 kBProgress (3): 0.4/3.5 MB | 0.5/1.0 MB | 228/261 kBProgress (3): 0.4/3.5 MB | 0.5/1.0 MB | 245/261 kBProgress (3): 0.4/3.5 MB | 0.5/1.0 MB | 261 kB                                                  Downloading from central: https://repo.maven.apache.org/maven2/jakarta/validation/jakarta.validation-api/3.0.2/jakarta.validation-api-3.0.2.jar
Progress (4): 0.4/3.5 MB | 0.5/1.0 MB | 261 kB | 0/1.3 MBProgress (4): 0.4/3.5 MB | 0.5/1.0 MB | 261 kB | 0/1.3 MBProgress (4): 0.4/3.5 MB | 0.5/1.0 MB | 261 kB | 0/1.3 MBProgress (4): 0.4/3.5 MB | 0.5/1.0 MB | 261 kB | 0/1.3 MBProgress (4): 0.4/3.5 MB | 0.5/1.0 MB | 261 kB | 0.1/1.3 MBProgress (4): 0.4/3.5 MB | 0.5/1.0 MB | 261 kB | 0.1/1.3 MBProgress (4): 0.4/3.5 MB | 0.5/1.0 MB | 261 kB | 0.1/1.3 MB                                                           Downloaded from central: https://repo.maven.apache.org/maven2/org/apache/tomcat/embed/tomcat-embed-el/10.1.20/tomcat-embed-el-10.1.20.jar (261 kB at 421 kB/s)
Progress (3): 0.4/3.5 MB | 0.5/1.0 MB | 0.1/1.3 MB                                                  Downloading from central: https://repo.maven.apache.org/maven2/org/jboss/logging/jboss-logging/3.5.3.Final/jboss-logging-3.5.3.Final.jar
Progress (3): 0.4/3.5 MB | 0.5/1.0 MB | 0.1/1.3 MBProgress (3): 0.4/3.5 MB | 0.5/1.0 MB | 0.1/1.3 MBProgress (3): 0.4/3.5 MB | 0.5/1.0 MB | 0.1/1.3 MBProgress (3): 0.4/3.5 MB | 0.5/1.0 MB | 0.1/1.3 MBProgress (3): 0.4/3.5 MB | 0.5/1.0 MB | 0.1/1.3 MBProgress (3): 0.4/3.5 MB | 0.5/1.0 MB | 0.1/1.3 MBProgress (3): 0.5/3.5 MB | 0.5/1.0 MB | 0.1/1.3 MBProgress (3): 0.5/3.5 MB | 0.5/1.0 MB | 0.1/1.3 MBProgress (3): 0.5/3.5 MB | 0.5/1.0 MB | 0.1/1.3 MBProgress (3): 0.5/3.5 MB | 0.5/1.0 MB | 0.1/1.3 MBProgress (3): 0.5/3.5 MB | 0.5/1.0 MB | 0.1/1.3 MBProgress (3): 0.5/3.5 MB | 0.5/1.0 MB | 0.1/1.3 MBProgress (3): 0.5/3.5 MB | 0.5/1.0 MB | 0.2/1.3 MBProgress (3): 0.5/3.5 MB | 0.5/1.0 MB | 0.2/1.3 MBProgress (3): 0.5/3.5 MB | 0.5/1.0 MB | 0.2/1.3 MBProgress (3): 0.5/3.5 MB | 0.5/1.0 MB | 0.2/1.3 MBProgress (3): 0.6/3.5 MB | 0.5/1.0 MB | 0.2/1.3 MBProgress (3): 0.6/3.5 MB | 0.5/1.0 MB | 0.2/1.3 MBProgress (3): 0.6/3.5 MB | 0.5/1.0 MB | 0.2/1.3 MBProgress (3): 0.6/3.5 MB | 0.5/1.0 MB | 0.2/1.3 MBProgress (3): 0.6/3.5 MB | 0.5/1.0 MB | 0.2/1.3 MBProgress (3): 0.6/3.5 MB | 0.5/1.0 MB | 0.2/1.3 MBProgress (3): 0.6/3.5 MB | 0.5/1.0 MB | 0.2/1.3 MBProgress (3): 0.6/3.5 MB | 0.5/1.0 MB | 0.3/1.3 MBProgress (3): 0.6/3.5 MB | 0.5/1.0 MB | 0.3/1.3 MBProgress (3): 0.6/3.5 MB | 0.5/1.0 MB | 0.3/1.3 MBProgress (3): 0.6/3.5 MB | 0.5/1.0 MB | 0.3/1.3 MBProgress (3): 0.6/3.5 MB | 0.5/1.0 MB | 0.3/1.3 MBProgress (3): 0.6/3.5 MB | 0.5/1.0 MB | 0.3/1.3 MBProgress (3): 0.6/3.5 MB | 0.6/1.0 MB | 0.3/1.3 MBProgress (3): 0.6/3.5 MB | 0.6/1.0 MB | 0.3/1.3 MBProgress (3): 0.6/3.5 MB | 0.6/1.0 MB | 0.3/1.3 MBProgress (3): 0.6/3.5 MB | 0.6/1.0 MB | 0.3/1.3 MBProgress (3): 0.6/3.5 MB | 0.6/1.0 MB | 0.3/1.3 MBProgress (3): 0.6/3.5 MB | 0.6/1.0 MB | 0.3/1.3 MBProgress (3): 0.6/3.5 MB | 0.6/1.0 MB | 0.4/1.3 MBProgress (3): 0.6/3.5 MB | 0.6/1.0 MB | 0.4/1.3 MBProgress (3): 0.6/3.5 MB | 0.6/1.0 MB | 0.4/1.3 MBProgress (3): 0.6/3.5 MB | 0.6/1.0 MB | 0.4/1.3 MBProgress (3): 0.6/3.5 MB | 0.6/1.0 MB | 0.4/1.3 MBProgress (3): 0.7/3.5 MB | 0.6/1.0 MB | 0.4/1.3 MBProgress (3): 0.7/3.5 MB | 0.6/1.0 MB | 0.4/1.3 MBProgress (3): 0.7/3.5 MB | 0.6/1.0 MB | 0.4/1.3 MBProgress (3): 0.7/3.5 MB | 0.6/1.0 MB | 0.4/1.3 MBProgress (3): 0.7/3.5 MB | 0.6/1.0 MB | 0.4/1.3 MBProgress (3): 0.7/3.5 MB | 0.6/1.0 MB | 0.4/1.3 MBProgress (4): 0.7/3.5 MB | 0.6/1.0 MB | 0.4/1.3 MB | 7.7/93 kBProgress (4): 0.8/3.5 MB | 0.6/1.0 MB | 0.4/1.3 MB | 7.7/93 kBProgress (4): 0.8/3.5 MB | 0.6/1.0 MB | 0.4/1.3 MB | 7.7/93 kBProgress (4): 0.8/3.5 MB | 0.6/1.0 MB | 0.4/1.3 MB | 7.7/93 kBProgress (4): 0.8/3.5 MB | 0.6/1.0 MB | 0.4/1.3 MB | 7.7/93 kBProgress (4): 0.8/3.5 MB | 0.6/1.0 MB | 0.4/1.3 MB | 7.7/93 kBProgress (4): 0.8/3.5 MB | 0.7/1.0 MB | 0.4/1.3 MB | 7.7/93 kBProgress (4): 0.8/3.5 MB | 0.7/1.0 MB | 0.4/1.3 MB | 7.7/93 kBProgress (4): 0.8/3.5 MB | 0.7/1.0 MB | 0.4/1.3 MB | 7.7/93 kBProgress (4): 0.8/3.5 MB | 0.7/1.0 MB | 0.4/1.3 MB | 7.7/93 kBProgress (4): 0.8/3.5 MB | 0.7/1.0 MB | 0.4/1.3 MB | 7.7/93 kBProgress (4): 0.8/3.5 MB | 0.7/1.0 MB | 0.4/1.3 MB | 7.7/93 kBProgress (4): 0.8/3.5 MB | 0.8/1.0 MB | 0.4/1.3 MB | 7.7/93 kBProgress (4): 0.8/3.5 MB | 0.8/1.0 MB | 0.4/1.3 MB | 7.7/93 kBProgress (4): 0.8/3.5 MB | 0.8/1.0 MB | 0.4/1.3 MB | 7.7/93 kBProgress (4): 0.8/3.5 MB | 0.8/1.0 MB | 0.4/1.3 MB | 7.7/93 kBProgress (4): 0.8/3.5 MB | 0.8/1.0 MB | 0.4/1.3 MB | 7.7/93 kBProgress (4): 0.8/3.5 MB | 0.8/1.0 MB | 0.4/1.3 MB | 7.7/93 kBProgress (4): 0.8/3.5 MB | 0.8/1.0 MB | 0.4/1.3 MB | 7.7/93 kBProgress (4): 0.8/3.5 MB | 0.8/1.0 MB | 0.4/1.3 MB | 7.7/93 kBProgress (4): 0.8/3.5 MB | 0.8/1.0 MB | 0.4/1.3 MB | 7.7/93 kBProgress (4): 0.8/3.5 MB | 0.8/1.0 MB | 0.4/1.3 MB | 11/93 kB Progress (4): 0.8/3.5 MB | 0.8/1.0 MB | 0.4/1.3 MB | 11/93 kBProgress (4): 0.8/3.5 MB | 0.8/1.0 MB | 0.5/1.3 MB | 11/93 kBProgress (4): 0.8/3.5 MB | 0.8/1.0 MB | 0.5/1.3 MB | 11/93 kBProgress (4): 0.8/3.5 MB | 0.8/1.0 MB | 0.5/1.3 MB | 11/93 kBProgress (4): 0.8/3.5 MB | 0.8/1.0 MB | 0.5/1.3 MB | 11/93 kBProgress (4): 0.8/3.5 MB | 0.9/1.0 MB | 0.5/1.3 MB | 11/93 kBProgress (4): 0.8/3.5 MB | 0.9/1.0 MB | 0.5/1.3 MB | 11/93 kBProgress (4): 0.8/3.5 MB | 0.9/1.0 MB | 0.5/1.3 MB | 11/93 kBProgress (4): 0.9/3.5 MB | 0.9/1.0 MB | 0.5/1.3 MB | 11/93 kBProgress (5): 0.9/3.5 MB | 0.9/1.0 MB | 0.5/1.3 MB | 11/93 kB | 7.7/59 kBProgress (5): 0.9/3.5 MB | 0.9/1.0 MB | 0.5/1.3 MB | 11/93 kB | 16/59 kB Progress (5): 0.9/3.5 MB | 0.9/1.0 MB | 0.5/1.3 MB | 11/93 kB | 25/59 kBProgress (5): 0.9/3.5 MB | 0.9/1.0 MB | 0.5/1.3 MB | 11/93 kB | 41/59 kBProgress (5): 0.9/3.5 MB | 0.9/1.0 MB | 0.5/1.3 MB | 11/93 kB | 57/59 kBProgress (5): 0.9/3.5 MB | 0.9/1.0 MB | 0.5/1.3 MB | 11/93 kB | 59 kB   Progress (5): 0.9/3.5 MB | 0.9/1.0 MB | 0.5/1.3 MB | 11/93 kB | 59 kBProgress (5): 0.9/3.5 MB | 0.9/1.0 MB | 0.5/1.3 MB | 11/93 kB | 59 kBProgress (5): 0.9/3.5 MB | 0.9/1.0 MB | 0.5/1.3 MB | 11/93 kB | 59 kBProgress (5): 0.9/3.5 MB | 0.9/1.0 MB | 0.5/1.3 MB | 28/93 kB | 59 kBProgress (5): 0.9/3.5 MB | 0.9/1.0 MB | 0.5/1.3 MB | 28/93 kB | 59 kBProgress (5): 0.9/3.5 MB | 0.9/1.0 MB | 0.5/1.3 MB | 28/93 kB | 59 kBProgress (5): 0.9/3.5 MB | 0.9/1.0 MB | 0.5/1.3 MB | 28/93 kB | 59 kBProgress (5): 0.9/3.5 MB | 0.9/1.0 MB | 0.5/1.3 MB | 28/93 kB | 59 kB                                                                     Downloaded from central: https://repo.maven.apache.org/maven2/org/jboss/logging/jboss-logging/3.5.3.Final/jboss-logging-3.5.3.Final.jar (59 kB at 75 kB/s)
Downloading from central: https://repo.maven.apache.org/maven2/com/fasterxml/classmate/1.6.0/classmate-1.6.0.jar
Progress (4): 0.9/3.5 MB | 0.9/1.0 MB | 0.5/1.3 MB | 28/93 kBProgress (4): 0.9/3.5 MB | 0.9/1.0 MB | 0.5/1.3 MB | 28/93 kBProgress (4): 0.9/3.5 MB | 0.9/1.0 MB | 0.5/1.3 MB | 28/93 kBProgress (4): 0.9/3.5 MB | 0.9/1.0 MB | 0.5/1.3 MB | 28/93 kBProgress (4): 0.9/3.5 MB | 0.9/1.0 MB | 0.5/1.3 MB | 44/93 kBProgress (4): 0.9/3.5 MB | 0.9/1.0 MB | 0.5/1.3 MB | 61/93 kBProgress (4): 0.9/3.5 MB | 0.9/1.0 MB | 0.5/1.3 MB | 77/93 kBProgress (4): 0.9/3.5 MB | 0.9/1.0 MB | 0.6/1.3 MB | 77/93 kBProgress (4): 0.9/3.5 MB | 1.0/1.0 MB | 0.6/1.3 MB | 77/93 kBProgress (4): 0.9/3.5 MB | 1.0/1.0 MB | 0.6/1.3 MB | 77/93 kBProgress (4): 0.9/3.5 MB | 1.0/1.0 MB | 0.6/1.3 MB | 77/93 kBProgress (4): 0.9/3.5 MB | 1.0/1.0 MB | 0.6/1.3 MB | 77/93 kBProgress (4): 0.9/3.5 MB | 1.0/1.0 MB | 0.6/1.3 MB | 77/93 kBProgress (4): 0.9/3.5 MB | 1.0/1.0 MB | 0.6/1.3 MB | 77/93 kBProgress (4): 0.9/3.5 MB | 1.0/1.0 MB | 0.6/1.3 MB | 77/93 kBProgress (4): 0.9/3.5 MB | 1.0 MB | 0.6/1.3 MB | 77/93 kB    Progress (4): 0.9/3.5 MB | 1.0 MB | 0.6/1.3 MB | 77/93 kBProgress (4): 0.9/3.5 MB | 1.0 MB | 0.6/1.3 MB | 77/93 kBProgress (4): 0.9/3.5 MB | 1.0 MB | 0.6/1.3 MB | 93/93 kB                                                         Downloaded from central: https://repo.maven.apache.org/maven2/org/springframework/spring-webmvc/6.1.6/spring-webmvc-6.1.6.jar (1.0 MB at 1.3 MB/s)
Progress (3): 0.9/3.5 MB | 0.6/1.3 MB | 93/93 kB                                                Downloading from central: https://repo.maven.apache.org/maven2/org/mapstruct/mapstruct/1.5.5.Final/mapstruct-1.5.5.Final.jar
Progress (3): 0.9/3.5 MB | 0.6/1.3 MB | 93/93 kBProgress (3): 0.9/3.5 MB | 0.6/1.3 MB | 93 kB                                                Downloaded from central: https://repo.maven.apache.org/maven2/jakarta/validation/jakarta.validation-api/3.0.2/jakarta.validation-api-3.0.2.jar (93 kB at 114 kB/s)
Downloading from central: https://repo.maven.apache.org/maven2/com/bucket4j/bucket4j-core/8.10.1/bucket4j-core-8.10.1.jar
Progress (2): 0.9/3.5 MB | 0.6/1.3 MBProgress (2): 1.0/3.5 MB | 0.6/1.3 MBProgress (2): 1.0/3.5 MB | 0.6/1.3 MBProgress (2): 1.0/3.5 MB | 0.6/1.3 MBProgress (2): 1.0/3.5 MB | 0.7/1.3 MBProgress (2): 1.0/3.5 MB | 0.7/1.3 MBProgress (2): 1.0/3.5 MB | 0.7/1.3 MBProgress (2): 1.0/3.5 MB | 0.7/1.3 MBProgress (2): 1.0/3.5 MB | 0.7/1.3 MBProgress (2): 1.0/3.5 MB | 0.7/1.3 MBProgress (2): 1.0/3.5 MB | 0.7/1.3 MBProgress (2): 1.0/3.5 MB | 0.7/1.3 MBProgress (2): 1.0/3.5 MB | 0.7/1.3 MBProgress (2): 1.1/3.5 MB | 0.7/1.3 MBProgress (2): 1.1/3.5 MB | 0.7/1.3 MBProgress (2): 1.1/3.5 MB | 0.7/1.3 MBProgress (2): 1.1/3.5 MB | 0.8/1.3 MBProgress (2): 1.1/3.5 MB | 0.8/1.3 MBProgress (2): 1.1/3.5 MB | 0.8/1.3 MBProgress (2): 1.1/3.5 MB | 0.8/1.3 MBProgress (2): 1.1/3.5 MB | 0.8/1.3 MBProgress (2): 1.1/3.5 MB | 0.8/1.3 MBProgress (2): 1.1/3.5 MB | 0.8/1.3 MBProgress (2): 1.1/3.5 MB | 0.8/1.3 MBProgress (2): 1.1/3.5 MB | 0.9/1.3 MBProgress (2): 1.1/3.5 MB | 0.9/1.3 MBProgress (2): 1.1/3.5 MB | 0.9/1.3 MBProgress (2): 1.1/3.5 MB | 0.9/1.3 MBProgress (2): 1.1/3.5 MB | 0.9/1.3 MBProgress (2): 1.1/3.5 MB | 0.9/1.3 MBProgress (2): 1.1/3.5 MB | 0.9/1.3 MBProgress (2): 1.1/3.5 MB | 0.9/1.3 MBProgress (2): 1.1/3.5 MB | 1.0/1.3 MBProgress (2): 1.1/3.5 MB | 1.0/1.3 MBProgress (2): 1.1/3.5 MB | 1.0/1.3 MBProgress (2): 1.1/3.5 MB | 1.0/1.3 MBProgress (3): 1.1/3.5 MB | 1.0/1.3 MB | 7.7/69 kBProgress (3): 1.1/3.5 MB | 1.0/1.3 MB | 16/69 kB Progress (3): 1.1/3.5 MB | 1.0/1.3 MB | 16/69 kBProgress (3): 1.1/3.5 MB | 1.0/1.3 MB | 25/69 kBProgress (3): 1.1/3.5 MB | 1.0/1.3 MB | 41/69 kBProgress (3): 1.1/3.5 MB | 1.0/1.3 MB | 57/69 kBProgress (3): 1.1/3.5 MB | 1.0/1.3 MB | 69 kB                                                Downloaded from central: https://repo.maven.apache.org/maven2/com/fasterxml/classmate/1.6.0/classmate-1.6.0.jar (69 kB at 76 kB/s)
Progress (2): 1.1/3.5 MB | 1.0/1.3 MB                                     Downloading from central: https://repo.maven.apache.org/maven2/org/springframework/boot/spring-boot-starter-actuator/3.2.5/spring-boot-starter-actuator-3.2.5.jar
Progress (2): 1.2/3.5 MB | 1.0/1.3 MBProgress (2): 1.2/3.5 MB | 1.0/1.3 MBProgress (2): 1.2/3.5 MB | 1.0/1.3 MBProgress (2): 1.2/3.5 MB | 1.0/1.3 MBProgress (2): 1.2/3.5 MB | 1.1/1.3 MBProgress (2): 1.2/3.5 MB | 1.1/1.3 MBProgress (2): 1.2/3.5 MB | 1.1/1.3 MBProgress (2): 1.2/3.5 MB | 1.1/1.3 MBProgress (2): 1.2/3.5 MB | 1.1/1.3 MBProgress (2): 1.2/3.5 MB | 1.1/1.3 MBProgress (3): 1.2/3.5 MB | 1.1/1.3 MB | 7.7/29 kBProgress (3): 1.2/3.5 MB | 1.1/1.3 MB | 11/29 kB Progress (3): 1.2/3.5 MB | 1.1/1.3 MB | 28/29 kBProgress (3): 1.2/3.5 MB | 1.2/1.3 MB | 28/29 kBProgress (3): 1.2/3.5 MB | 1.2/1.3 MB | 28/29 kBProgress (3): 1.2/3.5 MB | 1.2/1.3 MB | 28/29 kBProgress (3): 1.2/3.5 MB | 1.2/1.3 MB | 28/29 kBProgress (4): 1.2/3.5 MB | 1.2/1.3 MB | 28/29 kB | 7.7/392 kBProgress (4): 1.2/3.5 MB | 1.2/1.3 MB | 28/29 kB | 8.2/392 kBProgress (4): 1.2/3.5 MB | 1.2/1.3 MB | 28/29 kB | 8.2/392 kBProgress (4): 1.2/3.5 MB | 1.2/1.3 MB | 28/29 kB | 25/392 kB Progress (4): 1.2/3.5 MB | 1.2/1.3 MB | 28/29 kB | 41/392 kBProgress (4): 1.2/3.5 MB | 1.2/1.3 MB | 28/29 kB | 57/392 kBProgress (4): 1.2/3.5 MB | 1.2/1.3 MB | 28/29 kB | 57/392 kBProgress (4): 1.2/3.5 MB | 1.2/1.3 MB | 28/29 kB | 57/392 kBProgress (4): 1.2/3.5 MB | 1.2/1.3 MB | 29 kB | 57/392 kB   Progress (4): 1.2/3.5 MB | 1.2/1.3 MB | 29 kB | 57/392 kBProgress (4): 1.2/3.5 MB | 1.2/1.3 MB | 29 kB | 57/392 kBProgress (4): 1.2/3.5 MB | 1.3/1.3 MB | 29 kB | 57/392 kB                                                         Downloaded from central: https://repo.maven.apache.org/maven2/org/mapstruct/mapstruct/1.5.5.Final/mapstruct-1.5.5.Final.jar (29 kB at 31 kB/s)
Downloading from central: https://repo.maven.apache.org/maven2/org/springframework/boot/spring-boot-actuator-autoconfigure/3.2.5/spring-boot-actuator-autoconfigure-3.2.5.jar
Progress (3): 1.2/3.5 MB | 1.3/1.3 MB | 74/392 kBProgress (3): 1.2/3.5 MB | 1.3/1.3 MB | 74/392 kBProgress (3): 1.2/3.5 MB | 1.3/1.3 MB | 74/392 kBProgress (3): 1.2/3.5 MB | 1.3/1.3 MB | 74/392 kBProgress (3): 1.2/3.5 MB | 1.3/1.3 MB | 74/392 kBProgress (3): 1.2/3.5 MB | 1.3/1.3 MB | 90/392 kBProgress (3): 1.2/3.5 MB | 1.3/1.3 MB | 106/392 kBProgress (3): 1.3/3.5 MB | 1.3/1.3 MB | 106/392 kBProgress (3): 1.3/3.5 MB | 1.3/1.3 MB | 106/392 kBProgress (3): 1.3/3.5 MB | 1.3 MB | 106/392 kB    Progress (3): 1.3/3.5 MB | 1.3 MB | 123/392 kBProgress (3): 1.3/3.5 MB | 1.3 MB | 139/392 kBProgress (3): 1.3/3.5 MB | 1.3 MB | 156/392 kBProgress (3): 1.3/3.5 MB | 1.3 MB | 172/392 kB                                              Downloaded from central: https://repo.maven.apache.org/maven2/org/hibernate/validator/hibernate-validator/8.0.1.Final/hibernate-validator-8.0.1.Final.jar (1.3 MB at 1.4 MB/s)
Progress (2): 1.3/3.5 MB | 172/392 kB                                     Downloading from central: https://repo.maven.apache.org/maven2/org/springframework/boot/spring-boot-actuator/3.2.5/spring-boot-actuator-3.2.5.jar
Progress (2): 1.3/3.5 MB | 188/392 kBProgress (2): 1.3/3.5 MB | 205/392 kBProgress (2): 1.3/3.5 MB | 205/392 kBProgress (2): 1.3/3.5 MB | 205/392 kBProgress (2): 1.3/3.5 MB | 205/392 kBProgress (2): 1.3/3.5 MB | 205/392 kBProgress (2): 1.4/3.5 MB | 205/392 kBProgress (2): 1.4/3.5 MB | 221/392 kBProgress (2): 1.4/3.5 MB | 221/392 kBProgress (2): 1.4/3.5 MB | 238/392 kBProgress (2): 1.4/3.5 MB | 242/392 kBProgress (2): 1.4/3.5 MB | 258/392 kBProgress (2): 1.4/3.5 MB | 274/392 kBProgress (2): 1.4/3.5 MB | 291/392 kBProgress (2): 1.4/3.5 MB | 307/392 kBProgress (2): 1.4/3.5 MB | 324/392 kBProgress (2): 1.4/3.5 MB | 340/392 kBProgress (2): 1.4/3.5 MB | 356/392 kBProgress (2): 1.4/3.5 MB | 373/392 kBProgress (2): 1.4/3.5 MB | 389/392 kBProgress (2): 1.4/3.5 MB | 392 kB                                     Downloaded from central: https://repo.maven.apache.org/maven2/com/bucket4j/bucket4j-core/8.10.1/bucket4j-core-8.10.1.jar (392 kB at 395 kB/s)
Downloading from central: https://repo.maven.apache.org/maven2/io/micrometer/micrometer-jakarta9/1.12.5/micrometer-jakarta9-1.12.5.jar
Progress (1): 1.4/3.5 MBProgress (1): 1.4/3.5 MBProgress (1): 1.4/3.5 MBProgress (1): 1.4/3.5 MBProgress (1): 1.4/3.5 MBProgress (1): 1.5/3.5 MBProgress (1): 1.5/3.5 MBProgress (1): 1.5/3.5 MBProgress (1): 1.5/3.5 MBProgress (1): 1.5/3.5 MBProgress (2): 1.5/3.5 MB | 4.8 kB                                 Downloaded from central: https://repo.maven.apache.org/maven2/org/springframework/boot/spring-boot-starter-actuator/3.2.5/spring-boot-starter-actuator-3.2.5.jar (4.8 kB at 4.8 kB/s)
Downloading from central: https://repo.maven.apache.org/maven2/io/micrometer/micrometer-registry-prometheus/1.12.5/micrometer-registry-prometheus-1.12.5.jar
Progress (1): 1.5/3.5 MBProgress (1): 1.6/3.5 MBProgress (1): 1.6/3.5 MBProgress (1): 1.6/3.5 MBProgress (1): 1.6/3.5 MBProgress (1): 1.6/3.5 MBProgress (1): 1.6/3.5 MBProgress (1): 1.6/3.5 MBProgress (1): 1.7/3.5 MBProgress (1): 1.7/3.5 MBProgress (1): 1.7/3.5 MBProgress (1): 1.7/3.5 MBProgress (1): 1.7/3.5 MBProgress (1): 1.7/3.5 MBProgress (1): 1.8/3.5 MBProgress (1): 1.8/3.5 MBProgress (1): 1.8/3.5 MBProgress (1): 1.8/3.5 MBProgress (1): 1.8/3.5 MBProgress (1): 1.8/3.5 MBProgress (1): 1.9/3.5 MBProgress (1): 1.9/3.5 MBProgress (1): 1.9/3.5 MBProgress (2): 1.9/3.5 MB | 7.7/756 kBProgress (2): 1.9/3.5 MB | 7.7/756 kBProgress (2): 1.9/3.5 MB | 16/756 kB Progress (2): 1.9/3.5 MB | 25/756 kBProgress (2): 1.9/3.5 MB | 25/756 kBProgress (2): 1.9/3.5 MB | 25/756 kBProgress (2): 1.9/3.5 MB | 41/756 kBProgress (3): 1.9/3.5 MB | 41/756 kB | 7.7/651 kBProgress (3): 1.9/3.5 MB | 41/756 kB | 11/651 kB Progress (3): 1.9/3.5 MB | 57/756 kB | 11/651 kBProgress (3): 1.9/3.5 MB | 74/756 kB | 11/651 kBProgress (3): 1.9/3.5 MB | 74/756 kB | 11/651 kBProgress (3): 1.9/3.5 MB | 90/756 kB | 11/651 kBProgress (4): 1.9/3.5 MB | 90/756 kB | 11/651 kB | 7.7/32 kBProgress (4): 1.9/3.5 MB | 90/756 kB | 11/651 kB | 16/32 kB Progress (4): 1.9/3.5 MB | 90/756 kB | 11/651 kB | 24/32 kBProgress (4): 2.0/3.5 MB | 90/756 kB | 11/651 kB | 24/32 kBProgress (4): 2.0/3.5 MB | 106/756 kB | 11/651 kB | 24/32 kBProgress (4): 2.0/3.5 MB | 106/756 kB | 28/651 kB | 24/32 kBProgress (4): 2.0/3.5 MB | 123/756 kB | 28/651 kB | 24/32 kBProgress (4): 2.0/3.5 MB | 123/756 kB | 44/651 kB | 24/32 kBProgress (4): 2.0/3.5 MB | 123/756 kB | 44/651 kB | 32 kB   Progress (4): 2.0/3.5 MB | 123/756 kB | 44/651 kB | 32 kB                                                         Downloaded from central: https://repo.maven.apache.org/maven2/io/micrometer/micrometer-jakarta9/1.12.5/micrometer-jakarta9-1.12.5.jar (32 kB at 29 kB/s)
Downloading from central: https://repo.maven.apache.org/maven2/io/prometheus/simpleclient_common/0.16.0/simpleclient_common-0.16.0.jar
Progress (4): 2.0/3.5 MB | 123/756 kB | 44/651 kB | 7.7/44 kBProgress (4): 2.0/3.5 MB | 123/756 kB | 44/651 kB | 8.2/44 kBProgress (4): 2.0/3.5 MB | 123/756 kB | 61/651 kB | 8.2/44 kBProgress (4): 2.0/3.5 MB | 139/756 kB | 61/651 kB | 8.2/44 kBProgress (4): 2.0/3.5 MB | 139/756 kB | 77/651 kB | 8.2/44 kBProgress (4): 2.0/3.5 MB | 139/756 kB | 93/651 kB | 8.2/44 kBProgress (4): 2.0/3.5 MB | 139/756 kB | 93/651 kB | 25/44 kB Progress (4): 2.0/3.5 MB | 139/756 kB | 93/651 kB | 25/44 kBProgress (4): 2.0/3.5 MB | 139/756 kB | 93/651 kB | 41/44 kBProgress (4): 2.0/3.5 MB | 156/756 kB | 93/651 kB | 41/44 kBProgress (4): 2.0/3.5 MB | 172/756 kB | 93/651 kB | 41/44 kBProgress (4): 2.0/3.5 MB | 188/756 kB | 93/651 kB | 41/44 kBProgress (4): 2.0/3.5 MB | 205/756 kB | 93/651 kB | 41/44 kBProgress (4): 2.0/3.5 MB | 221/756 kB | 93/651 kB | 41/44 kBProgress (4): 2.0/3.5 MB | 238/756 kB | 93/651 kB | 41/44 kBProgress (4): 2.0/3.5 MB | 254/756 kB | 93/651 kB | 41/44 kBProgress (4): 2.0/3.5 MB | 270/756 kB | 93/651 kB | 41/44 kBProgress (4): 2.0/3.5 MB | 287/756 kB | 93/651 kB | 41/44 kBProgress (4): 2.0/3.5 MB | 287/756 kB | 93/651 kB | 44 kB   Progress (4): 2.0/3.5 MB | 287/756 kB | 93/651 kB | 44 kBProgress (4): 2.0/3.5 MB | 303/756 kB | 93/651 kB | 44 kBProgress (4): 2.0/3.5 MB | 303/756 kB | 110/651 kB | 44 kBProgress (4): 2.0/3.5 MB | 303/756 kB | 126/651 kB | 44 kBProgress (4): 2.0/3.5 MB | 319/756 kB | 126/651 kB | 44 kBProgress (4): 2.0/3.5 MB | 336/756 kB | 126/651 kB | 44 kB                                                          Downloaded from central: https://repo.maven.apache.org/maven2/io/micrometer/micrometer-registry-prometheus/1.12.5/micrometer-registry-prometheus-1.12.5.jar (44 kB at 38 kB/s)
Downloading from central: https://repo.maven.apache.org/maven2/io/prometheus/simpleclient/0.16.0/simpleclient-0.16.0.jar
Progress (3): 2.0/3.5 MB | 336/756 kB | 126/651 kBProgress (3): 2.0/3.5 MB | 352/756 kB | 126/651 kBProgress (3): 2.0/3.5 MB | 352/756 kB | 142/651 kBProgress (3): 2.0/3.5 MB | 352/756 kB | 159/651 kBProgress (3): 2.0/3.5 MB | 352/756 kB | 175/651 kBProgress (3): 2.0/3.5 MB | 352/756 kB | 192/651 kBProgress (3): 2.0/3.5 MB | 352/756 kB | 208/651 kBProgress (3): 2.0/3.5 MB | 369/756 kB | 208/651 kBProgress (3): 2.0/3.5 MB | 369/756 kB | 208/651 kBProgress (3): 2.0/3.5 MB | 385/756 kB | 208/651 kBProgress (3): 2.0/3.5 MB | 401/756 kB | 208/651 kBProgress (3): 2.0/3.5 MB | 418/756 kB | 208/651 kBProgress (3): 2.0/3.5 MB | 418/756 kB | 224/651 kBProgress (3): 2.0/3.5 MB | 434/756 kB | 224/651 kBProgress (3): 2.1/3.5 MB | 434/756 kB | 224/651 kBProgress (3): 2.1/3.5 MB | 451/756 kB | 224/651 kBProgress (3): 2.1/3.5 MB | 451/756 kB | 233/651 kBProgress (3): 2.1/3.5 MB | 467/756 kB | 233/651 kBProgress (3): 2.1/3.5 MB | 467/756 kB | 233/651 kBProgress (3): 2.1/3.5 MB | 483/756 kB | 233/651 kBProgress (3): 2.1/3.5 MB | 483/756 kB | 250/651 kBProgress (3): 2.1/3.5 MB | 483/756 kB | 266/651 kBProgress (3): 2.1/3.5 MB | 483/756 kB | 282/651 kBProgress (3): 2.1/3.5 MB | 483/756 kB | 299/651 kBProgress (3): 2.1/3.5 MB | 483/756 kB | 315/651 kBProgress (3): 2.1/3.5 MB | 483/756 kB | 331/651 kBProgress (3): 2.1/3.5 MB | 483/756 kB | 348/651 kBProgress (3): 2.1/3.5 MB | 500/756 kB | 348/651 kBProgress (3): 2.1/3.5 MB | 516/756 kB | 348/651 kBProgress (3): 2.1/3.5 MB | 532/756 kB | 348/651 kBProgress (3): 2.1/3.5 MB | 549/756 kB | 348/651 kBProgress (3): 2.1/3.5 MB | 549/756 kB | 348/651 kBProgress (3): 2.1/3.5 MB | 565/756 kB | 348/651 kBProgress (3): 2.1/3.5 MB | 582/756 kB | 348/651 kBProgress (3): 2.1/3.5 MB | 582/756 kB | 364/651 kBProgress (3): 2.1/3.5 MB | 598/756 kB | 364/651 kBProgress (3): 2.1/3.5 MB | 614/756 kB | 364/651 kBProgress (3): 2.1/3.5 MB | 631/756 kB | 364/651 kBProgress (3): 2.1/3.5 MB | 631/756 kB | 364/651 kBProgress (4): 2.1/3.5 MB | 631/756 kB | 364/651 kB | 7.7/8.0 kBProgress (4): 2.1/3.5 MB | 631/756 kB | 381/651 kB | 7.7/8.0 kBProgress (4): 2.1/3.5 MB | 631/756 kB | 397/651 kB | 7.7/8.0 kBProgress (4): 2.1/3.5 MB | 631/756 kB | 397/651 kB | 8.0 kB                                                               Downloaded from central: https://repo.maven.apache.org/maven2/io/prometheus/simpleclient_common/0.16.0/simpleclient_common-0.16.0.jar (8.0 kB at 6.6 kB/s)
Downloading from central: https://repo.maven.apache.org/maven2/io/prometheus/simpleclient_tracer_otel/0.16.0/simpleclient_tracer_otel-0.16.0.jar
Progress (3): 2.1/3.5 MB | 647/756 kB | 397/651 kBProgress (3): 2.1/3.5 MB | 664/756 kB | 397/651 kBProgress (3): 2.1/3.5 MB | 680/756 kB | 397/651 kBProgress (3): 2.1/3.5 MB | 696/756 kB | 397/651 kBProgress (3): 2.1/3.5 MB | 696/756 kB | 397/651 kBProgress (3): 2.1/3.5 MB | 696/756 kB | 397/651 kBProgress (3): 2.1/3.5 MB | 713/756 kB | 397/651 kBProgress (3): 2.1/3.5 MB | 713/756 kB | 413/651 kBProgress (3): 2.1/3.5 MB | 713/756 kB | 430/651 kBProgress (3): 2.1/3.5 MB | 713/756 kB | 446/651 kBProgress (3): 2.1/3.5 MB | 729/756 kB | 446/651 kBProgress (3): 2.2/3.5 MB | 729/756 kB | 446/651 kBProgress (3): 2.2/3.5 MB | 745/756 kB | 446/651 kBProgress (3): 2.2/3.5 MB | 745/756 kB | 463/651 kBProgress (3): 2.2/3.5 MB | 745/756 kB | 479/651 kBProgress (3): 2.2/3.5 MB | 745/756 kB | 495/651 kBProgress (3): 2.2/3.5 MB | 756 kB | 495/651 kB                                                  Downloaded from central: https://repo.maven.apache.org/maven2/org/springframework/boot/spring-boot-actuator-autoconfigure/3.2.5/spring-boot-actuator-autoconfigure-3.2.5.jar (756 kB at 610 kB/s)
Downloading from central: https://repo.maven.apache.org/maven2/io/prometheus/simpleclient_tracer_common/0.16.0/simpleclient_tracer_common-0.16.0.jar
Progress (2): 2.2/3.5 MB | 495/651 kBProgress (2): 2.2/3.5 MB | 495/651 kBProgress (3): 2.2/3.5 MB | 495/651 kB | 7.7/90 kBProgress (3): 2.2/3.5 MB | 495/651 kB | 16/90 kB Progress (3): 2.2/3.5 MB | 512/651 kB | 16/90 kBProgress (3): 2.2/3.5 MB | 528/651 kB | 16/90 kBProgress (3): 2.2/3.5 MB | 544/651 kB | 16/90 kBProgress (3): 2.2/3.5 MB | 544/651 kB | 25/90 kBProgress (3): 2.2/3.5 MB | 544/651 kB | 41/90 kBProgress (3): 2.2/3.5 MB | 544/651 kB | 41/90 kBProgress (3): 2.2/3.5 MB | 544/651 kB | 57/90 kBProgress (3): 2.2/3.5 MB | 544/651 kB | 74/90 kBProgress (3): 2.2/3.5 MB | 561/651 kB | 74/90 kBProgress (3): 2.2/3.5 MB | 561/651 kB | 90/90 kBProgress (3): 2.2/3.5 MB | 561/651 kB | 90/90 kBProgress (3): 2.2/3.5 MB | 561/651 kB | 90 kB   Progress (3): 2.2/3.5 MB | 561/651 kB | 90 kBProgress (3): 2.3/3.5 MB | 561/651 kB | 90 kB                                             Downloaded from central: https://repo.maven.apache.org/maven2/io/prometheus/simpleclient/0.16.0/simpleclient-0.16.0.jar (90 kB at 71 kB/s)
Progress (2): 2.3/3.5 MB | 577/651 kBProgress (2): 2.3/3.5 MB | 594/651 kBProgress (2): 2.3/3.5 MB | 610/651 kB                                     Downloading from central: https://repo.maven.apache.org/maven2/io/prometheus/simpleclient_tracer_otel_agent/0.16.0/simpleclient_tracer_otel_agent-0.16.0.jar
Progress (2): 2.3/3.5 MB | 610/651 kBProgress (2): 2.3/3.5 MB | 626/651 kBProgress (2): 2.3/3.5 MB | 643/651 kBProgress (2): 2.3/3.5 MB | 651 kB    Progress (2): 2.3/3.5 MB | 651 kBProgress (2): 2.3/3.5 MB | 651 kB                                 Downloaded from central: https://repo.maven.apache.org/maven2/org/springframework/boot/spring-boot-actuator/3.2.5/spring-boot-actuator-3.2.5.jar (651 kB at 507 kB/s)
Progress (1): 2.3/3.5 MBProgress (1): 2.3/3.5 MB                        Downloading from central: https://repo.maven.apache.org/maven2/net/logstash/logback/logstash-logback-encoder/7.4/logstash-logback-encoder-7.4.jar
Progress (2): 2.3/3.5 MB | 3.1/4.3 kBProgress (2): 2.3/3.5 MB | 3.1/4.3 kBProgress (2): 2.4/3.5 MB | 3.1/4.3 kBProgress (2): 2.4/3.5 MB | 4.3 kB    Progress (2): 2.4/3.5 MB | 4.3 kB                                 Downloaded from central: https://repo.maven.apache.org/maven2/io/prometheus/simpleclient_tracer_otel/0.16.0/simpleclient_tracer_otel-0.16.0.jar (4.3 kB at 3.3 kB/s)
Progress (1): 2.4/3.5 MBProgress (1): 2.4/3.5 MBProgress (1): 2.4/3.5 MBProgress (1): 2.4/3.5 MBProgress (1): 2.5/3.5 MBProgress (1): 2.5/3.5 MBProgress (1): 2.5/3.5 MBProgress (1): 2.5/3.5 MBProgress (1): 2.5/3.5 MBProgress (1): 2.5/3.5 MBProgress (1): 2.6/3.5 MBProgress (1): 2.6/3.5 MBProgress (1): 2.6/3.5 MBProgress (1): 2.6/3.5 MBProgress (1): 2.6/3.5 MBProgress (1): 2.6/3.5 MBProgress (1): 2.7/3.5 MBProgress (1): 2.7/3.5 MBProgress (1): 2.7/3.5 MBProgress (1): 2.7/3.5 MBProgress (2): 2.7/3.5 MB | 3.4 kB                                 Downloaded from central: https://repo.maven.apache.org/maven2/io/prometheus/simpleclient_tracer_common/0.16.0/simpleclient_tracer_common-0.16.0.jar (3.4 kB at 2.5 kB/s)
Progress (1): 2.7/3.5 MBProgress (1): 2.7/3.5 MBProgress (1): 2.8/3.5 MBProgress (1): 2.8/3.5 MBProgress (1): 2.8/3.5 MBProgress (2): 2.8/3.5 MB | 4.6 kBProgress (2): 2.8/3.5 MB | 4.6 kB                                 Downloaded from central: https://repo.maven.apache.org/maven2/io/prometheus/simpleclient_tracer_otel_agent/0.16.0/simpleclient_tracer_otel_agent-0.16.0.jar (4.6 kB at 3.4 kB/s)
Progress (1): 2.8/3.5 MBProgress (1): 2.8/3.5 MBProgress (1): 2.9/3.5 MBProgress (1): 2.9/3.5 MBProgress (1): 2.9/3.5 MBProgress (1): 2.9/3.5 MBProgress (1): 2.9/3.5 MBProgress (1): 2.9/3.5 MBProgress (2): 2.9/3.5 MB | 7.7/436 kBProgress (2): 2.9/3.5 MB | 11/436 kB Progress (2): 2.9/3.5 MB | 28/436 kBProgress (2): 3.0/3.5 MB | 28/436 kBProgress (2): 3.0/3.5 MB | 44/436 kBProgress (2): 3.0/3.5 MB | 61/436 kBProgress (2): 3.0/3.5 MB | 61/436 kBProgress (2): 3.0/3.5 MB | 61/436 kBProgress (2): 3.0/3.5 MB | 61/436 kBProgress (2): 3.0/3.5 MB | 77/436 kBProgress (2): 3.0/3.5 MB | 93/436 kBProgress (2): 3.0/3.5 MB | 93/436 kBProgress (2): 3.0/3.5 MB | 110/436 kBProgress (2): 3.0/3.5 MB | 126/436 kBProgress (2): 3.0/3.5 MB | 142/436 kBProgress (2): 3.0/3.5 MB | 142/436 kBProgress (2): 3.1/3.5 MB | 142/436 kBProgress (2): 3.1/3.5 MB | 142/436 kBProgress (2): 3.1/3.5 MB | 142/436 kBProgress (2): 3.1/3.5 MB | 159/436 kBProgress (2): 3.1/3.5 MB | 159/436 kBProgress (2): 3.1/3.5 MB | 175/436 kBProgress (2): 3.1/3.5 MB | 175/436 kBProgress (2): 3.1/3.5 MB | 175/436 kBProgress (2): 3.2/3.5 MB | 175/436 kBProgress (2): 3.2/3.5 MB | 175/436 kBProgress (2): 3.2/3.5 MB | 175/436 kBProgress (2): 3.2/3.5 MB | 175/436 kBProgress (2): 3.2/3.5 MB | 175/436 kBProgress (2): 3.2/3.5 MB | 192/436 kBProgress (2): 3.2/3.5 MB | 208/436 kBProgress (2): 3.2/3.5 MB | 208/436 kBProgress (2): 3.3/3.5 MB | 208/436 kBProgress (2): 3.3/3.5 MB | 224/436 kBProgress (2): 3.3/3.5 MB | 224/436 kBProgress (2): 3.3/3.5 MB | 241/436 kBProgress (2): 3.3/3.5 MB | 241/436 kBProgress (2): 3.3/3.5 MB | 241/436 kBProgress (2): 3.3/3.5 MB | 241/436 kBProgress (2): 3.3/3.5 MB | 257/436 kBProgress (2): 3.3/3.5 MB | 274/436 kBProgress (2): 3.3/3.5 MB | 290/436 kBProgress (2): 3.3/3.5 MB | 306/436 kBProgress (2): 3.3/3.5 MB | 323/436 kBProgress (2): 3.3/3.5 MB | 339/436 kBProgress (2): 3.3/3.5 MB | 355/436 kBProgress (2): 3.3/3.5 MB | 372/436 kBProgress (2): 3.3/3.5 MB | 372/436 kBProgress (2): 3.3/3.5 MB | 372/436 kBProgress (2): 3.4/3.5 MB | 372/436 kBProgress (2): 3.4/3.5 MB | 372/436 kBProgress (2): 3.4/3.5 MB | 372/436 kBProgress (2): 3.4/3.5 MB | 388/436 kBProgress (2): 3.4/3.5 MB | 405/436 kBProgress (2): 3.4/3.5 MB | 421/436 kBProgress (2): 3.4/3.5 MB | 421/436 kBProgress (2): 3.4/3.5 MB | 421/436 kBProgress (2): 3.4/3.5 MB | 421/436 kBProgress (2): 3.5/3.5 MB | 421/436 kBProgress (2): 3.5/3.5 MB | 436 kB    Progress (2): 3.5/3.5 MB | 436 kBProgress (2): 3.5/3.5 MB | 436 kBProgress (2): 3.5/3.5 MB | 436 kBProgress (2): 3.5 MB | 436 kB                                 Downloaded from central: https://repo.maven.apache.org/maven2/org/apache/tomcat/embed/tomcat-embed-core/10.1.20/tomcat-embed-core-10.1.20.jar (3.5 MB at 2.4 MB/s)
Downloaded from central: https://repo.maven.apache.org/maven2/net/logstash/logback/logstash-logback-encoder/7.4/logstash-logback-encoder-7.4.jar (436 kB at 292 kB/s)
[INFO] 
[INFO] --- clean:3.3.2:clean (default-clean) @ api ---
[INFO] Deleting /app/api/target
[INFO] 
[INFO] --- resources:3.3.1:resources (default-resources) @ api ---
[INFO] Copying 1 resource from src/main/resources to target/classes
[INFO] Copying 1 resource from src/main/resources to target/classes
[INFO] 
[INFO] --- compiler:3.11.0:compile (default-compile) @ api ---
[INFO] Changes detected - recompiling the module! :dependency
[INFO] Compiling 22 source files with javac [debug release 21] to target/classes
[INFO] /app/api/src/main/java/com/restaurant/controller/AuthController.java: /app/api/src/main/java/com/restaurant/controller/AuthController.java uses or overrides a deprecated API.
[INFO] /app/api/src/main/java/com/restaurant/controller/AuthController.java: Recompile with -Xlint:deprecation for details.
[INFO] ------------------------------------------------------------------------
[INFO] Reactor Summary for restaurant-inventory-system 1.0.0-SNAPSHOT:
[INFO] 
[INFO] restaurant-inventory-system ........................ SUCCESS [  1.679 s]
[INFO] domain ............................................. SUCCESS [01:09 min]
[INFO] application ........................................ SUCCESS [ 39.535 s]
[INFO] infrastructure ..................................... SUCCESS [ 45.015 s]
[INFO] api ................................................ SUCCESS [ 33.694 s]
[INFO] ------------------------------------------------------------------------
[INFO] BUILD SUCCESS
[INFO] ------------------------------------------------------------------------
[INFO] Total time:  04:49 min
[INFO] Finished at: 2026-06-29T03:07:45Z
[INFO] ------------------------------------------------------------------------
